
===========================================================================
report_checks -path_delay max (Setup)
============================================================================
======================= min_ss_100C_1v60 Corner ===================================

Startpoint: _43_ (rising edge-triggered flip-flop clocked by clk_i)
Endpoint: counter_val_o[3] (output port clocked by clk_i)
Path Group: clk_i
Path Type: max

Fanout         Cap        Slew       Delay        Time   Description
---------------------------------------------------------------------------------------------
                                  0.000000    0.000000   clock clk_i (rise edge)
                                  0.000000    0.000000   clock source latency
     1    0.012533    0.098504    0.065094    0.065094 ^ clk_i (in)
                                                         clk_i (net)
                      0.098507    0.000000    0.065094 ^ clkbuf_0_clk_i/A (sky130_fd_sc_hd__clkbuf_16)
     2    0.019029    0.066214    0.233221    0.298316 ^ clkbuf_0_clk_i/X (sky130_fd_sc_hd__clkbuf_16)
                                                         clknet_0_clk_i (net)
                      0.066214    0.000268    0.298584 ^ clkbuf_1_0__f_clk_i/A (sky130_fd_sc_hd__clkbuf_16)
     5    0.014577    0.060677    0.212146    0.510730 ^ clkbuf_1_0__f_clk_i/X (sky130_fd_sc_hd__clkbuf_16)
                                                         clknet_1_0__leaf_clk_i (net)
                      0.060677    0.000363    0.511093 ^ _43_/CLK (sky130_fd_sc_hd__dfxtp_2)
     3    0.038976    0.318671    0.841198    1.352292 ^ _43_/Q (sky130_fd_sc_hd__dfxtp_2)
                                                         counter_val_o[3] (net)
                      0.318671    0.000358    1.352649 ^ counter_val_o[3] (out)
                                              1.352649   data arrival time

                                 20.000000   20.000000   clock clk_i (rise edge)
                                  0.000000   20.000000   clock network delay (propagated)
                                 -0.100000   19.900000   clock uncertainty
                                  0.000000   19.900000   clock reconvergence pessimism
                                 -4.000000   15.900000   output external delay
                                             15.900000   data required time
---------------------------------------------------------------------------------------------
                                             15.900000   data required time
                                             -1.352649   data arrival time
---------------------------------------------------------------------------------------------
                                             14.547350   slack (MET)


Startpoint: _39_ (rising edge-triggered flip-flop clocked by clk_i)
Endpoint: counter_val_o[7] (output port clocked by clk_i)
Path Group: clk_i
Path Type: max

Fanout         Cap        Slew       Delay        Time   Description
---------------------------------------------------------------------------------------------
                                  0.000000    0.000000   clock clk_i (rise edge)
                                  0.000000    0.000000   clock source latency
     1    0.012533    0.098504    0.065094    0.065094 ^ clk_i (in)
                                                         clk_i (net)
                      0.098507    0.000000    0.065094 ^ clkbuf_0_clk_i/A (sky130_fd_sc_hd__clkbuf_16)
     2    0.019029    0.066214    0.233221    0.298316 ^ clkbuf_0_clk_i/X (sky130_fd_sc_hd__clkbuf_16)
                                                         clknet_0_clk_i (net)
                      0.066214    0.000290    0.298605 ^ clkbuf_1_1__f_clk_i/A (sky130_fd_sc_hd__clkbuf_16)
     4    0.012004    0.057457    0.208493    0.507098 ^ clkbuf_1_1__f_clk_i/X (sky130_fd_sc_hd__clkbuf_16)
                                                         clknet_1_1__leaf_clk_i (net)
                      0.057457    0.000318    0.507416 ^ _39_/CLK (sky130_fd_sc_hd__dfxtp_2)
     3    0.039837    0.325247    0.844519    1.351936 ^ _39_/Q (sky130_fd_sc_hd__dfxtp_2)
                                                         counter_val_o[7] (net)
                      0.325247    0.000350    1.352285 ^ counter_val_o[7] (out)
                                              1.352285   data arrival time

                                 20.000000   20.000000   clock clk_i (rise edge)
                                  0.000000   20.000000   clock network delay (propagated)
                                 -0.100000   19.900000   clock uncertainty
                                  0.000000   19.900000   clock reconvergence pessimism
                                 -4.000000   15.900000   output external delay
                                             15.900000   data required time
---------------------------------------------------------------------------------------------
                                             15.900000   data required time
                                             -1.352285   data arrival time
---------------------------------------------------------------------------------------------
                                             14.547714   slack (MET)


Startpoint: _40_ (rising edge-triggered flip-flop clocked by clk_i)
Endpoint: counter_val_o[0] (output port clocked by clk_i)
Path Group: clk_i
Path Type: max

Fanout         Cap        Slew       Delay        Time   Description
---------------------------------------------------------------------------------------------
                                  0.000000    0.000000   clock clk_i (rise edge)
                                  0.000000    0.000000   clock source latency
     1    0.012533    0.098504    0.065094    0.065094 ^ clk_i (in)
                                                         clk_i (net)
                      0.098507    0.000000    0.065094 ^ clkbuf_0_clk_i/A (sky130_fd_sc_hd__clkbuf_16)
     2    0.019029    0.066214    0.233221    0.298316 ^ clkbuf_0_clk_i/X (sky130_fd_sc_hd__clkbuf_16)
                                                         clknet_0_clk_i (net)
                      0.066214    0.000268    0.298584 ^ clkbuf_1_0__f_clk_i/A (sky130_fd_sc_hd__clkbuf_16)
     5    0.014577    0.060677    0.212146    0.510730 ^ clkbuf_1_0__f_clk_i/X (sky130_fd_sc_hd__clkbuf_16)
                                                         clknet_1_0__leaf_clk_i (net)
                      0.060677    0.000367    0.511096 ^ _40_/CLK (sky130_fd_sc_hd__dfxtp_4)
     7    0.050133    0.242566    0.834260    1.345356 ^ _40_/Q (sky130_fd_sc_hd__dfxtp_4)
                                                         counter_val_o[0] (net)
                      0.242566    0.000712    1.346068 ^ counter_val_o[0] (out)
                                              1.346068   data arrival time

                                 20.000000   20.000000   clock clk_i (rise edge)
                                  0.000000   20.000000   clock network delay (propagated)
                                 -0.100000   19.900000   clock uncertainty
                                  0.000000   19.900000   clock reconvergence pessimism
                                 -4.000000   15.900000   output external delay
                                             15.900000   data required time
---------------------------------------------------------------------------------------------
                                             15.900000   data required time
                                             -1.346068   data arrival time
---------------------------------------------------------------------------------------------
                                             14.553932   slack (MET)


Startpoint: _45_ (rising edge-triggered flip-flop clocked by clk_i)
Endpoint: counter_val_o[5] (output port clocked by clk_i)
Path Group: clk_i
Path Type: max

Fanout         Cap        Slew       Delay        Time   Description
---------------------------------------------------------------------------------------------
                                  0.000000    0.000000   clock clk_i (rise edge)
                                  0.000000    0.000000   clock source latency
     1    0.012533    0.098504    0.065094    0.065094 ^ clk_i (in)
                                                         clk_i (net)
                      0.098507    0.000000    0.065094 ^ clkbuf_0_clk_i/A (sky130_fd_sc_hd__clkbuf_16)
     2    0.019029    0.066214    0.233221    0.298316 ^ clkbuf_0_clk_i/X (sky130_fd_sc_hd__clkbuf_16)
                                                         clknet_0_clk_i (net)
                      0.066214    0.000290    0.298605 ^ clkbuf_1_1__f_clk_i/A (sky130_fd_sc_hd__clkbuf_16)
     4    0.012004    0.057457    0.208493    0.507098 ^ clkbuf_1_1__f_clk_i/X (sky130_fd_sc_hd__clkbuf_16)
                                                         clknet_1_1__leaf_clk_i (net)
                      0.057457    0.000256    0.507355 ^ _45_/CLK (sky130_fd_sc_hd__dfxtp_2)
     3    0.038636    0.316067    0.837886    1.345241 ^ _45_/Q (sky130_fd_sc_hd__dfxtp_2)
                                                         counter_val_o[5] (net)
                      0.316067    0.000314    1.345555 ^ counter_val_o[5] (out)
                                              1.345555   data arrival time

                                 20.000000   20.000000   clock clk_i (rise edge)
                                  0.000000   20.000000   clock network delay (propagated)
                                 -0.100000   19.900000   clock uncertainty
                                  0.000000   19.900000   clock reconvergence pessimism
                                 -4.000000   15.900000   output external delay
                                             15.900000   data required time
---------------------------------------------------------------------------------------------
                                             15.900000   data required time
                                             -1.345555   data arrival time
---------------------------------------------------------------------------------------------
                                             14.554445   slack (MET)


Startpoint: _41_ (rising edge-triggered flip-flop clocked by clk_i)
Endpoint: counter_val_o[1] (output port clocked by clk_i)
Path Group: clk_i
Path Type: max

Fanout         Cap        Slew       Delay        Time   Description
---------------------------------------------------------------------------------------------
                                  0.000000    0.000000   clock clk_i (rise edge)
                                  0.000000    0.000000   clock source latency
     1    0.012533    0.098504    0.065094    0.065094 ^ clk_i (in)
                                                         clk_i (net)
                      0.098507    0.000000    0.065094 ^ clkbuf_0_clk_i/A (sky130_fd_sc_hd__clkbuf_16)
     2    0.019029    0.066214    0.233221    0.298316 ^ clkbuf_0_clk_i/X (sky130_fd_sc_hd__clkbuf_16)
                                                         clknet_0_clk_i (net)
                      0.066214    0.000268    0.298584 ^ clkbuf_1_0__f_clk_i/A (sky130_fd_sc_hd__clkbuf_16)
     5    0.014577    0.060677    0.212146    0.510730 ^ clkbuf_1_0__f_clk_i/X (sky130_fd_sc_hd__clkbuf_16)
                                                         clknet_1_0__leaf_clk_i (net)
                      0.060677    0.000382    0.511111 ^ _41_/CLK (sky130_fd_sc_hd__dfxtp_4)
     6    0.047835    0.232959    0.827244    1.338356 ^ _41_/Q (sky130_fd_sc_hd__dfxtp_4)
                                                         counter_val_o[1] (net)
                      0.232959    0.000375    1.338731 ^ counter_val_o[1] (out)
                                              1.338731   data arrival time

                                 20.000000   20.000000   clock clk_i (rise edge)
                                  0.000000   20.000000   clock network delay (propagated)
                                 -0.100000   19.900000   clock uncertainty
                                  0.000000   19.900000   clock reconvergence pessimism
                                 -4.000000   15.900000   output external delay
                                             15.900000   data required time
---------------------------------------------------------------------------------------------
                                             15.900000   data required time
                                             -1.338731   data arrival time
---------------------------------------------------------------------------------------------
                                             14.561269   slack (MET)


Startpoint: _38_ (rising edge-triggered flip-flop clocked by clk_i)
Endpoint: counter_val_o[6] (output port clocked by clk_i)
Path Group: clk_i
Path Type: max

Fanout         Cap        Slew       Delay        Time   Description
---------------------------------------------------------------------------------------------
                                  0.000000    0.000000   clock clk_i (rise edge)
                                  0.000000    0.000000   clock source latency
     1    0.012533    0.098504    0.065094    0.065094 ^ clk_i (in)
                                                         clk_i (net)
                      0.098507    0.000000    0.065094 ^ clkbuf_0_clk_i/A (sky130_fd_sc_hd__clkbuf_16)
     2    0.019029    0.066214    0.233221    0.298316 ^ clkbuf_0_clk_i/X (sky130_fd_sc_hd__clkbuf_16)
                                                         clknet_0_clk_i (net)
                      0.066214    0.000290    0.298605 ^ clkbuf_1_1__f_clk_i/A (sky130_fd_sc_hd__clkbuf_16)
     4    0.012004    0.057457    0.208493    0.507098 ^ clkbuf_1_1__f_clk_i/X (sky130_fd_sc_hd__clkbuf_16)
                                                         clknet_1_1__leaf_clk_i (net)
                      0.057457    0.000307    0.507405 ^ _38_/CLK (sky130_fd_sc_hd__dfxtp_4)
     5    0.045960    0.225319    0.819458    1.326864 ^ _38_/Q (sky130_fd_sc_hd__dfxtp_4)
                                                         counter_val_o[6] (net)
                      0.225321    0.001157    1.328021 ^ counter_val_o[6] (out)
                                              1.328021   data arrival time

                                 20.000000   20.000000   clock clk_i (rise edge)
                                  0.000000   20.000000   clock network delay (propagated)
                                 -0.100000   19.900000   clock uncertainty
                                  0.000000   19.900000   clock reconvergence pessimism
                                 -4.000000   15.900000   output external delay
                                             15.900000   data required time
---------------------------------------------------------------------------------------------
                                             15.900000   data required time
                                             -1.328021   data arrival time
---------------------------------------------------------------------------------------------
                                             14.571980   slack (MET)


Startpoint: _44_ (rising edge-triggered flip-flop clocked by clk_i)
Endpoint: counter_val_o[4] (output port clocked by clk_i)
Path Group: clk_i
Path Type: max

Fanout         Cap        Slew       Delay        Time   Description
---------------------------------------------------------------------------------------------
                                  0.000000    0.000000   clock clk_i (rise edge)
                                  0.000000    0.000000   clock source latency
     1    0.012533    0.098504    0.065094    0.065094 ^ clk_i (in)
                                                         clk_i (net)
                      0.098507    0.000000    0.065094 ^ clkbuf_0_clk_i/A (sky130_fd_sc_hd__clkbuf_16)
     2    0.019029    0.066214    0.233221    0.298316 ^ clkbuf_0_clk_i/X (sky130_fd_sc_hd__clkbuf_16)
                                                         clknet_0_clk_i (net)
                      0.066214    0.000290    0.298605 ^ clkbuf_1_1__f_clk_i/A (sky130_fd_sc_hd__clkbuf_16)
     4    0.012004    0.057457    0.208493    0.507098 ^ clkbuf_1_1__f_clk_i/X (sky130_fd_sc_hd__clkbuf_16)
                                                         clknet_1_1__leaf_clk_i (net)
                      0.057457    0.000261    0.507360 ^ _44_/CLK (sky130_fd_sc_hd__dfxtp_4)
     5    0.045752    0.224370    0.819096    1.326456 ^ _44_/Q (sky130_fd_sc_hd__dfxtp_4)
                                                         counter_val_o[4] (net)
                      0.224370    0.000683    1.327138 ^ counter_val_o[4] (out)
                                              1.327138   data arrival time

                                 20.000000   20.000000   clock clk_i (rise edge)
                                  0.000000   20.000000   clock network delay (propagated)
                                 -0.100000   19.900000   clock uncertainty
                                  0.000000   19.900000   clock reconvergence pessimism
                                 -4.000000   15.900000   output external delay
                                             15.900000   data required time
---------------------------------------------------------------------------------------------
                                             15.900000   data required time
                                             -1.327138   data arrival time
---------------------------------------------------------------------------------------------
                                             14.572862   slack (MET)


Startpoint: _42_ (rising edge-triggered flip-flop clocked by clk_i)
Endpoint: counter_val_o[2] (output port clocked by clk_i)
Path Group: clk_i
Path Type: max

Fanout         Cap        Slew       Delay        Time   Description
---------------------------------------------------------------------------------------------
                                  0.000000    0.000000   clock clk_i (rise edge)
                                  0.000000    0.000000   clock source latency
     1    0.012533    0.098504    0.065094    0.065094 ^ clk_i (in)
                                                         clk_i (net)
                      0.098507    0.000000    0.065094 ^ clkbuf_0_clk_i/A (sky130_fd_sc_hd__clkbuf_16)
     2    0.019029    0.066214    0.233221    0.298316 ^ clkbuf_0_clk_i/X (sky130_fd_sc_hd__clkbuf_16)
                                                         clknet_0_clk_i (net)
                      0.066214    0.000268    0.298584 ^ clkbuf_1_0__f_clk_i/A (sky130_fd_sc_hd__clkbuf_16)
     5    0.014577    0.060677    0.212146    0.510730 ^ clkbuf_1_0__f_clk_i/X (sky130_fd_sc_hd__clkbuf_16)
                                                         clknet_1_0__leaf_clk_i (net)
                      0.060677    0.000378    0.511108 ^ _42_/CLK (sky130_fd_sc_hd__dfxtp_4)
     4    0.041658    0.207414    0.807715    1.318824 ^ _42_/Q (sky130_fd_sc_hd__dfxtp_4)
                                                         counter_val_o[2] (net)
                      0.207414    0.000610    1.319434 ^ counter_val_o[2] (out)
                                              1.319434   data arrival time

                                 20.000000   20.000000   clock clk_i (rise edge)
                                  0.000000   20.000000   clock network delay (propagated)
                                 -0.100000   19.900000   clock uncertainty
                                  0.000000   19.900000   clock reconvergence pessimism
                                 -4.000000   15.900000   output external delay
                                             15.900000   data required time
---------------------------------------------------------------------------------------------
                                             15.900000   data required time
                                             -1.319434   data arrival time
---------------------------------------------------------------------------------------------
                                             14.580566   slack (MET)


Startpoint: rst_i (input port clocked by clk_i)
Endpoint: _39_ (rising edge-triggered flip-flop clocked by clk_i)
Path Group: clk_i
Path Type: max

Fanout         Cap        Slew       Delay        Time   Description
---------------------------------------------------------------------------------------------
                                  0.000000    0.000000   clock clk_i (rise edge)
                                  0.000000    0.000000   clock network delay (propagated)
                                  4.000000    4.000000 v input external delay
     1    0.002432    0.017067    0.008059    4.008060 v rst_i (in)
                                                         rst_i (net)
                      0.017067    0.000000    4.008060 v input1/A (sky130_fd_sc_hd__buf_2)
     8    0.033506    0.163038    0.317928    4.325988 v input1/X (sky130_fd_sc_hd__buf_2)
                                                         net1 (net)
                      0.163053    0.001704    4.327692 v _25_/B1 (sky130_fd_sc_hd__a31o_1)
     1    0.003744    0.074346    0.377287    4.704979 v _25_/X (sky130_fd_sc_hd__a31o_1)
                                                         _13_ (net)
                      0.074346    0.000049    4.705029 v _26_/B (sky130_fd_sc_hd__nor2_1)
     1    0.001962    0.110364    0.124311    4.829340 ^ _26_/Y (sky130_fd_sc_hd__nor2_1)
                                                         _01_ (net)
                      0.110364    0.000017    4.829357 ^ _39_/D (sky130_fd_sc_hd__dfxtp_2)
                                              4.829357   data arrival time

                                 20.000000   20.000000   clock clk_i (rise edge)
                                  0.000000   20.000000   clock source latency
     1    0.012533    0.098504    0.065095   20.065096 ^ clk_i (in)
                                                         clk_i (net)
                      0.098507    0.000000   20.065096 ^ clkbuf_0_clk_i/A (sky130_fd_sc_hd__clkbuf_16)
     2    0.019029    0.066214    0.233221   20.298317 ^ clkbuf_0_clk_i/X (sky130_fd_sc_hd__clkbuf_16)
                                                         clknet_0_clk_i (net)
                      0.066214    0.000290   20.298607 ^ clkbuf_1_1__f_clk_i/A (sky130_fd_sc_hd__clkbuf_16)
     4    0.012004    0.057457    0.208493   20.507099 ^ clkbuf_1_1__f_clk_i/X (sky130_fd_sc_hd__clkbuf_16)
                                                         clknet_1_1__leaf_clk_i (net)
                      0.057457    0.000318   20.507418 ^ _39_/CLK (sky130_fd_sc_hd__dfxtp_2)
                                 -0.100000   20.407417   clock uncertainty
                                  0.000000   20.407417   clock reconvergence pessimism
                                 -0.153818   20.253599   library setup time
                                             20.253599   data required time
---------------------------------------------------------------------------------------------
                                             20.253599   data required time
                                             -4.829357   data arrival time
---------------------------------------------------------------------------------------------
                                             15.424242   slack (MET)


Startpoint: rst_i (input port clocked by clk_i)
Endpoint: _43_ (rising edge-triggered flip-flop clocked by clk_i)
Path Group: clk_i
Path Type: max

Fanout         Cap        Slew       Delay        Time   Description
---------------------------------------------------------------------------------------------
                                  0.000000    0.000000   clock clk_i (rise edge)
                                  0.000000    0.000000   clock network delay (propagated)
                                  4.000000    4.000000 ^ input external delay
     1    0.002560    0.030672    0.014508    4.014507 ^ rst_i (in)
                                                         rst_i (net)
                      0.030672    0.000000    4.014507 ^ input1/A (sky130_fd_sc_hd__buf_2)
     8    0.035299    0.279826    0.330598    4.345106 ^ input1/X (sky130_fd_sc_hd__buf_2)
                                                         net1 (net)
                      0.279913    0.000605    4.345711 ^ _32_/A (sky130_fd_sc_hd__nor2_1)
     1    0.003928    0.083366    0.171890    4.517601 v _32_/Y (sky130_fd_sc_hd__nor2_1)
                                                         _16_ (net)
                      0.083366    0.000057    4.517658 v _33_/B1 (sky130_fd_sc_hd__o21a_1)
     1    0.002806    0.065071    0.193155    4.710813 v _33_/X (sky130_fd_sc_hd__o21a_1)
                                                         _05_ (net)
                      0.065071    0.000036    4.710849 v _43_/D (sky130_fd_sc_hd__dfxtp_2)
                                              4.710849   data arrival time

                                 20.000000   20.000000   clock clk_i (rise edge)
                                  0.000000   20.000000   clock source latency
     1    0.012533    0.098504    0.065095   20.065096 ^ clk_i (in)
                                                         clk_i (net)
                      0.098507    0.000000   20.065096 ^ clkbuf_0_clk_i/A (sky130_fd_sc_hd__clkbuf_16)
     2    0.019029    0.066214    0.233221   20.298317 ^ clkbuf_0_clk_i/X (sky130_fd_sc_hd__clkbuf_16)
                                                         clknet_0_clk_i (net)
                      0.066214    0.000268   20.298584 ^ clkbuf_1_0__f_clk_i/A (sky130_fd_sc_hd__clkbuf_16)
     5    0.014577    0.060677    0.212145   20.510729 ^ clkbuf_1_0__f_clk_i/X (sky130_fd_sc_hd__clkbuf_16)
                                                         clknet_1_0__leaf_clk_i (net)
                      0.060677    0.000364   20.511093 ^ _43_/CLK (sky130_fd_sc_hd__dfxtp_2)
                                 -0.100000   20.411095   clock uncertainty
                                  0.000000   20.411095   clock reconvergence pessimism
                                 -0.274861   20.136232   library setup time
                                             20.136232   data required time
---------------------------------------------------------------------------------------------
                                             20.136232   data required time
                                             -4.710849   data arrival time
---------------------------------------------------------------------------------------------
                                             15.425385   slack (MET)


Startpoint: rst_i (input port clocked by clk_i)
Endpoint: _38_ (rising edge-triggered flip-flop clocked by clk_i)
Path Group: clk_i
Path Type: max

Fanout         Cap        Slew       Delay        Time   Description
---------------------------------------------------------------------------------------------
                                  0.000000    0.000000   clock clk_i (rise edge)
                                  0.000000    0.000000   clock network delay (propagated)
                                  4.000000    4.000000 ^ input external delay
     1    0.002560    0.030672    0.014508    4.014507 ^ rst_i (in)
                                                         rst_i (net)
                      0.030672    0.000000    4.014507 ^ input1/A (sky130_fd_sc_hd__buf_2)
     8    0.035299    0.279826    0.330598    4.345106 ^ input1/X (sky130_fd_sc_hd__buf_2)
                                                         net1 (net)
                      0.279929    0.001850    4.346955 ^ _22_/B1 (sky130_fd_sc_hd__a21oi_1)
     1    0.002725    0.100192    0.141014    4.487970 v _22_/Y (sky130_fd_sc_hd__a21oi_1)
                                                         _11_ (net)
                      0.100192    0.000014    4.487984 v _23_/B1 (sky130_fd_sc_hd__o21a_1)
     1    0.002442    0.061714    0.197392    4.685376 v _23_/X (sky130_fd_sc_hd__o21a_1)
                                                         _00_ (net)
                      0.061714    0.000028    4.685404 v _38_/D (sky130_fd_sc_hd__dfxtp_4)
                                              4.685404   data arrival time

                                 20.000000   20.000000   clock clk_i (rise edge)
                                  0.000000   20.000000   clock source latency
     1    0.012533    0.098504    0.065095   20.065096 ^ clk_i (in)
                                                         clk_i (net)
                      0.098507    0.000000   20.065096 ^ clkbuf_0_clk_i/A (sky130_fd_sc_hd__clkbuf_16)
     2    0.019029    0.066214    0.233221   20.298317 ^ clkbuf_0_clk_i/X (sky130_fd_sc_hd__clkbuf_16)
                                                         clknet_0_clk_i (net)
                      0.066214    0.000290   20.298607 ^ clkbuf_1_1__f_clk_i/A (sky130_fd_sc_hd__clkbuf_16)
     4    0.012004    0.057457    0.208493   20.507099 ^ clkbuf_1_1__f_clk_i/X (sky130_fd_sc_hd__clkbuf_16)
                                                         clknet_1_1__leaf_clk_i (net)
                      0.057457    0.000307   20.507406 ^ _38_/CLK (sky130_fd_sc_hd__dfxtp_4)
                                 -0.100000   20.407406   clock uncertainty
                                  0.000000   20.407406   clock reconvergence pessimism
                                 -0.272623   20.134783   library setup time
                                             20.134783   data required time
---------------------------------------------------------------------------------------------
                                             20.134783   data required time
                                             -4.685404   data arrival time
---------------------------------------------------------------------------------------------
                                             15.449379   slack (MET)


Startpoint: rst_i (input port clocked by clk_i)
Endpoint: _44_ (rising edge-triggered flip-flop clocked by clk_i)
Path Group: clk_i
Path Type: max

Fanout         Cap        Slew       Delay        Time   Description
---------------------------------------------------------------------------------------------
                                  0.000000    0.000000   clock clk_i (rise edge)
                                  0.000000    0.000000   clock network delay (propagated)
                                  4.000000    4.000000 ^ input external delay
     1    0.002560    0.030672    0.014508    4.014507 ^ rst_i (in)
                                                         rst_i (net)
                      0.030672    0.000000    4.014507 ^ input1/A (sky130_fd_sc_hd__buf_2)
     8    0.035299    0.279826    0.330598    4.345106 ^ input1/X (sky130_fd_sc_hd__buf_2)
                                                         net1 (net)
                      0.279927    0.001786    4.346892 ^ _34_/B1 (sky130_fd_sc_hd__a21oi_1)
     1    0.003239    0.102493    0.147750    4.494642 v _34_/Y (sky130_fd_sc_hd__a21oi_1)
                                                         _17_ (net)
                      0.102493    0.000035    4.494676 v _35_/B1 (sky130_fd_sc_hd__o21a_1)
     1    0.001826    0.056509    0.191841    4.686518 v _35_/X (sky130_fd_sc_hd__o21a_1)
                                                         _06_ (net)
                      0.056509    0.000016    4.686534 v _44_/D (sky130_fd_sc_hd__dfxtp_4)
                                              4.686534   data arrival time

                                 20.000000   20.000000   clock clk_i (rise edge)
                                  0.000000   20.000000   clock source latency
     1    0.012533    0.098504    0.065095   20.065096 ^ clk_i (in)
                                                         clk_i (net)
                      0.098507    0.000000   20.065096 ^ clkbuf_0_clk_i/A (sky130_fd_sc_hd__clkbuf_16)
     2    0.019029    0.066214    0.233221   20.298317 ^ clkbuf_0_clk_i/X (sky130_fd_sc_hd__clkbuf_16)
                                                         clknet_0_clk_i (net)
                      0.066214    0.000290   20.298607 ^ clkbuf_1_1__f_clk_i/A (sky130_fd_sc_hd__clkbuf_16)
     4    0.012004    0.057457    0.208493   20.507099 ^ clkbuf_1_1__f_clk_i/X (sky130_fd_sc_hd__clkbuf_16)
                                                         clknet_1_1__leaf_clk_i (net)
                      0.057457    0.000261   20.507360 ^ _44_/CLK (sky130_fd_sc_hd__dfxtp_4)
                                 -0.100000   20.407360   clock uncertainty
                                  0.000000   20.407360   clock reconvergence pessimism
                                 -0.270486   20.136873   library setup time
                                             20.136873   data required time
---------------------------------------------------------------------------------------------
                                             20.136873   data required time
                                             -4.686534   data arrival time
---------------------------------------------------------------------------------------------
                                             15.450340   slack (MET)


Startpoint: rst_i (input port clocked by clk_i)
Endpoint: _41_ (rising edge-triggered flip-flop clocked by clk_i)
Path Group: clk_i
Path Type: max

Fanout         Cap        Slew       Delay        Time   Description
---------------------------------------------------------------------------------------------
                                  0.000000    0.000000   clock clk_i (rise edge)
                                  0.000000    0.000000   clock network delay (propagated)
                                  4.000000    4.000000 ^ input external delay
     1    0.002560    0.030672    0.014508    4.014507 ^ rst_i (in)
                                                         rst_i (net)
                      0.030672    0.000000    4.014507 ^ input1/A (sky130_fd_sc_hd__buf_2)
     8    0.035299    0.279826    0.330598    4.345106 ^ input1/X (sky130_fd_sc_hd__buf_2)
                                                         net1 (net)
                      0.279912    0.000482    4.345588 ^ _28_/B1 (sky130_fd_sc_hd__a21oi_1)
     1    0.003074    0.103622    0.145580    4.491167 v _28_/Y (sky130_fd_sc_hd__a21oi_1)
                                                         _14_ (net)
                      0.103622    0.000036    4.491203 v _29_/B1 (sky130_fd_sc_hd__o21a_1)
     1    0.001871    0.056948    0.192876    4.684080 v _29_/X (sky130_fd_sc_hd__o21a_1)
                                                         _03_ (net)
                      0.056948    0.000017    4.684096 v _41_/D (sky130_fd_sc_hd__dfxtp_4)
                                              4.684096   data arrival time

                                 20.000000   20.000000   clock clk_i (rise edge)
                                  0.000000   20.000000   clock source latency
     1    0.012533    0.098504    0.065095   20.065096 ^ clk_i (in)
                                                         clk_i (net)
                      0.098507    0.000000   20.065096 ^ clkbuf_0_clk_i/A (sky130_fd_sc_hd__clkbuf_16)
     2    0.019029    0.066214    0.233221   20.298317 ^ clkbuf_0_clk_i/X (sky130_fd_sc_hd__clkbuf_16)
                                                         clknet_0_clk_i (net)
                      0.066214    0.000268   20.298584 ^ clkbuf_1_0__f_clk_i/A (sky130_fd_sc_hd__clkbuf_16)
     5    0.014577    0.060677    0.212145   20.510729 ^ clkbuf_1_0__f_clk_i/X (sky130_fd_sc_hd__clkbuf_16)
                                                         clknet_1_0__leaf_clk_i (net)
                      0.060677    0.000382   20.511112 ^ _41_/CLK (sky130_fd_sc_hd__dfxtp_4)
                                 -0.100000   20.411112   clock uncertainty
                                  0.000000   20.411112   clock reconvergence pessimism
                                 -0.269820   20.141293   library setup time
                                             20.141293   data required time
---------------------------------------------------------------------------------------------
                                             20.141293   data required time
                                             -4.684096   data arrival time
---------------------------------------------------------------------------------------------
                                             15.457195   slack (MET)


Startpoint: rst_i (input port clocked by clk_i)
Endpoint: _45_ (rising edge-triggered flip-flop clocked by clk_i)
Path Group: clk_i
Path Type: max

Fanout         Cap        Slew       Delay        Time   Description
---------------------------------------------------------------------------------------------
                                  0.000000    0.000000   clock clk_i (rise edge)
                                  0.000000    0.000000   clock network delay (propagated)
                                  4.000000    4.000000 v input external delay
     1    0.002432    0.017067    0.008059    4.008060 v rst_i (in)
                                                         rst_i (net)
                      0.017067    0.000000    4.008060 v input1/A (sky130_fd_sc_hd__buf_2)
     8    0.033506    0.163038    0.317928    4.325988 v input1/X (sky130_fd_sc_hd__buf_2)
                                                         net1 (net)
                      0.163052    0.001633    4.327621 v _37_/A (sky130_fd_sc_hd__nor3_1)
     1    0.002489    0.244001    0.334795    4.662416 ^ _37_/Y (sky130_fd_sc_hd__nor3_1)
                                                         _07_ (net)
                      0.244001    0.000028    4.662444 ^ _45_/D (sky130_fd_sc_hd__dfxtp_2)
                                              4.662444   data arrival time

                                 20.000000   20.000000   clock clk_i (rise edge)
                                  0.000000   20.000000   clock source latency
     1    0.012533    0.098504    0.065095   20.065096 ^ clk_i (in)
                                                         clk_i (net)
                      0.098507    0.000000   20.065096 ^ clkbuf_0_clk_i/A (sky130_fd_sc_hd__clkbuf_16)
     2    0.019029    0.066214    0.233221   20.298317 ^ clkbuf_0_clk_i/X (sky130_fd_sc_hd__clkbuf_16)
                                                         clknet_0_clk_i (net)
                      0.066214    0.000290   20.298607 ^ clkbuf_1_1__f_clk_i/A (sky130_fd_sc_hd__clkbuf_16)
     4    0.012004    0.057457    0.208493   20.507099 ^ clkbuf_1_1__f_clk_i/X (sky130_fd_sc_hd__clkbuf_16)
                                                         clknet_1_1__leaf_clk_i (net)
                      0.057457    0.000256   20.507355 ^ _45_/CLK (sky130_fd_sc_hd__dfxtp_2)
                                 -0.100000   20.407354   clock uncertainty
                                  0.000000   20.407354   clock reconvergence pessimism
                                 -0.188897   20.218456   library setup time
                                             20.218456   data required time
---------------------------------------------------------------------------------------------
                                             20.218456   data required time
                                             -4.662444   data arrival time
---------------------------------------------------------------------------------------------
                                             15.556012   slack (MET)


Startpoint: rst_i (input port clocked by clk_i)
Endpoint: _42_ (rising edge-triggered flip-flop clocked by clk_i)
Path Group: clk_i
Path Type: max

Fanout         Cap        Slew       Delay        Time   Description
---------------------------------------------------------------------------------------------
                                  0.000000    0.000000   clock clk_i (rise edge)
                                  0.000000    0.000000   clock network delay (propagated)
                                  4.000000    4.000000 v input external delay
     1    0.002432    0.017067    0.008059    4.008060 v rst_i (in)
                                                         rst_i (net)
                      0.017067    0.000000    4.008060 v input1/A (sky130_fd_sc_hd__buf_2)
     8    0.033506    0.163038    0.317928    4.325988 v input1/X (sky130_fd_sc_hd__buf_2)
                                                         net1 (net)
                      0.163038    0.000169    4.326157 v _31_/A (sky130_fd_sc_hd__nor3_1)
     1    0.002213    0.231607    0.325172    4.651329 ^ _31_/Y (sky130_fd_sc_hd__nor3_1)
                                                         _04_ (net)
                      0.231607    0.000024    4.651353 ^ _42_/D (sky130_fd_sc_hd__dfxtp_4)
                                              4.651353   data arrival time

                                 20.000000   20.000000   clock clk_i (rise edge)
                                  0.000000   20.000000   clock source latency
     1    0.012533    0.098504    0.065095   20.065096 ^ clk_i (in)
                                                         clk_i (net)
                      0.098507    0.000000   20.065096 ^ clkbuf_0_clk_i/A (sky130_fd_sc_hd__clkbuf_16)
     2    0.019029    0.066214    0.233221   20.298317 ^ clkbuf_0_clk_i/X (sky130_fd_sc_hd__clkbuf_16)
                                                         clknet_0_clk_i (net)
                      0.066214    0.000268   20.298584 ^ clkbuf_1_0__f_clk_i/A (sky130_fd_sc_hd__clkbuf_16)
     5    0.014577    0.060677    0.212145   20.510729 ^ clkbuf_1_0__f_clk_i/X (sky130_fd_sc_hd__clkbuf_16)
                                                         clknet_1_0__leaf_clk_i (net)
                      0.060677    0.000378   20.511108 ^ _42_/CLK (sky130_fd_sc_hd__dfxtp_4)
                                 -0.100000   20.411108   clock uncertainty
                                  0.000000   20.411108   clock reconvergence pessimism
                                 -0.185282   20.225824   library setup time
                                             20.225824   data required time
---------------------------------------------------------------------------------------------
                                             20.225824   data required time
                                             -4.651353   data arrival time
---------------------------------------------------------------------------------------------
                                             15.574471   slack (MET)


Startpoint: rst_i (input port clocked by clk_i)
Endpoint: _40_ (rising edge-triggered flip-flop clocked by clk_i)
Path Group: clk_i
Path Type: max

Fanout         Cap        Slew       Delay        Time   Description
---------------------------------------------------------------------------------------------
                                  0.000000    0.000000   clock clk_i (rise edge)
                                  0.000000    0.000000   clock network delay (propagated)
                                  4.000000    4.000000 ^ input external delay
     1    0.002560    0.030672    0.014508    4.014507 ^ rst_i (in)
                                                         rst_i (net)
                      0.030672    0.000000    4.014507 ^ input1/A (sky130_fd_sc_hd__buf_2)
     8    0.035299    0.279826    0.330598    4.345106 ^ input1/X (sky130_fd_sc_hd__buf_2)
                                                         net1 (net)
                      0.279912    0.000441    4.345546 ^ _27_/B (sky130_fd_sc_hd__nor2_1)
     1    0.001865    0.065698    0.130337    4.475883 v _27_/Y (sky130_fd_sc_hd__nor2_1)
                                                         _02_ (net)
                      0.065698    0.000017    4.475900 v _40_/D (sky130_fd_sc_hd__dfxtp_4)
                                              4.475900   data arrival time

                                 20.000000   20.000000   clock clk_i (rise edge)
                                  0.000000   20.000000   clock source latency
     1    0.012533    0.098504    0.065095   20.065096 ^ clk_i (in)
                                                         clk_i (net)
                      0.098507    0.000000   20.065096 ^ clkbuf_0_clk_i/A (sky130_fd_sc_hd__clkbuf_16)
     2    0.019029    0.066214    0.233221   20.298317 ^ clkbuf_0_clk_i/X (sky130_fd_sc_hd__clkbuf_16)
                                                         clknet_0_clk_i (net)
                      0.066214    0.000268   20.298584 ^ clkbuf_1_0__f_clk_i/A (sky130_fd_sc_hd__clkbuf_16)
     5    0.014577    0.060677    0.212145   20.510729 ^ clkbuf_1_0__f_clk_i/X (sky130_fd_sc_hd__clkbuf_16)
                                                         clknet_1_0__leaf_clk_i (net)
                      0.060677    0.000368   20.511097 ^ _40_/CLK (sky130_fd_sc_hd__dfxtp_4)
                                 -0.100000   20.411097   clock uncertainty
                                  0.000000   20.411097   clock reconvergence pessimism
                                 -0.273413   20.137684   library setup time
                                             20.137684   data required time
---------------------------------------------------------------------------------------------
                                             20.137684   data required time
                                             -4.475900   data arrival time
---------------------------------------------------------------------------------------------
                                             15.661783   slack (MET)



