
===========================================================================
report_checks -path_delay min (Hold)
============================================================================
======================= nom_tt_025C_1v80 Corner ===================================

Startpoint: _41_ (rising edge-triggered flip-flop clocked by clk_i)
Endpoint: _41_ (rising edge-triggered flip-flop clocked by clk_i)
Path Group: clk_i
Path Type: min

Fanout         Cap        Slew       Delay        Time   Description
---------------------------------------------------------------------------------------------
                                  0.000000    0.000000   clock clk_i (rise edge)
                                  0.000000    0.000000   clock source latency
     1    0.011871    0.059816    0.040265    0.040265 ^ clk_i (in)
                                                         clk_i (net)
                      0.059823    0.000000    0.040265 ^ clkbuf_0_clk_i/A (sky130_fd_sc_hd__clkbuf_16)
     2    0.019705    0.041594    0.130359    0.170625 ^ clkbuf_0_clk_i/X (sky130_fd_sc_hd__clkbuf_16)
                                                         clknet_0_clk_i (net)
                      0.041598    0.000668    0.171293 ^ clkbuf_1_0__f_clk_i/A (sky130_fd_sc_hd__clkbuf_16)
     5    0.016241    0.038651    0.120425    0.291718 ^ clkbuf_1_0__f_clk_i/X (sky130_fd_sc_hd__clkbuf_16)
                                                         clknet_1_0__leaf_clk_i (net)
                      0.038661    0.000778    0.292496 ^ _41_/CLK (sky130_fd_sc_hd__dfxtp_4)
     6    0.048585    0.146088    0.418082    0.710578 ^ _41_/Q (sky130_fd_sc_hd__dfxtp_4)
                                                         counter_val_o[1] (net)
                      0.146095    0.001189    0.711767 ^ _29_/A2 (sky130_fd_sc_hd__o21a_1)
     1    0.002014    0.034210    0.118867    0.830634 ^ _29_/X (sky130_fd_sc_hd__o21a_1)
                                                         _03_ (net)
                      0.034210    0.000042    0.830676 ^ _41_/D (sky130_fd_sc_hd__dfxtp_4)
                                              0.830676   data arrival time

                                  0.000000    0.000000   clock clk_i (rise edge)
                                  0.000000    0.000000   clock source latency
     1    0.011871    0.059816    0.040265    0.040265 ^ clk_i (in)
                                                         clk_i (net)
                      0.059823    0.000000    0.040265 ^ clkbuf_0_clk_i/A (sky130_fd_sc_hd__clkbuf_16)
     2    0.019705    0.041594    0.130359    0.170625 ^ clkbuf_0_clk_i/X (sky130_fd_sc_hd__clkbuf_16)
                                                         clknet_0_clk_i (net)
                      0.041598    0.000668    0.171293 ^ clkbuf_1_0__f_clk_i/A (sky130_fd_sc_hd__clkbuf_16)
     5    0.016241    0.038651    0.120425    0.291718 ^ clkbuf_1_0__f_clk_i/X (sky130_fd_sc_hd__clkbuf_16)
                                                         clknet_1_0__leaf_clk_i (net)
                      0.038661    0.000778    0.292496 ^ _41_/CLK (sky130_fd_sc_hd__dfxtp_4)
                                  0.250000    0.542496   clock uncertainty
                                  0.000000    0.542496   clock reconvergence pessimism
                                 -0.029916    0.512580   library hold time
                                              0.512580   data required time
---------------------------------------------------------------------------------------------
                                              0.512580   data required time
                                             -0.830676   data arrival time
---------------------------------------------------------------------------------------------
                                              0.318096   slack (MET)


Startpoint: _44_ (rising edge-triggered flip-flop clocked by clk_i)
Endpoint: _44_ (rising edge-triggered flip-flop clocked by clk_i)
Path Group: clk_i
Path Type: min

Fanout         Cap        Slew       Delay        Time   Description
---------------------------------------------------------------------------------------------
                                  0.000000    0.000000   clock clk_i (rise edge)
                                  0.000000    0.000000   clock source latency
     1    0.011871    0.059816    0.040265    0.040265 ^ clk_i (in)
                                                         clk_i (net)
                      0.059823    0.000000    0.040265 ^ clkbuf_0_clk_i/A (sky130_fd_sc_hd__clkbuf_16)
     2    0.019705    0.041594    0.130359    0.170625 ^ clkbuf_0_clk_i/X (sky130_fd_sc_hd__clkbuf_16)
                                                         clknet_0_clk_i (net)
                      0.041599    0.000782    0.171407 ^ clkbuf_1_1__f_clk_i/A (sky130_fd_sc_hd__clkbuf_16)
     4    0.013213    0.036086    0.117589    0.288996 ^ clkbuf_1_1__f_clk_i/X (sky130_fd_sc_hd__clkbuf_16)
                                                         clknet_1_1__leaf_clk_i (net)
                      0.036086    0.000530    0.289526 ^ _44_/CLK (sky130_fd_sc_hd__dfxtp_4)
     5    0.045217    0.137225    0.410500    0.700027 ^ _44_/Q (sky130_fd_sc_hd__dfxtp_4)
                                                         counter_val_o[4] (net)
                      0.137226    0.000677    0.700704 ^ _35_/A1 (sky130_fd_sc_hd__o21a_1)
     1    0.002989    0.041776    0.140089    0.840793 ^ _35_/X (sky130_fd_sc_hd__o21a_1)
                                                         _06_ (net)
                      0.041776    0.000076    0.840869 ^ _44_/D (sky130_fd_sc_hd__dfxtp_4)
                                              0.840869   data arrival time

                                  0.000000    0.000000   clock clk_i (rise edge)
                                  0.000000    0.000000   clock source latency
     1    0.011871    0.059816    0.040265    0.040265 ^ clk_i (in)
                                                         clk_i (net)
                      0.059823    0.000000    0.040265 ^ clkbuf_0_clk_i/A (sky130_fd_sc_hd__clkbuf_16)
     2    0.019705    0.041594    0.130359    0.170625 ^ clkbuf_0_clk_i/X (sky130_fd_sc_hd__clkbuf_16)
                                                         clknet_0_clk_i (net)
                      0.041599    0.000782    0.171407 ^ clkbuf_1_1__f_clk_i/A (sky130_fd_sc_hd__clkbuf_16)
     4    0.013213    0.036086    0.117589    0.288996 ^ clkbuf_1_1__f_clk_i/X (sky130_fd_sc_hd__clkbuf_16)
                                                         clknet_1_1__leaf_clk_i (net)
                      0.036086    0.000530    0.289526 ^ _44_/CLK (sky130_fd_sc_hd__dfxtp_4)
                                  0.250000    0.539526   clock uncertainty
                                  0.000000    0.539526   clock reconvergence pessimism
                                 -0.031835    0.507692   library hold time
                                              0.507692   data required time
---------------------------------------------------------------------------------------------
                                              0.507692   data required time
                                             -0.840869   data arrival time
---------------------------------------------------------------------------------------------
                                              0.333177   slack (MET)


Startpoint: _38_ (rising edge-triggered flip-flop clocked by clk_i)
Endpoint: _38_ (rising edge-triggered flip-flop clocked by clk_i)
Path Group: clk_i
Path Type: min

Fanout         Cap        Slew       Delay        Time   Description
---------------------------------------------------------------------------------------------
                                  0.000000    0.000000   clock clk_i (rise edge)
                                  0.000000    0.000000   clock source latency
     1    0.011871    0.059816    0.040265    0.040265 ^ clk_i (in)
                                                         clk_i (net)
                      0.059823    0.000000    0.040265 ^ clkbuf_0_clk_i/A (sky130_fd_sc_hd__clkbuf_16)
     2    0.019705    0.041594    0.130359    0.170625 ^ clkbuf_0_clk_i/X (sky130_fd_sc_hd__clkbuf_16)
                                                         clknet_0_clk_i (net)
                      0.041599    0.000782    0.171407 ^ clkbuf_1_1__f_clk_i/A (sky130_fd_sc_hd__clkbuf_16)
     4    0.013213    0.036086    0.117589    0.288996 ^ clkbuf_1_1__f_clk_i/X (sky130_fd_sc_hd__clkbuf_16)
                                                         clknet_1_1__leaf_clk_i (net)
                      0.036086    0.000603    0.289600 ^ _38_/CLK (sky130_fd_sc_hd__dfxtp_4)
     5    0.046357    0.140345    0.412286    0.701886 ^ _38_/Q (sky130_fd_sc_hd__dfxtp_4)
                                                         counter_val_o[6] (net)
                      0.140363    0.001644    0.703529 ^ _23_/A1 (sky130_fd_sc_hd__o21a_1)
     1    0.002755    0.040354    0.138991    0.842521 ^ _23_/X (sky130_fd_sc_hd__o21a_1)
                                                         _00_ (net)
                      0.040354    0.000089    0.842610 ^ _38_/D (sky130_fd_sc_hd__dfxtp_4)
                                              0.842610   data arrival time

                                  0.000000    0.000000   clock clk_i (rise edge)
                                  0.000000    0.000000   clock source latency
     1    0.011871    0.059816    0.040265    0.040265 ^ clk_i (in)
                                                         clk_i (net)
                      0.059823    0.000000    0.040265 ^ clkbuf_0_clk_i/A (sky130_fd_sc_hd__clkbuf_16)
     2    0.019705    0.041594    0.130359    0.170625 ^ clkbuf_0_clk_i/X (sky130_fd_sc_hd__clkbuf_16)
                                                         clknet_0_clk_i (net)
                      0.041599    0.000782    0.171407 ^ clkbuf_1_1__f_clk_i/A (sky130_fd_sc_hd__clkbuf_16)
     4    0.013213    0.036086    0.117589    0.288996 ^ clkbuf_1_1__f_clk_i/X (sky130_fd_sc_hd__clkbuf_16)
                                                         clknet_1_1__leaf_clk_i (net)
                      0.036086    0.000603    0.289600 ^ _38_/CLK (sky130_fd_sc_hd__dfxtp_4)
                                  0.250000    0.539600   clock uncertainty
                                  0.000000    0.539600   clock reconvergence pessimism
                                 -0.031536    0.508063   library hold time
                                              0.508063   data required time
---------------------------------------------------------------------------------------------
                                              0.508063   data required time
                                             -0.842610   data arrival time
---------------------------------------------------------------------------------------------
                                              0.334547   slack (MET)


Startpoint: _42_ (rising edge-triggered flip-flop clocked by clk_i)
Endpoint: _42_ (rising edge-triggered flip-flop clocked by clk_i)
Path Group: clk_i
Path Type: min

Fanout         Cap        Slew       Delay        Time   Description
---------------------------------------------------------------------------------------------
                                  0.000000    0.000000   clock clk_i (rise edge)
                                  0.000000    0.000000   clock source latency
     1    0.011871    0.059816    0.040265    0.040265 ^ clk_i (in)
                                                         clk_i (net)
                      0.059823    0.000000    0.040265 ^ clkbuf_0_clk_i/A (sky130_fd_sc_hd__clkbuf_16)
     2    0.019705    0.041594    0.130359    0.170625 ^ clkbuf_0_clk_i/X (sky130_fd_sc_hd__clkbuf_16)
                                                         clknet_0_clk_i (net)
                      0.041598    0.000668    0.171293 ^ clkbuf_1_0__f_clk_i/A (sky130_fd_sc_hd__clkbuf_16)
     5    0.016241    0.038651    0.120425    0.291718 ^ clkbuf_1_0__f_clk_i/X (sky130_fd_sc_hd__clkbuf_16)
                                                         clknet_1_0__leaf_clk_i (net)
                      0.038661    0.000793    0.292511 ^ _42_/CLK (sky130_fd_sc_hd__dfxtp_4)
     4    0.042097    0.074887    0.379259    0.671770 v _42_/Q (sky130_fd_sc_hd__dfxtp_4)
                                                         counter_val_o[2] (net)
                      0.074903    0.001062    0.672832 v _30_/B1 (sky130_fd_sc_hd__a21oi_1)
     1    0.002815    0.087200    0.120534    0.793366 ^ _30_/Y (sky130_fd_sc_hd__a21oi_1)
                                                         _15_ (net)
                      0.087200    0.000058    0.793424 ^ _31_/C (sky130_fd_sc_hd__nor3_1)
     1    0.002027    0.029800    0.046540    0.839964 v _31_/Y (sky130_fd_sc_hd__nor3_1)
                                                         _04_ (net)
                      0.029800    0.000045    0.840008 v _42_/D (sky130_fd_sc_hd__dfxtp_4)
                                              0.840008   data arrival time

                                  0.000000    0.000000   clock clk_i (rise edge)
                                  0.000000    0.000000   clock source latency
     1    0.011871    0.059816    0.040265    0.040265 ^ clk_i (in)
                                                         clk_i (net)
                      0.059823    0.000000    0.040265 ^ clkbuf_0_clk_i/A (sky130_fd_sc_hd__clkbuf_16)
     2    0.019705    0.041594    0.130359    0.170625 ^ clkbuf_0_clk_i/X (sky130_fd_sc_hd__clkbuf_16)
                                                         clknet_0_clk_i (net)
                      0.041598    0.000668    0.171293 ^ clkbuf_1_0__f_clk_i/A (sky130_fd_sc_hd__clkbuf_16)
     5    0.016241    0.038651    0.120425    0.291718 ^ clkbuf_1_0__f_clk_i/X (sky130_fd_sc_hd__clkbuf_16)
                                                         clknet_1_0__leaf_clk_i (net)
                      0.038661    0.000793    0.292511 ^ _42_/CLK (sky130_fd_sc_hd__dfxtp_4)
                                  0.250000    0.542511   clock uncertainty
                                  0.000000    0.542511   clock reconvergence pessimism
                                 -0.040315    0.502196   library hold time
                                              0.502196   data required time
---------------------------------------------------------------------------------------------
                                              0.502196   data required time
                                             -0.840008   data arrival time
---------------------------------------------------------------------------------------------
                                              0.337812   slack (MET)


Startpoint: _45_ (rising edge-triggered flip-flop clocked by clk_i)
Endpoint: _45_ (rising edge-triggered flip-flop clocked by clk_i)
Path Group: clk_i
Path Type: min

Fanout         Cap        Slew       Delay        Time   Description
---------------------------------------------------------------------------------------------
                                  0.000000    0.000000   clock clk_i (rise edge)
                                  0.000000    0.000000   clock source latency
     1    0.011871    0.059816    0.040265    0.040265 ^ clk_i (in)
                                                         clk_i (net)
                      0.059823    0.000000    0.040265 ^ clkbuf_0_clk_i/A (sky130_fd_sc_hd__clkbuf_16)
     2    0.019705    0.041594    0.130359    0.170625 ^ clkbuf_0_clk_i/X (sky130_fd_sc_hd__clkbuf_16)
                                                         clknet_0_clk_i (net)
                      0.041599    0.000782    0.171407 ^ clkbuf_1_1__f_clk_i/A (sky130_fd_sc_hd__clkbuf_16)
     4    0.013213    0.036086    0.117589    0.288996 ^ clkbuf_1_1__f_clk_i/X (sky130_fd_sc_hd__clkbuf_16)
                                                         clknet_1_1__leaf_clk_i (net)
                      0.036086    0.000517    0.289514 ^ _45_/CLK (sky130_fd_sc_hd__dfxtp_2)
     3    0.038257    0.095387    0.372411    0.661925 v _45_/Q (sky130_fd_sc_hd__dfxtp_2)
                                                         counter_val_o[5] (net)
                      0.095388    0.000504    0.662430 v _36_/B1 (sky130_fd_sc_hd__a21oi_1)
     1    0.003415    0.097929    0.137118    0.799548 ^ _36_/Y (sky130_fd_sc_hd__a21oi_1)
                                                         _18_ (net)
                      0.097929    0.000112    0.799660 ^ _37_/C (sky130_fd_sc_hd__nor3_1)
     1    0.003533    0.037027    0.056518    0.856177 v _37_/Y (sky130_fd_sc_hd__nor3_1)
                                                         _07_ (net)
                      0.037027    0.000128    0.856305 v _45_/D (sky130_fd_sc_hd__dfxtp_2)
                                              0.856305   data arrival time

                                  0.000000    0.000000   clock clk_i (rise edge)
                                  0.000000    0.000000   clock source latency
     1    0.011871    0.059816    0.040265    0.040265 ^ clk_i (in)
                                                         clk_i (net)
                      0.059823    0.000000    0.040265 ^ clkbuf_0_clk_i/A (sky130_fd_sc_hd__clkbuf_16)
     2    0.019705    0.041594    0.130359    0.170625 ^ clkbuf_0_clk_i/X (sky130_fd_sc_hd__clkbuf_16)
                                                         clknet_0_clk_i (net)
                      0.041599    0.000782    0.171407 ^ clkbuf_1_1__f_clk_i/A (sky130_fd_sc_hd__clkbuf_16)
     4    0.013213    0.036086    0.117589    0.288996 ^ clkbuf_1_1__f_clk_i/X (sky130_fd_sc_hd__clkbuf_16)
                                                         clknet_1_1__leaf_clk_i (net)
                      0.036086    0.000517    0.289514 ^ _45_/CLK (sky130_fd_sc_hd__dfxtp_2)
                                  0.250000    0.539514   clock uncertainty
                                  0.000000    0.539514   clock reconvergence pessimism
                                 -0.044767    0.494747   library hold time
                                              0.494747   data required time
---------------------------------------------------------------------------------------------
                                              0.494747   data required time
                                             -0.856305   data arrival time
---------------------------------------------------------------------------------------------
                                              0.361558   slack (MET)


Startpoint: _39_ (rising edge-triggered flip-flop clocked by clk_i)
Endpoint: _39_ (rising edge-triggered flip-flop clocked by clk_i)
Path Group: clk_i
Path Type: min

Fanout         Cap        Slew       Delay        Time   Description
---------------------------------------------------------------------------------------------
                                  0.000000    0.000000   clock clk_i (rise edge)
                                  0.000000    0.000000   clock source latency
     1    0.011871    0.059816    0.040265    0.040265 ^ clk_i (in)
                                                         clk_i (net)
                      0.059823    0.000000    0.040265 ^ clkbuf_0_clk_i/A (sky130_fd_sc_hd__clkbuf_16)
     2    0.019705    0.041594    0.130359    0.170625 ^ clkbuf_0_clk_i/X (sky130_fd_sc_hd__clkbuf_16)
                                                         clknet_0_clk_i (net)
                      0.041599    0.000782    0.171407 ^ clkbuf_1_1__f_clk_i/A (sky130_fd_sc_hd__clkbuf_16)
     4    0.013213    0.036086    0.117589    0.288996 ^ clkbuf_1_1__f_clk_i/X (sky130_fd_sc_hd__clkbuf_16)
                                                         clknet_1_1__leaf_clk_i (net)
                      0.036086    0.000646    0.289642 ^ _39_/CLK (sky130_fd_sc_hd__dfxtp_2)
     3    0.040159    0.099457    0.375526    0.665169 v _39_/Q (sky130_fd_sc_hd__dfxtp_2)
                                                         counter_val_o[7] (net)
                      0.099460    0.000617    0.665785 v _24_/B1 (sky130_fd_sc_hd__a21oi_1)
     1    0.003685    0.102860    0.142545    0.808331 ^ _24_/Y (sky130_fd_sc_hd__a21oi_1)
                                                         _12_ (net)
                      0.102860    0.000096    0.808426 ^ _26_/A (sky130_fd_sc_hd__nor2_1)
     1    0.002431    0.020930    0.055004    0.863431 v _26_/Y (sky130_fd_sc_hd__nor2_1)
                                                         _01_ (net)
                      0.020930    0.000055    0.863486 v _39_/D (sky130_fd_sc_hd__dfxtp_2)
                                              0.863486   data arrival time

                                  0.000000    0.000000   clock clk_i (rise edge)
                                  0.000000    0.000000   clock source latency
     1    0.011871    0.059816    0.040265    0.040265 ^ clk_i (in)
                                                         clk_i (net)
                      0.059823    0.000000    0.040265 ^ clkbuf_0_clk_i/A (sky130_fd_sc_hd__clkbuf_16)
     2    0.019705    0.041594    0.130359    0.170625 ^ clkbuf_0_clk_i/X (sky130_fd_sc_hd__clkbuf_16)
                                                         clknet_0_clk_i (net)
                      0.041599    0.000782    0.171407 ^ clkbuf_1_1__f_clk_i/A (sky130_fd_sc_hd__clkbuf_16)
     4    0.013213    0.036086    0.117589    0.288996 ^ clkbuf_1_1__f_clk_i/X (sky130_fd_sc_hd__clkbuf_16)
                                                         clknet_1_1__leaf_clk_i (net)
                      0.036086    0.000646    0.289642 ^ _39_/CLK (sky130_fd_sc_hd__dfxtp_2)
                                  0.250000    0.539642   clock uncertainty
                                  0.000000    0.539642   clock reconvergence pessimism
                                 -0.038168    0.501474   library hold time
                                              0.501474   data required time
---------------------------------------------------------------------------------------------
                                              0.501474   data required time
                                             -0.863486   data arrival time
---------------------------------------------------------------------------------------------
                                              0.362012   slack (MET)


Startpoint: _43_ (rising edge-triggered flip-flop clocked by clk_i)
Endpoint: _43_ (rising edge-triggered flip-flop clocked by clk_i)
Path Group: clk_i
Path Type: min

Fanout         Cap        Slew       Delay        Time   Description
---------------------------------------------------------------------------------------------
                                  0.000000    0.000000   clock clk_i (rise edge)
                                  0.000000    0.000000   clock source latency
     1    0.011871    0.059816    0.040265    0.040265 ^ clk_i (in)
                                                         clk_i (net)
                      0.059823    0.000000    0.040265 ^ clkbuf_0_clk_i/A (sky130_fd_sc_hd__clkbuf_16)
     2    0.019705    0.041594    0.130359    0.170625 ^ clkbuf_0_clk_i/X (sky130_fd_sc_hd__clkbuf_16)
                                                         clknet_0_clk_i (net)
                      0.041598    0.000668    0.171293 ^ clkbuf_1_0__f_clk_i/A (sky130_fd_sc_hd__clkbuf_16)
     5    0.016241    0.038651    0.120425    0.291718 ^ clkbuf_1_0__f_clk_i/X (sky130_fd_sc_hd__clkbuf_16)
                                                         clknet_1_0__leaf_clk_i (net)
                      0.038661    0.000752    0.292469 ^ _43_/CLK (sky130_fd_sc_hd__dfxtp_2)
     3    0.038629    0.096207    0.373901    0.666371 v _43_/Q (sky130_fd_sc_hd__dfxtp_2)
                                                         counter_val_o[3] (net)
                      0.096214    0.000881    0.667251 v _33_/A1 (sky130_fd_sc_hd__o21a_1)
     1    0.003233    0.031696    0.200626    0.867877 v _33_/X (sky130_fd_sc_hd__o21a_1)
                                                         _05_ (net)
                      0.031696    0.000107    0.867985 v _43_/D (sky130_fd_sc_hd__dfxtp_2)
                                              0.867985   data arrival time

                                  0.000000    0.000000   clock clk_i (rise edge)
                                  0.000000    0.000000   clock source latency
     1    0.011871    0.059816    0.040265    0.040265 ^ clk_i (in)
                                                         clk_i (net)
                      0.059823    0.000000    0.040265 ^ clkbuf_0_clk_i/A (sky130_fd_sc_hd__clkbuf_16)
     2    0.019705    0.041594    0.130359    0.170625 ^ clkbuf_0_clk_i/X (sky130_fd_sc_hd__clkbuf_16)
                                                         clknet_0_clk_i (net)
                      0.041598    0.000668    0.171293 ^ clkbuf_1_0__f_clk_i/A (sky130_fd_sc_hd__clkbuf_16)
     5    0.016241    0.038651    0.120425    0.291718 ^ clkbuf_1_0__f_clk_i/X (sky130_fd_sc_hd__clkbuf_16)
                                                         clknet_1_0__leaf_clk_i (net)
                      0.038661    0.000752    0.292469 ^ _43_/CLK (sky130_fd_sc_hd__dfxtp_2)
                                  0.250000    0.542469   clock uncertainty
                                  0.000000    0.542469   clock reconvergence pessimism
                                 -0.042008    0.500461   library hold time
                                              0.500461   data required time
---------------------------------------------------------------------------------------------
                                              0.500461   data required time
                                             -0.867985   data arrival time
---------------------------------------------------------------------------------------------
                                              0.367524   slack (MET)


Startpoint: _40_ (rising edge-triggered flip-flop clocked by clk_i)
Endpoint: _40_ (rising edge-triggered flip-flop clocked by clk_i)
Path Group: clk_i
Path Type: min

Fanout         Cap        Slew       Delay        Time   Description
---------------------------------------------------------------------------------------------
                                  0.000000    0.000000   clock clk_i (rise edge)
                                  0.000000    0.000000   clock source latency
     1    0.011871    0.059816    0.040265    0.040265 ^ clk_i (in)
                                                         clk_i (net)
                      0.059823    0.000000    0.040265 ^ clkbuf_0_clk_i/A (sky130_fd_sc_hd__clkbuf_16)
     2    0.019705    0.041594    0.130359    0.170625 ^ clkbuf_0_clk_i/X (sky130_fd_sc_hd__clkbuf_16)
                                                         clknet_0_clk_i (net)
                      0.041598    0.000668    0.171293 ^ clkbuf_1_0__f_clk_i/A (sky130_fd_sc_hd__clkbuf_16)
     5    0.016241    0.038651    0.120425    0.291718 ^ clkbuf_1_0__f_clk_i/X (sky130_fd_sc_hd__clkbuf_16)
                                                         clknet_1_0__leaf_clk_i (net)
                      0.038660    0.000740    0.292458 ^ _40_/CLK (sky130_fd_sc_hd__dfxtp_4)
     7    0.050751    0.151813    0.422255    0.714712 ^ _40_/Q (sky130_fd_sc_hd__dfxtp_4)
                                                         counter_val_o[0] (net)
                      0.151813    0.000606    0.715318 ^ hold1/A (sky130_fd_sc_hd__dlygate4sd3_1)
     1    0.003805    0.061314    0.572371    1.287690 ^ hold1/X (sky130_fd_sc_hd__dlygate4sd3_1)
                                                         net2 (net)
                      0.061314    0.000102    1.287791 ^ _27_/A (sky130_fd_sc_hd__nor2_1)
     1    0.001920    0.024314    0.041932    1.329724 v _27_/Y (sky130_fd_sc_hd__nor2_1)
                                                         _02_ (net)
                      0.024314    0.000038    1.329762 v _40_/D (sky130_fd_sc_hd__dfxtp_4)
                                              1.329762   data arrival time

                                  0.000000    0.000000   clock clk_i (rise edge)
                                  0.000000    0.000000   clock source latency
     1    0.011871    0.059816    0.040265    0.040265 ^ clk_i (in)
                                                         clk_i (net)
                      0.059823    0.000000    0.040265 ^ clkbuf_0_clk_i/A (sky130_fd_sc_hd__clkbuf_16)
     2    0.019705    0.041594    0.130359    0.170625 ^ clkbuf_0_clk_i/X (sky130_fd_sc_hd__clkbuf_16)
                                                         clknet_0_clk_i (net)
                      0.041598    0.000668    0.171293 ^ clkbuf_1_0__f_clk_i/A (sky130_fd_sc_hd__clkbuf_16)
     5    0.016241    0.038651    0.120425    0.291718 ^ clkbuf_1_0__f_clk_i/X (sky130_fd_sc_hd__clkbuf_16)
                                                         clknet_1_0__leaf_clk_i (net)
                      0.038660    0.000740    0.292458 ^ _40_/CLK (sky130_fd_sc_hd__dfxtp_4)
                                  0.250000    0.542458   clock uncertainty
                                  0.000000    0.542458   clock reconvergence pessimism
                                 -0.038080    0.504377   library hold time
                                              0.504377   data required time
---------------------------------------------------------------------------------------------
                                              0.504377   data required time
                                             -1.329762   data arrival time
---------------------------------------------------------------------------------------------
                                              0.825385   slack (MET)


Startpoint: _45_ (rising edge-triggered flip-flop clocked by clk_i)
Endpoint: counter_val_o[5] (output port clocked by clk_i)
Path Group: clk_i
Path Type: min

Fanout         Cap        Slew       Delay        Time   Description
---------------------------------------------------------------------------------------------
                                  0.000000    0.000000   clock clk_i (rise edge)
                                  0.000000    0.000000   clock source latency
     1    0.011871    0.059816    0.040265    0.040265 ^ clk_i (in)
                                                         clk_i (net)
                      0.059823    0.000000    0.040265 ^ clkbuf_0_clk_i/A (sky130_fd_sc_hd__clkbuf_16)
     2    0.019705    0.041594    0.130359    0.170625 ^ clkbuf_0_clk_i/X (sky130_fd_sc_hd__clkbuf_16)
                                                         clknet_0_clk_i (net)
                      0.041599    0.000782    0.171407 ^ clkbuf_1_1__f_clk_i/A (sky130_fd_sc_hd__clkbuf_16)
     4    0.013213    0.036086    0.117589    0.288996 ^ clkbuf_1_1__f_clk_i/X (sky130_fd_sc_hd__clkbuf_16)
                                                         clknet_1_1__leaf_clk_i (net)
                      0.036086    0.000517    0.289514 ^ _45_/CLK (sky130_fd_sc_hd__dfxtp_2)
     3    0.038257    0.095387    0.372411    0.661925 v _45_/Q (sky130_fd_sc_hd__dfxtp_2)
                                                         counter_val_o[5] (net)
                      0.095394    0.000895    0.662820 v counter_val_o[5] (out)
                                              0.662820   data arrival time

                                  0.000000    0.000000   clock clk_i (rise edge)
                                  0.000000    0.000000   clock network delay (propagated)
                                  0.250000    0.250000   clock uncertainty
                                  0.000000    0.250000   clock reconvergence pessimism
                                 -4.000000   -3.750000   output external delay
                                             -3.750000   data required time
---------------------------------------------------------------------------------------------
                                             -3.750000   data required time
                                             -0.662820   data arrival time
---------------------------------------------------------------------------------------------
                                              4.412819   slack (MET)


Startpoint: _39_ (rising edge-triggered flip-flop clocked by clk_i)
Endpoint: counter_val_o[7] (output port clocked by clk_i)
Path Group: clk_i
Path Type: min

Fanout         Cap        Slew       Delay        Time   Description
---------------------------------------------------------------------------------------------
                                  0.000000    0.000000   clock clk_i (rise edge)
                                  0.000000    0.000000   clock source latency
     1    0.011871    0.059816    0.040265    0.040265 ^ clk_i (in)
                                                         clk_i (net)
                      0.059823    0.000000    0.040265 ^ clkbuf_0_clk_i/A (sky130_fd_sc_hd__clkbuf_16)
     2    0.019705    0.041594    0.130359    0.170625 ^ clkbuf_0_clk_i/X (sky130_fd_sc_hd__clkbuf_16)
                                                         clknet_0_clk_i (net)
                      0.041599    0.000782    0.171407 ^ clkbuf_1_1__f_clk_i/A (sky130_fd_sc_hd__clkbuf_16)
     4    0.013213    0.036086    0.117589    0.288996 ^ clkbuf_1_1__f_clk_i/X (sky130_fd_sc_hd__clkbuf_16)
                                                         clknet_1_1__leaf_clk_i (net)
                      0.036086    0.000646    0.289642 ^ _39_/CLK (sky130_fd_sc_hd__dfxtp_2)
     3    0.040159    0.099457    0.375526    0.665169 v _39_/Q (sky130_fd_sc_hd__dfxtp_2)
                                                         counter_val_o[7] (net)
                      0.099465    0.000936    0.666105 v counter_val_o[7] (out)
                                              0.666105   data arrival time

                                  0.000000    0.000000   clock clk_i (rise edge)
                                  0.000000    0.000000   clock network delay (propagated)
                                  0.250000    0.250000   clock uncertainty
                                  0.000000    0.250000   clock reconvergence pessimism
                                 -4.000000   -3.750000   output external delay
                                             -3.750000   data required time
---------------------------------------------------------------------------------------------
                                             -3.750000   data required time
                                             -0.666105   data arrival time
---------------------------------------------------------------------------------------------
                                              4.416105   slack (MET)


Startpoint: _43_ (rising edge-triggered flip-flop clocked by clk_i)
Endpoint: counter_val_o[3] (output port clocked by clk_i)
Path Group: clk_i
Path Type: min

Fanout         Cap        Slew       Delay        Time   Description
---------------------------------------------------------------------------------------------
                                  0.000000    0.000000   clock clk_i (rise edge)
                                  0.000000    0.000000   clock source latency
     1    0.011871    0.059816    0.040265    0.040265 ^ clk_i (in)
                                                         clk_i (net)
                      0.059823    0.000000    0.040265 ^ clkbuf_0_clk_i/A (sky130_fd_sc_hd__clkbuf_16)
     2    0.019705    0.041594    0.130359    0.170625 ^ clkbuf_0_clk_i/X (sky130_fd_sc_hd__clkbuf_16)
                                                         clknet_0_clk_i (net)
                      0.041598    0.000668    0.171293 ^ clkbuf_1_0__f_clk_i/A (sky130_fd_sc_hd__clkbuf_16)
     5    0.016241    0.038651    0.120425    0.291718 ^ clkbuf_1_0__f_clk_i/X (sky130_fd_sc_hd__clkbuf_16)
                                                         clknet_1_0__leaf_clk_i (net)
                      0.038661    0.000752    0.292469 ^ _43_/CLK (sky130_fd_sc_hd__dfxtp_2)
     3    0.038629    0.096207    0.373901    0.666371 v _43_/Q (sky130_fd_sc_hd__dfxtp_2)
                                                         counter_val_o[3] (net)
                      0.096216    0.000965    0.667336 v counter_val_o[3] (out)
                                              0.667336   data arrival time

                                  0.000000    0.000000   clock clk_i (rise edge)
                                  0.000000    0.000000   clock network delay (propagated)
                                  0.250000    0.250000   clock uncertainty
                                  0.000000    0.250000   clock reconvergence pessimism
                                 -4.000000   -3.750000   output external delay
                                             -3.750000   data required time
---------------------------------------------------------------------------------------------
                                             -3.750000   data required time
                                             -0.667336   data arrival time
---------------------------------------------------------------------------------------------
                                              4.417336   slack (MET)


Startpoint: _44_ (rising edge-triggered flip-flop clocked by clk_i)
Endpoint: counter_val_o[4] (output port clocked by clk_i)
Path Group: clk_i
Path Type: min

Fanout         Cap        Slew       Delay        Time   Description
---------------------------------------------------------------------------------------------
                                  0.000000    0.000000   clock clk_i (rise edge)
                                  0.000000    0.000000   clock source latency
     1    0.011871    0.059816    0.040265    0.040265 ^ clk_i (in)
                                                         clk_i (net)
                      0.059823    0.000000    0.040265 ^ clkbuf_0_clk_i/A (sky130_fd_sc_hd__clkbuf_16)
     2    0.019705    0.041594    0.130359    0.170625 ^ clkbuf_0_clk_i/X (sky130_fd_sc_hd__clkbuf_16)
                                                         clknet_0_clk_i (net)
                      0.041599    0.000782    0.171407 ^ clkbuf_1_1__f_clk_i/A (sky130_fd_sc_hd__clkbuf_16)
     4    0.013213    0.036086    0.117589    0.288996 ^ clkbuf_1_1__f_clk_i/X (sky130_fd_sc_hd__clkbuf_16)
                                                         clknet_1_1__leaf_clk_i (net)
                      0.036086    0.000530    0.289526 ^ _44_/CLK (sky130_fd_sc_hd__dfxtp_4)
     5    0.044665    0.078051    0.381369    0.670896 v _44_/Q (sky130_fd_sc_hd__dfxtp_4)
                                                         counter_val_o[4] (net)
                      0.078073    0.001235    0.672131 v counter_val_o[4] (out)
                                              0.672131   data arrival time

                                  0.000000    0.000000   clock clk_i (rise edge)
                                  0.000000    0.000000   clock network delay (propagated)
                                  0.250000    0.250000   clock uncertainty
                                  0.000000    0.250000   clock reconvergence pessimism
                                 -4.000000   -3.750000   output external delay
                                             -3.750000   data required time
---------------------------------------------------------------------------------------------
                                             -3.750000   data required time
                                             -0.672131   data arrival time
---------------------------------------------------------------------------------------------
                                              4.422131   slack (MET)


Startpoint: _42_ (rising edge-triggered flip-flop clocked by clk_i)
Endpoint: counter_val_o[2] (output port clocked by clk_i)
Path Group: clk_i
Path Type: min

Fanout         Cap        Slew       Delay        Time   Description
---------------------------------------------------------------------------------------------
                                  0.000000    0.000000   clock clk_i (rise edge)
                                  0.000000    0.000000   clock source latency
     1    0.011871    0.059816    0.040265    0.040265 ^ clk_i (in)
                                                         clk_i (net)
                      0.059823    0.000000    0.040265 ^ clkbuf_0_clk_i/A (sky130_fd_sc_hd__clkbuf_16)
     2    0.019705    0.041594    0.130359    0.170625 ^ clkbuf_0_clk_i/X (sky130_fd_sc_hd__clkbuf_16)
                                                         clknet_0_clk_i (net)
                      0.041598    0.000668    0.171293 ^ clkbuf_1_0__f_clk_i/A (sky130_fd_sc_hd__clkbuf_16)
     5    0.016241    0.038651    0.120425    0.291718 ^ clkbuf_1_0__f_clk_i/X (sky130_fd_sc_hd__clkbuf_16)
                                                         clknet_1_0__leaf_clk_i (net)
                      0.038661    0.000793    0.292511 ^ _42_/CLK (sky130_fd_sc_hd__dfxtp_4)
     4    0.042097    0.074887    0.379259    0.671770 v _42_/Q (sky130_fd_sc_hd__dfxtp_4)
                                                         counter_val_o[2] (net)
                      0.074907    0.001167    0.672937 v counter_val_o[2] (out)
                                              0.672937   data arrival time

                                  0.000000    0.000000   clock clk_i (rise edge)
                                  0.000000    0.000000   clock network delay (propagated)
                                  0.250000    0.250000   clock uncertainty
                                  0.000000    0.250000   clock reconvergence pessimism
                                 -4.000000   -3.750000   output external delay
                                             -3.750000   data required time
---------------------------------------------------------------------------------------------
                                             -3.750000   data required time
                                             -0.672937   data arrival time
---------------------------------------------------------------------------------------------
                                              4.422937   slack (MET)


Startpoint: _38_ (rising edge-triggered flip-flop clocked by clk_i)
Endpoint: counter_val_o[6] (output port clocked by clk_i)
Path Group: clk_i
Path Type: min

Fanout         Cap        Slew       Delay        Time   Description
---------------------------------------------------------------------------------------------
                                  0.000000    0.000000   clock clk_i (rise edge)
                                  0.000000    0.000000   clock source latency
     1    0.011871    0.059816    0.040265    0.040265 ^ clk_i (in)
                                                         clk_i (net)
                      0.059823    0.000000    0.040265 ^ clkbuf_0_clk_i/A (sky130_fd_sc_hd__clkbuf_16)
     2    0.019705    0.041594    0.130359    0.170625 ^ clkbuf_0_clk_i/X (sky130_fd_sc_hd__clkbuf_16)
                                                         clknet_0_clk_i (net)
                      0.041599    0.000782    0.171407 ^ clkbuf_1_1__f_clk_i/A (sky130_fd_sc_hd__clkbuf_16)
     4    0.013213    0.036086    0.117589    0.288996 ^ clkbuf_1_1__f_clk_i/X (sky130_fd_sc_hd__clkbuf_16)
                                                         clknet_1_1__leaf_clk_i (net)
                      0.036086    0.000603    0.289600 ^ _38_/CLK (sky130_fd_sc_hd__dfxtp_4)
     5    0.045699    0.079630    0.382101    0.671701 v _38_/Q (sky130_fd_sc_hd__dfxtp_4)
                                                         counter_val_o[6] (net)
                      0.079687    0.001935    0.673636 v counter_val_o[6] (out)
                                              0.673636   data arrival time

                                  0.000000    0.000000   clock clk_i (rise edge)
                                  0.000000    0.000000   clock network delay (propagated)
                                  0.250000    0.250000   clock uncertainty
                                  0.000000    0.250000   clock reconvergence pessimism
                                 -4.000000   -3.750000   output external delay
                                             -3.750000   data required time
---------------------------------------------------------------------------------------------
                                             -3.750000   data required time
                                             -0.673636   data arrival time
---------------------------------------------------------------------------------------------
                                              4.423636   slack (MET)


Startpoint: _41_ (rising edge-triggered flip-flop clocked by clk_i)
Endpoint: counter_val_o[1] (output port clocked by clk_i)
Path Group: clk_i
Path Type: min

Fanout         Cap        Slew       Delay        Time   Description
---------------------------------------------------------------------------------------------
                                  0.000000    0.000000   clock clk_i (rise edge)
                                  0.000000    0.000000   clock source latency
     1    0.011871    0.059816    0.040265    0.040265 ^ clk_i (in)
                                                         clk_i (net)
                      0.059823    0.000000    0.040265 ^ clkbuf_0_clk_i/A (sky130_fd_sc_hd__clkbuf_16)
     2    0.019705    0.041594    0.130359    0.170625 ^ clkbuf_0_clk_i/X (sky130_fd_sc_hd__clkbuf_16)
                                                         clknet_0_clk_i (net)
                      0.041598    0.000668    0.171293 ^ clkbuf_1_0__f_clk_i/A (sky130_fd_sc_hd__clkbuf_16)
     5    0.016241    0.038651    0.120425    0.291718 ^ clkbuf_1_0__f_clk_i/X (sky130_fd_sc_hd__clkbuf_16)
                                                         clknet_1_0__leaf_clk_i (net)
                      0.038661    0.000778    0.292496 ^ _41_/CLK (sky130_fd_sc_hd__dfxtp_4)
     6    0.047754    0.081841    0.385998    0.678494 v _41_/Q (sky130_fd_sc_hd__dfxtp_4)
                                                         counter_val_o[1] (net)
                      0.081861    0.001210    0.679704 v counter_val_o[1] (out)
                                              0.679704   data arrival time

                                  0.000000    0.000000   clock clk_i (rise edge)
                                  0.000000    0.000000   clock network delay (propagated)
                                  0.250000    0.250000   clock uncertainty
                                  0.000000    0.250000   clock reconvergence pessimism
                                 -4.000000   -3.750000   output external delay
                                             -3.750000   data required time
---------------------------------------------------------------------------------------------
                                             -3.750000   data required time
                                             -0.679704   data arrival time
---------------------------------------------------------------------------------------------
                                              4.429704   slack (MET)


Startpoint: _40_ (rising edge-triggered flip-flop clocked by clk_i)
Endpoint: counter_val_o[0] (output port clocked by clk_i)
Path Group: clk_i
Path Type: min

Fanout         Cap        Slew       Delay        Time   Description
---------------------------------------------------------------------------------------------
                                  0.000000    0.000000   clock clk_i (rise edge)
                                  0.000000    0.000000   clock source latency
     1    0.011871    0.059816    0.040265    0.040265 ^ clk_i (in)
                                                         clk_i (net)
                      0.059823    0.000000    0.040265 ^ clkbuf_0_clk_i/A (sky130_fd_sc_hd__clkbuf_16)
     2    0.019705    0.041594    0.130359    0.170625 ^ clkbuf_0_clk_i/X (sky130_fd_sc_hd__clkbuf_16)
                                                         clknet_0_clk_i (net)
                      0.041598    0.000668    0.171293 ^ clkbuf_1_0__f_clk_i/A (sky130_fd_sc_hd__clkbuf_16)
     5    0.016241    0.038651    0.120425    0.291718 ^ clkbuf_1_0__f_clk_i/X (sky130_fd_sc_hd__clkbuf_16)
                                                         clknet_1_0__leaf_clk_i (net)
                      0.038660    0.000740    0.292458 ^ _40_/CLK (sky130_fd_sc_hd__dfxtp_4)
     7    0.050004    0.084701    0.388568    0.681025 v _40_/Q (sky130_fd_sc_hd__dfxtp_4)
                                                         counter_val_o[0] (net)
                      0.084730    0.001448    0.682473 v counter_val_o[0] (out)
                                              0.682473   data arrival time

                                  0.000000    0.000000   clock clk_i (rise edge)
                                  0.000000    0.000000   clock network delay (propagated)
                                  0.250000    0.250000   clock uncertainty
                                  0.000000    0.250000   clock reconvergence pessimism
                                 -4.000000   -3.750000   output external delay
                                             -3.750000   data required time
---------------------------------------------------------------------------------------------
                                             -3.750000   data required time
                                             -0.682473   data arrival time
---------------------------------------------------------------------------------------------
                                              4.432473   slack (MET)



