
===========================================================================
 report_power
============================================================================
======================= nom_tt_025C_1v80 Corner ===================================

Group                    Internal    Switching      Leakage        Total
                            Power        Power        Power        Power (Watts)
------------------------------------------------------------------------
Sequential           1.617418e-05 1.518270e-06 7.013520e-11 1.769252e-05  33.1%
Combinational        6.648556e-07 5.075549e-07 5.132104e-11 1.172462e-06   2.2%
Clock                2.771903e-05 6.895658e-06 2.618925e-10 3.461495e-05  64.7%
Macro                0.000000e+00 0.000000e+00 0.000000e+00 0.000000e+00   0.0%
Pad                  0.000000e+00 0.000000e+00 0.000000e+00 0.000000e+00   0.0%
------------------------------------------------------------------------
Total                4.455806e-05 8.921484e-06 3.833489e-10 5.347993e-05 100.0%
                            83.3%        16.7%         0.0%
Writing metric power__internal__total: 4.4558059016708285e-5
Writing metric power__switching__total: 8.92148364073364e-6
Writing metric power__leakage__total: 3.833489359283959e-10
Writing metric power__total: 5.347992555471137e-5

