
===========================================================================
report_checks -path_delay min (Hold)
============================================================================
======================= max_ff_n40C_1v95 Corner ===================================

Startpoint: _41_ (rising edge-triggered flip-flop clocked by clk_i)
Endpoint: _41_ (rising edge-triggered flip-flop clocked by clk_i)
Path Group: clk_i
Path Type: min

Fanout         Cap        Slew       Delay        Time   Description
---------------------------------------------------------------------------------------------
                                  0.000000    0.000000   clock clk_i (rise edge)
                                  0.000000    0.000000   clock source latency
     1    0.013470    0.050175    0.033886    0.033886 ^ clk_i (in)
                                                         clk_i (net)
                      0.050197    0.000000    0.033886 ^ clkbuf_0_clk_i/A (sky130_fd_sc_hd__clkbuf_16)
     2    0.019753    0.031073    0.089482    0.123369 ^ clkbuf_0_clk_i/X (sky130_fd_sc_hd__clkbuf_16)
                                                         clknet_0_clk_i (net)
                      0.031094    0.001286    0.124655 ^ clkbuf_1_0__f_clk_i/A (sky130_fd_sc_hd__clkbuf_16)
     5    0.016654    0.028963    0.081925    0.206580 ^ clkbuf_1_0__f_clk_i/X (sky130_fd_sc_hd__clkbuf_16)
                                                         clknet_1_0__leaf_clk_i (net)
                      0.028986    0.001377    0.207957 ^ _41_/CLK (sky130_fd_sc_hd__dfxtp_4)
     6    0.049080    0.109647    0.269805    0.477762 ^ _41_/Q (sky130_fd_sc_hd__dfxtp_4)
                                                         counter_val_o[1] (net)
                      0.109665    0.001399    0.479161 ^ _29_/A2 (sky130_fd_sc_hd__o21a_1)
     1    0.002236    0.024417    0.070071    0.549232 ^ _29_/X (sky130_fd_sc_hd__o21a_1)
                                                         _03_ (net)
                      0.024418    0.000149    0.549381 ^ _41_/D (sky130_fd_sc_hd__dfxtp_4)
                                              0.549381   data arrival time

                                  0.000000    0.000000   clock clk_i (rise edge)
                                  0.000000    0.000000   clock source latency
     1    0.013470    0.050175    0.033886    0.033886 ^ clk_i (in)
                                                         clk_i (net)
                      0.050197    0.000000    0.033886 ^ clkbuf_0_clk_i/A (sky130_fd_sc_hd__clkbuf_16)
     2    0.019753    0.031073    0.089482    0.123369 ^ clkbuf_0_clk_i/X (sky130_fd_sc_hd__clkbuf_16)
                                                         clknet_0_clk_i (net)
                      0.031094    0.001286    0.124655 ^ clkbuf_1_0__f_clk_i/A (sky130_fd_sc_hd__clkbuf_16)
     5    0.016654    0.028963    0.081925    0.206580 ^ clkbuf_1_0__f_clk_i/X (sky130_fd_sc_hd__clkbuf_16)
                                                         clknet_1_0__leaf_clk_i (net)
                      0.028986    0.001377    0.207957 ^ _41_/CLK (sky130_fd_sc_hd__dfxtp_4)
                                  0.100000    0.307957   clock uncertainty
                                  0.000000    0.307957   clock reconvergence pessimism
                                 -0.015791    0.292166   library hold time
                                              0.292166   data required time
---------------------------------------------------------------------------------------------
                                              0.292166   data required time
                                             -0.549381   data arrival time
---------------------------------------------------------------------------------------------
                                              0.257215   slack (MET)


Startpoint: _42_ (rising edge-triggered flip-flop clocked by clk_i)
Endpoint: _42_ (rising edge-triggered flip-flop clocked by clk_i)
Path Group: clk_i
Path Type: min

Fanout         Cap        Slew       Delay        Time   Description
---------------------------------------------------------------------------------------------
                                  0.000000    0.000000   clock clk_i (rise edge)
                                  0.000000    0.000000   clock source latency
     1    0.013470    0.050175    0.033886    0.033886 ^ clk_i (in)
                                                         clk_i (net)
                      0.050197    0.000000    0.033886 ^ clkbuf_0_clk_i/A (sky130_fd_sc_hd__clkbuf_16)
     2    0.019753    0.031073    0.089482    0.123369 ^ clkbuf_0_clk_i/X (sky130_fd_sc_hd__clkbuf_16)
                                                         clknet_0_clk_i (net)
                      0.031094    0.001286    0.124655 ^ clkbuf_1_0__f_clk_i/A (sky130_fd_sc_hd__clkbuf_16)
     5    0.016654    0.028963    0.081925    0.206580 ^ clkbuf_1_0__f_clk_i/X (sky130_fd_sc_hd__clkbuf_16)
                                                         clknet_1_0__leaf_clk_i (net)
                      0.028985    0.001374    0.207953 ^ _42_/CLK (sky130_fd_sc_hd__dfxtp_4)
     4    0.042047    0.054768    0.243647    0.451600 v _42_/Q (sky130_fd_sc_hd__dfxtp_4)
                                                         counter_val_o[2] (net)
                      0.054932    0.002618    0.454218 v _30_/B1 (sky130_fd_sc_hd__a21oi_1)
     1    0.002716    0.046877    0.058133    0.512351 ^ _30_/Y (sky130_fd_sc_hd__a21oi_1)
                                                         _15_ (net)
                      0.046877    0.000201    0.512552 ^ _31_/C (sky130_fd_sc_hd__nor3_1)
     1    0.002516    0.020684    0.025852    0.538404 v _31_/Y (sky130_fd_sc_hd__nor3_1)
                                                         _04_ (net)
                      0.020685    0.000184    0.538588 v _42_/D (sky130_fd_sc_hd__dfxtp_4)
                                              0.538588   data arrival time

                                  0.000000    0.000000   clock clk_i (rise edge)
                                  0.000000    0.000000   clock source latency
     1    0.013470    0.050175    0.033886    0.033886 ^ clk_i (in)
                                                         clk_i (net)
                      0.050197    0.000000    0.033886 ^ clkbuf_0_clk_i/A (sky130_fd_sc_hd__clkbuf_16)
     2    0.019753    0.031073    0.089482    0.123369 ^ clkbuf_0_clk_i/X (sky130_fd_sc_hd__clkbuf_16)
                                                         clknet_0_clk_i (net)
                      0.031094    0.001286    0.124655 ^ clkbuf_1_0__f_clk_i/A (sky130_fd_sc_hd__clkbuf_16)
     5    0.016654    0.028963    0.081925    0.206580 ^ clkbuf_1_0__f_clk_i/X (sky130_fd_sc_hd__clkbuf_16)
                                                         clknet_1_0__leaf_clk_i (net)
                      0.028985    0.001374    0.207953 ^ _42_/CLK (sky130_fd_sc_hd__dfxtp_4)
                                  0.100000    0.307953   clock uncertainty
                                  0.000000    0.307953   clock reconvergence pessimism
                                 -0.030339    0.277614   library hold time
                                              0.277614   data required time
---------------------------------------------------------------------------------------------
                                              0.277614   data required time
                                             -0.538588   data arrival time
---------------------------------------------------------------------------------------------
                                              0.260974   slack (MET)


Startpoint: _44_ (rising edge-triggered flip-flop clocked by clk_i)
Endpoint: _44_ (rising edge-triggered flip-flop clocked by clk_i)
Path Group: clk_i
Path Type: min

Fanout         Cap        Slew       Delay        Time   Description
---------------------------------------------------------------------------------------------
                                  0.000000    0.000000   clock clk_i (rise edge)
                                  0.000000    0.000000   clock source latency
     1    0.013470    0.050175    0.033886    0.033886 ^ clk_i (in)
                                                         clk_i (net)
                      0.050197    0.000000    0.033886 ^ clkbuf_0_clk_i/A (sky130_fd_sc_hd__clkbuf_16)
     2    0.019753    0.031073    0.089482    0.123369 ^ clkbuf_0_clk_i/X (sky130_fd_sc_hd__clkbuf_16)
                                                         clknet_0_clk_i (net)
                      0.031096    0.001319    0.124687 ^ clkbuf_1_1__f_clk_i/A (sky130_fd_sc_hd__clkbuf_16)
     4    0.013980    0.027197    0.080177    0.204864 ^ clkbuf_1_1__f_clk_i/X (sky130_fd_sc_hd__clkbuf_16)
                                                         clknet_1_1__leaf_clk_i (net)
                      0.027209    0.001017    0.205881 ^ _44_/CLK (sky130_fd_sc_hd__dfxtp_4)
     5    0.046716    0.105394    0.265080    0.470961 ^ _44_/Q (sky130_fd_sc_hd__dfxtp_4)
                                                         counter_val_o[4] (net)
                      0.105433    0.001979    0.472940 ^ _35_/A1 (sky130_fd_sc_hd__o21a_1)
     1    0.002191    0.024179    0.079915    0.552855 ^ _35_/X (sky130_fd_sc_hd__o21a_1)
                                                         _06_ (net)
                      0.024180    0.000156    0.553012 ^ _44_/D (sky130_fd_sc_hd__dfxtp_4)
                                              0.553012   data arrival time

                                  0.000000    0.000000   clock clk_i (rise edge)
                                  0.000000    0.000000   clock source latency
     1    0.013470    0.050175    0.033886    0.033886 ^ clk_i (in)
                                                         clk_i (net)
                      0.050197    0.000000    0.033886 ^ clkbuf_0_clk_i/A (sky130_fd_sc_hd__clkbuf_16)
     2    0.019753    0.031073    0.089482    0.123369 ^ clkbuf_0_clk_i/X (sky130_fd_sc_hd__clkbuf_16)
                                                         clknet_0_clk_i (net)
                      0.031096    0.001319    0.124687 ^ clkbuf_1_1__f_clk_i/A (sky130_fd_sc_hd__clkbuf_16)
     4    0.013980    0.027197    0.080177    0.204864 ^ clkbuf_1_1__f_clk_i/X (sky130_fd_sc_hd__clkbuf_16)
                                                         clknet_1_1__leaf_clk_i (net)
                      0.027209    0.001017    0.205881 ^ _44_/CLK (sky130_fd_sc_hd__dfxtp_4)
                                  0.100000    0.305881   clock uncertainty
                                  0.000000    0.305881   clock reconvergence pessimism
                                 -0.015807    0.290074   library hold time
                                              0.290074   data required time
---------------------------------------------------------------------------------------------
                                              0.290074   data required time
                                             -0.553012   data arrival time
---------------------------------------------------------------------------------------------
                                              0.262938   slack (MET)


Startpoint: _38_ (rising edge-triggered flip-flop clocked by clk_i)
Endpoint: _38_ (rising edge-triggered flip-flop clocked by clk_i)
Path Group: clk_i
Path Type: min

Fanout         Cap        Slew       Delay        Time   Description
---------------------------------------------------------------------------------------------
                                  0.000000    0.000000   clock clk_i (rise edge)
                                  0.000000    0.000000   clock source latency
     1    0.013470    0.050175    0.033886    0.033886 ^ clk_i (in)
                                                         clk_i (net)
                      0.050197    0.000000    0.033886 ^ clkbuf_0_clk_i/A (sky130_fd_sc_hd__clkbuf_16)
     2    0.019753    0.031073    0.089482    0.123369 ^ clkbuf_0_clk_i/X (sky130_fd_sc_hd__clkbuf_16)
                                                         clknet_0_clk_i (net)
                      0.031096    0.001319    0.124687 ^ clkbuf_1_1__f_clk_i/A (sky130_fd_sc_hd__clkbuf_16)
     4    0.013980    0.027197    0.080177    0.204864 ^ clkbuf_1_1__f_clk_i/X (sky130_fd_sc_hd__clkbuf_16)
                                                         clknet_1_1__leaf_clk_i (net)
                      0.027211    0.001089    0.205954 ^ _38_/CLK (sky130_fd_sc_hd__dfxtp_4)
     5    0.046574    0.105121    0.263807    0.469761 ^ _38_/Q (sky130_fd_sc_hd__dfxtp_4)
                                                         counter_val_o[6] (net)
                      0.105344    0.004280    0.474041 ^ _23_/A1 (sky130_fd_sc_hd__o21a_1)
     1    0.002952    0.028743    0.083997    0.558037 ^ _23_/X (sky130_fd_sc_hd__o21a_1)
                                                         _00_ (net)
                      0.028743    0.000187    0.558225 ^ _38_/D (sky130_fd_sc_hd__dfxtp_4)
                                              0.558225   data arrival time

                                  0.000000    0.000000   clock clk_i (rise edge)
                                  0.000000    0.000000   clock source latency
     1    0.013470    0.050175    0.033886    0.033886 ^ clk_i (in)
                                                         clk_i (net)
                      0.050197    0.000000    0.033886 ^ clkbuf_0_clk_i/A (sky130_fd_sc_hd__clkbuf_16)
     2    0.019753    0.031073    0.089482    0.123369 ^ clkbuf_0_clk_i/X (sky130_fd_sc_hd__clkbuf_16)
                                                         clknet_0_clk_i (net)
                      0.031096    0.001319    0.124687 ^ clkbuf_1_1__f_clk_i/A (sky130_fd_sc_hd__clkbuf_16)
     4    0.013980    0.027197    0.080177    0.204864 ^ clkbuf_1_1__f_clk_i/X (sky130_fd_sc_hd__clkbuf_16)
                                                         clknet_1_1__leaf_clk_i (net)
                      0.027211    0.001089    0.205954 ^ _38_/CLK (sky130_fd_sc_hd__dfxtp_4)
                                  0.100000    0.305954   clock uncertainty
                                  0.000000    0.305954   clock reconvergence pessimism
                                 -0.016141    0.289813   library hold time
                                              0.289813   data required time
---------------------------------------------------------------------------------------------
                                              0.289813   data required time
                                             -0.558225   data arrival time
---------------------------------------------------------------------------------------------
                                              0.268412   slack (MET)


Startpoint: _39_ (rising edge-triggered flip-flop clocked by clk_i)
Endpoint: _39_ (rising edge-triggered flip-flop clocked by clk_i)
Path Group: clk_i
Path Type: min

Fanout         Cap        Slew       Delay        Time   Description
---------------------------------------------------------------------------------------------
                                  0.000000    0.000000   clock clk_i (rise edge)
                                  0.000000    0.000000   clock source latency
     1    0.013470    0.050175    0.033886    0.033886 ^ clk_i (in)
                                                         clk_i (net)
                      0.050197    0.000000    0.033886 ^ clkbuf_0_clk_i/A (sky130_fd_sc_hd__clkbuf_16)
     2    0.019753    0.031073    0.089482    0.123369 ^ clkbuf_0_clk_i/X (sky130_fd_sc_hd__clkbuf_16)
                                                         clknet_0_clk_i (net)
                      0.031096    0.001319    0.124687 ^ clkbuf_1_1__f_clk_i/A (sky130_fd_sc_hd__clkbuf_16)
     4    0.013980    0.027197    0.080177    0.204864 ^ clkbuf_1_1__f_clk_i/X (sky130_fd_sc_hd__clkbuf_16)
                                                         clknet_1_1__leaf_clk_i (net)
                      0.027213    0.001161    0.206025 ^ _39_/CLK (sky130_fd_sc_hd__dfxtp_2)
     3    0.039716    0.071677    0.242655    0.448680 v _39_/Q (sky130_fd_sc_hd__dfxtp_2)
                                                         counter_val_o[7] (net)
                      0.071727    0.001713    0.450392 v _24_/B1 (sky130_fd_sc_hd__a21oi_1)
     1    0.003647    0.058412    0.071915    0.522308 ^ _24_/Y (sky130_fd_sc_hd__a21oi_1)
                                                         _12_ (net)
                      0.058413    0.000161    0.522469 ^ _26_/A (sky130_fd_sc_hd__nor2_1)
     1    0.002318    0.015913    0.027588    0.550057 v _26_/Y (sky130_fd_sc_hd__nor2_1)
                                                         _01_ (net)
                      0.015914    0.000158    0.550215 v _39_/D (sky130_fd_sc_hd__dfxtp_2)
                                              0.550215   data arrival time

                                  0.000000    0.000000   clock clk_i (rise edge)
                                  0.000000    0.000000   clock source latency
     1    0.013470    0.050175    0.033886    0.033886 ^ clk_i (in)
                                                         clk_i (net)
                      0.050197    0.000000    0.033886 ^ clkbuf_0_clk_i/A (sky130_fd_sc_hd__clkbuf_16)
     2    0.019753    0.031073    0.089482    0.123369 ^ clkbuf_0_clk_i/X (sky130_fd_sc_hd__clkbuf_16)
                                                         clknet_0_clk_i (net)
                      0.031096    0.001319    0.124687 ^ clkbuf_1_1__f_clk_i/A (sky130_fd_sc_hd__clkbuf_16)
     4    0.013980    0.027197    0.080177    0.204864 ^ clkbuf_1_1__f_clk_i/X (sky130_fd_sc_hd__clkbuf_16)
                                                         clknet_1_1__leaf_clk_i (net)
                      0.027213    0.001161    0.206025 ^ _39_/CLK (sky130_fd_sc_hd__dfxtp_2)
                                  0.100000    0.306025   clock uncertainty
                                  0.000000    0.306025   clock reconvergence pessimism
                                 -0.030012    0.276013   library hold time
                                              0.276013   data required time
---------------------------------------------------------------------------------------------
                                              0.276013   data required time
                                             -0.550215   data arrival time
---------------------------------------------------------------------------------------------
                                              0.274202   slack (MET)


Startpoint: _45_ (rising edge-triggered flip-flop clocked by clk_i)
Endpoint: _45_ (rising edge-triggered flip-flop clocked by clk_i)
Path Group: clk_i
Path Type: min

Fanout         Cap        Slew       Delay        Time   Description
---------------------------------------------------------------------------------------------
                                  0.000000    0.000000   clock clk_i (rise edge)
                                  0.000000    0.000000   clock source latency
     1    0.013470    0.050175    0.033886    0.033886 ^ clk_i (in)
                                                         clk_i (net)
                      0.050197    0.000000    0.033886 ^ clkbuf_0_clk_i/A (sky130_fd_sc_hd__clkbuf_16)
     2    0.019753    0.031073    0.089482    0.123369 ^ clkbuf_0_clk_i/X (sky130_fd_sc_hd__clkbuf_16)
                                                         clknet_0_clk_i (net)
                      0.031096    0.001319    0.124687 ^ clkbuf_1_1__f_clk_i/A (sky130_fd_sc_hd__clkbuf_16)
     4    0.013980    0.027197    0.080177    0.204864 ^ clkbuf_1_1__f_clk_i/X (sky130_fd_sc_hd__clkbuf_16)
                                                         clknet_1_1__leaf_clk_i (net)
                      0.027207    0.000945    0.205809 ^ _45_/CLK (sky130_fd_sc_hd__dfxtp_2)
     3    0.038760    0.070241    0.241420    0.447229 v _45_/Q (sky130_fd_sc_hd__dfxtp_2)
                                                         counter_val_o[5] (net)
                      0.070289    0.001657    0.448885 v _36_/B1 (sky130_fd_sc_hd__a21oi_1)
     1    0.004364    0.065069    0.076763    0.525648 ^ _36_/Y (sky130_fd_sc_hd__a21oi_1)
                                                         _18_ (net)
                      0.065069    0.000288    0.525937 ^ _37_/C (sky130_fd_sc_hd__nor3_1)
     1    0.002961    0.025379    0.029135    0.555071 v _37_/Y (sky130_fd_sc_hd__nor3_1)
                                                         _07_ (net)
                      0.025379    0.000200    0.555271 v _45_/D (sky130_fd_sc_hd__dfxtp_2)
                                              0.555271   data arrival time

                                  0.000000    0.000000   clock clk_i (rise edge)
                                  0.000000    0.000000   clock source latency
     1    0.013470    0.050175    0.033886    0.033886 ^ clk_i (in)
                                                         clk_i (net)
                      0.050197    0.000000    0.033886 ^ clkbuf_0_clk_i/A (sky130_fd_sc_hd__clkbuf_16)
     2    0.019753    0.031073    0.089482    0.123369 ^ clkbuf_0_clk_i/X (sky130_fd_sc_hd__clkbuf_16)
                                                         clknet_0_clk_i (net)
                      0.031096    0.001319    0.124687 ^ clkbuf_1_1__f_clk_i/A (sky130_fd_sc_hd__clkbuf_16)
     4    0.013980    0.027197    0.080177    0.204864 ^ clkbuf_1_1__f_clk_i/X (sky130_fd_sc_hd__clkbuf_16)
                                                         clknet_1_1__leaf_clk_i (net)
                      0.027207    0.000945    0.205809 ^ _45_/CLK (sky130_fd_sc_hd__dfxtp_2)
                                  0.100000    0.305809   clock uncertainty
                                  0.000000    0.305809   clock reconvergence pessimism
                                 -0.033161    0.272648   library hold time
                                              0.272648   data required time
---------------------------------------------------------------------------------------------
                                              0.272648   data required time
                                             -0.555271   data arrival time
---------------------------------------------------------------------------------------------
                                              0.282623   slack (MET)


Startpoint: _43_ (rising edge-triggered flip-flop clocked by clk_i)
Endpoint: _43_ (rising edge-triggered flip-flop clocked by clk_i)
Path Group: clk_i
Path Type: min

Fanout         Cap        Slew       Delay        Time   Description
---------------------------------------------------------------------------------------------
                                  0.000000    0.000000   clock clk_i (rise edge)
                                  0.000000    0.000000   clock source latency
     1    0.013470    0.050175    0.033886    0.033886 ^ clk_i (in)
                                                         clk_i (net)
                      0.050197    0.000000    0.033886 ^ clkbuf_0_clk_i/A (sky130_fd_sc_hd__clkbuf_16)
     2    0.019753    0.031073    0.089482    0.123369 ^ clkbuf_0_clk_i/X (sky130_fd_sc_hd__clkbuf_16)
                                                         clknet_0_clk_i (net)
                      0.031094    0.001286    0.124655 ^ clkbuf_1_0__f_clk_i/A (sky130_fd_sc_hd__clkbuf_16)
     5    0.016654    0.028963    0.081925    0.206580 ^ clkbuf_1_0__f_clk_i/X (sky130_fd_sc_hd__clkbuf_16)
                                                         clknet_1_0__leaf_clk_i (net)
                      0.028983    0.001292    0.207871 ^ _43_/CLK (sky130_fd_sc_hd__dfxtp_2)
     3    0.039469    0.152278    0.281198    0.489069 ^ _43_/Q (sky130_fd_sc_hd__dfxtp_2)
                                                         counter_val_o[3] (net)
                      0.152298    0.001770    0.490839 ^ _33_/A1 (sky130_fd_sc_hd__o21a_1)
     1    0.003252    0.030897    0.089759    0.580598 ^ _33_/X (sky130_fd_sc_hd__o21a_1)
                                                         _05_ (net)
                      0.030898    0.000212    0.580810 ^ _43_/D (sky130_fd_sc_hd__dfxtp_2)
                                              0.580810   data arrival time

                                  0.000000    0.000000   clock clk_i (rise edge)
                                  0.000000    0.000000   clock source latency
     1    0.013470    0.050175    0.033886    0.033886 ^ clk_i (in)
                                                         clk_i (net)
                      0.050197    0.000000    0.033886 ^ clkbuf_0_clk_i/A (sky130_fd_sc_hd__clkbuf_16)
     2    0.019753    0.031073    0.089482    0.123369 ^ clkbuf_0_clk_i/X (sky130_fd_sc_hd__clkbuf_16)
                                                         clknet_0_clk_i (net)
                      0.031094    0.001286    0.124655 ^ clkbuf_1_0__f_clk_i/A (sky130_fd_sc_hd__clkbuf_16)
     5    0.016654    0.028963    0.081925    0.206580 ^ clkbuf_1_0__f_clk_i/X (sky130_fd_sc_hd__clkbuf_16)
                                                         clknet_1_0__leaf_clk_i (net)
                      0.028983    0.001292    0.207871 ^ _43_/CLK (sky130_fd_sc_hd__dfxtp_2)
                                  0.100000    0.307871   clock uncertainty
                                  0.000000    0.307871   clock reconvergence pessimism
                                 -0.017341    0.290530   library hold time
                                              0.290530   data required time
---------------------------------------------------------------------------------------------
                                              0.290530   data required time
                                             -0.580810   data arrival time
---------------------------------------------------------------------------------------------
                                              0.290280   slack (MET)


Startpoint: _40_ (rising edge-triggered flip-flop clocked by clk_i)
Endpoint: _40_ (rising edge-triggered flip-flop clocked by clk_i)
Path Group: clk_i
Path Type: min

Fanout         Cap        Slew       Delay        Time   Description
---------------------------------------------------------------------------------------------
                                  0.000000    0.000000   clock clk_i (rise edge)
                                  0.000000    0.000000   clock source latency
     1    0.013470    0.050175    0.033886    0.033886 ^ clk_i (in)
                                                         clk_i (net)
                      0.050197    0.000000    0.033886 ^ clkbuf_0_clk_i/A (sky130_fd_sc_hd__clkbuf_16)
     2    0.019753    0.031073    0.089482    0.123369 ^ clkbuf_0_clk_i/X (sky130_fd_sc_hd__clkbuf_16)
                                                         clknet_0_clk_i (net)
                      0.031094    0.001286    0.124655 ^ clkbuf_1_0__f_clk_i/A (sky130_fd_sc_hd__clkbuf_16)
     5    0.016654    0.028963    0.081925    0.206580 ^ clkbuf_1_0__f_clk_i/X (sky130_fd_sc_hd__clkbuf_16)
                                                         clknet_1_0__leaf_clk_i (net)
                      0.028983    0.001296    0.207876 ^ _40_/CLK (sky130_fd_sc_hd__dfxtp_4)
     7    0.050874    0.062461    0.250522    0.458398 v _40_/Q (sky130_fd_sc_hd__dfxtp_4)
                                                         counter_val_o[0] (net)
                      0.062539    0.002005    0.460403 v hold1/A (sky130_fd_sc_hd__dlygate4sd3_1)
     1    0.002707    0.037612    0.371584    0.831987 v hold1/X (sky130_fd_sc_hd__dlygate4sd3_1)
                                                         net2 (net)
                      0.037612    0.000125    0.832112 v _27_/A (sky130_fd_sc_hd__nor2_1)
     1    0.002247    0.047142    0.062228    0.894341 ^ _27_/Y (sky130_fd_sc_hd__nor2_1)
                                                         _02_ (net)
                      0.047142    0.000150    0.894490 ^ _40_/D (sky130_fd_sc_hd__dfxtp_4)
                                              0.894490   data arrival time

                                  0.000000    0.000000   clock clk_i (rise edge)
                                  0.000000    0.000000   clock source latency
     1    0.013470    0.050175    0.033886    0.033886 ^ clk_i (in)
                                                         clk_i (net)
                      0.050197    0.000000    0.033886 ^ clkbuf_0_clk_i/A (sky130_fd_sc_hd__clkbuf_16)
     2    0.019753    0.031073    0.089482    0.123369 ^ clkbuf_0_clk_i/X (sky130_fd_sc_hd__clkbuf_16)
                                                         clknet_0_clk_i (net)
                      0.031094    0.001286    0.124655 ^ clkbuf_1_0__f_clk_i/A (sky130_fd_sc_hd__clkbuf_16)
     5    0.016654    0.028963    0.081925    0.206580 ^ clkbuf_1_0__f_clk_i/X (sky130_fd_sc_hd__clkbuf_16)
                                                         clknet_1_0__leaf_clk_i (net)
                      0.028983    0.001296    0.207876 ^ _40_/CLK (sky130_fd_sc_hd__dfxtp_4)
                                  0.100000    0.307876   clock uncertainty
                                  0.000000    0.307876   clock reconvergence pessimism
                                 -0.017454    0.290422   library hold time
                                              0.290422   data required time
---------------------------------------------------------------------------------------------
                                              0.290422   data required time
                                             -0.894490   data arrival time
---------------------------------------------------------------------------------------------
                                              0.604068   slack (MET)


Startpoint: _45_ (rising edge-triggered flip-flop clocked by clk_i)
Endpoint: counter_val_o[5] (output port clocked by clk_i)
Path Group: clk_i
Path Type: min

Fanout         Cap        Slew       Delay        Time   Description
---------------------------------------------------------------------------------------------
                                  0.000000    0.000000   clock clk_i (rise edge)
                                  0.000000    0.000000   clock source latency
     1    0.013470    0.050175    0.033886    0.033886 ^ clk_i (in)
                                                         clk_i (net)
                      0.050197    0.000000    0.033886 ^ clkbuf_0_clk_i/A (sky130_fd_sc_hd__clkbuf_16)
     2    0.019753    0.031073    0.089482    0.123369 ^ clkbuf_0_clk_i/X (sky130_fd_sc_hd__clkbuf_16)
                                                         clknet_0_clk_i (net)
                      0.031096    0.001319    0.124687 ^ clkbuf_1_1__f_clk_i/A (sky130_fd_sc_hd__clkbuf_16)
     4    0.013980    0.027197    0.080177    0.204864 ^ clkbuf_1_1__f_clk_i/X (sky130_fd_sc_hd__clkbuf_16)
                                                         clknet_1_1__leaf_clk_i (net)
                      0.027207    0.000945    0.205809 ^ _45_/CLK (sky130_fd_sc_hd__dfxtp_2)
     3    0.038760    0.070241    0.241420    0.447229 v _45_/Q (sky130_fd_sc_hd__dfxtp_2)
                                                         counter_val_o[5] (net)
                      0.070292    0.001706    0.448935 v counter_val_o[5] (out)
                                              0.448935   data arrival time

                                  0.000000    0.000000   clock clk_i (rise edge)
                                  0.000000    0.000000   clock network delay (propagated)
                                  0.100000    0.100000   clock uncertainty
                                  0.000000    0.100000   clock reconvergence pessimism
                                 -4.000000   -3.900000   output external delay
                                             -3.900000   data required time
---------------------------------------------------------------------------------------------
                                             -3.900000   data required time
                                             -0.448935   data arrival time
---------------------------------------------------------------------------------------------
                                              4.348935   slack (MET)


Startpoint: _39_ (rising edge-triggered flip-flop clocked by clk_i)
Endpoint: counter_val_o[7] (output port clocked by clk_i)
Path Group: clk_i
Path Type: min

Fanout         Cap        Slew       Delay        Time   Description
---------------------------------------------------------------------------------------------
                                  0.000000    0.000000   clock clk_i (rise edge)
                                  0.000000    0.000000   clock source latency
     1    0.013470    0.050175    0.033886    0.033886 ^ clk_i (in)
                                                         clk_i (net)
                      0.050197    0.000000    0.033886 ^ clkbuf_0_clk_i/A (sky130_fd_sc_hd__clkbuf_16)
     2    0.019753    0.031073    0.089482    0.123369 ^ clkbuf_0_clk_i/X (sky130_fd_sc_hd__clkbuf_16)
                                                         clknet_0_clk_i (net)
                      0.031096    0.001319    0.124687 ^ clkbuf_1_1__f_clk_i/A (sky130_fd_sc_hd__clkbuf_16)
     4    0.013980    0.027197    0.080177    0.204864 ^ clkbuf_1_1__f_clk_i/X (sky130_fd_sc_hd__clkbuf_16)
                                                         clknet_1_1__leaf_clk_i (net)
                      0.027213    0.001161    0.206025 ^ _39_/CLK (sky130_fd_sc_hd__dfxtp_2)
     3    0.039716    0.071677    0.242655    0.448680 v _39_/Q (sky130_fd_sc_hd__dfxtp_2)
                                                         counter_val_o[7] (net)
                      0.071730    0.001753    0.450433 v counter_val_o[7] (out)
                                              0.450433   data arrival time

                                  0.000000    0.000000   clock clk_i (rise edge)
                                  0.000000    0.000000   clock network delay (propagated)
                                  0.100000    0.100000   clock uncertainty
                                  0.000000    0.100000   clock reconvergence pessimism
                                 -4.000000   -3.900000   output external delay
                                             -3.900000   data required time
---------------------------------------------------------------------------------------------
                                             -3.900000   data required time
                                             -0.450433   data arrival time
---------------------------------------------------------------------------------------------
                                              4.350432   slack (MET)


Startpoint: _43_ (rising edge-triggered flip-flop clocked by clk_i)
Endpoint: counter_val_o[3] (output port clocked by clk_i)
Path Group: clk_i
Path Type: min

Fanout         Cap        Slew       Delay        Time   Description
---------------------------------------------------------------------------------------------
                                  0.000000    0.000000   clock clk_i (rise edge)
                                  0.000000    0.000000   clock source latency
     1    0.013470    0.050175    0.033886    0.033886 ^ clk_i (in)
                                                         clk_i (net)
                      0.050197    0.000000    0.033886 ^ clkbuf_0_clk_i/A (sky130_fd_sc_hd__clkbuf_16)
     2    0.019753    0.031073    0.089482    0.123369 ^ clkbuf_0_clk_i/X (sky130_fd_sc_hd__clkbuf_16)
                                                         clknet_0_clk_i (net)
                      0.031094    0.001286    0.124655 ^ clkbuf_1_0__f_clk_i/A (sky130_fd_sc_hd__clkbuf_16)
     5    0.016654    0.028963    0.081925    0.206580 ^ clkbuf_1_0__f_clk_i/X (sky130_fd_sc_hd__clkbuf_16)
                                                         clknet_1_0__leaf_clk_i (net)
                      0.028983    0.001292    0.207871 ^ _43_/CLK (sky130_fd_sc_hd__dfxtp_2)
     3    0.039139    0.070833    0.242390    0.450262 v _43_/Q (sky130_fd_sc_hd__dfxtp_2)
                                                         counter_val_o[3] (net)
                      0.070888    0.001773    0.452034 v counter_val_o[3] (out)
                                              0.452034   data arrival time

                                  0.000000    0.000000   clock clk_i (rise edge)
                                  0.000000    0.000000   clock network delay (propagated)
                                  0.100000    0.100000   clock uncertainty
                                  0.000000    0.100000   clock reconvergence pessimism
                                 -4.000000   -3.900000   output external delay
                                             -3.900000   data required time
---------------------------------------------------------------------------------------------
                                             -3.900000   data required time
                                             -0.452034   data arrival time
---------------------------------------------------------------------------------------------
                                              4.352035   slack (MET)


Startpoint: _42_ (rising edge-triggered flip-flop clocked by clk_i)
Endpoint: counter_val_o[2] (output port clocked by clk_i)
Path Group: clk_i
Path Type: min

Fanout         Cap        Slew       Delay        Time   Description
---------------------------------------------------------------------------------------------
                                  0.000000    0.000000   clock clk_i (rise edge)
                                  0.000000    0.000000   clock source latency
     1    0.013470    0.050175    0.033886    0.033886 ^ clk_i (in)
                                                         clk_i (net)
                      0.050197    0.000000    0.033886 ^ clkbuf_0_clk_i/A (sky130_fd_sc_hd__clkbuf_16)
     2    0.019753    0.031073    0.089482    0.123369 ^ clkbuf_0_clk_i/X (sky130_fd_sc_hd__clkbuf_16)
                                                         clknet_0_clk_i (net)
                      0.031094    0.001286    0.124655 ^ clkbuf_1_0__f_clk_i/A (sky130_fd_sc_hd__clkbuf_16)
     5    0.016654    0.028963    0.081925    0.206580 ^ clkbuf_1_0__f_clk_i/X (sky130_fd_sc_hd__clkbuf_16)
                                                         clknet_1_0__leaf_clk_i (net)
                      0.028985    0.001374    0.207953 ^ _42_/CLK (sky130_fd_sc_hd__dfxtp_4)
     4    0.042047    0.054768    0.243647    0.451600 v _42_/Q (sky130_fd_sc_hd__dfxtp_4)
                                                         counter_val_o[2] (net)
                      0.055003    0.003080    0.454680 v counter_val_o[2] (out)
                                              0.454680   data arrival time

                                  0.000000    0.000000   clock clk_i (rise edge)
                                  0.000000    0.000000   clock network delay (propagated)
                                  0.100000    0.100000   clock uncertainty
                                  0.000000    0.100000   clock reconvergence pessimism
                                 -4.000000   -3.900000   output external delay
                                             -3.900000   data required time
---------------------------------------------------------------------------------------------
                                             -3.900000   data required time
                                             -0.454680   data arrival time
---------------------------------------------------------------------------------------------
                                              4.354680   slack (MET)


Startpoint: _44_ (rising edge-triggered flip-flop clocked by clk_i)
Endpoint: counter_val_o[4] (output port clocked by clk_i)
Path Group: clk_i
Path Type: min

Fanout         Cap        Slew       Delay        Time   Description
---------------------------------------------------------------------------------------------
                                  0.000000    0.000000   clock clk_i (rise edge)
                                  0.000000    0.000000   clock source latency
     1    0.013470    0.050175    0.033886    0.033886 ^ clk_i (in)
                                                         clk_i (net)
                      0.050197    0.000000    0.033886 ^ clkbuf_0_clk_i/A (sky130_fd_sc_hd__clkbuf_16)
     2    0.019753    0.031073    0.089482    0.123369 ^ clkbuf_0_clk_i/X (sky130_fd_sc_hd__clkbuf_16)
                                                         clknet_0_clk_i (net)
                      0.031096    0.001319    0.124687 ^ clkbuf_1_1__f_clk_i/A (sky130_fd_sc_hd__clkbuf_16)
     4    0.013980    0.027197    0.080177    0.204864 ^ clkbuf_1_1__f_clk_i/X (sky130_fd_sc_hd__clkbuf_16)
                                                         clknet_1_1__leaf_clk_i (net)
                      0.027209    0.001017    0.205881 ^ _44_/CLK (sky130_fd_sc_hd__dfxtp_4)
     5    0.046128    0.058227    0.246384    0.452265 v _44_/Q (sky130_fd_sc_hd__dfxtp_4)
                                                         counter_val_o[4] (net)
                      0.058477    0.003281    0.455545 v counter_val_o[4] (out)
                                              0.455545   data arrival time

                                  0.000000    0.000000   clock clk_i (rise edge)
                                  0.000000    0.000000   clock network delay (propagated)
                                  0.100000    0.100000   clock uncertainty
                                  0.000000    0.100000   clock reconvergence pessimism
                                 -4.000000   -3.900000   output external delay
                                             -3.900000   data required time
---------------------------------------------------------------------------------------------
                                             -3.900000   data required time
                                             -0.455545   data arrival time
---------------------------------------------------------------------------------------------
                                              4.355546   slack (MET)


Startpoint: _38_ (rising edge-triggered flip-flop clocked by clk_i)
Endpoint: counter_val_o[6] (output port clocked by clk_i)
Path Group: clk_i
Path Type: min

Fanout         Cap        Slew       Delay        Time   Description
---------------------------------------------------------------------------------------------
                                  0.000000    0.000000   clock clk_i (rise edge)
                                  0.000000    0.000000   clock source latency
     1    0.013470    0.050175    0.033886    0.033886 ^ clk_i (in)
                                                         clk_i (net)
                      0.050197    0.000000    0.033886 ^ clkbuf_0_clk_i/A (sky130_fd_sc_hd__clkbuf_16)
     2    0.019753    0.031073    0.089482    0.123369 ^ clkbuf_0_clk_i/X (sky130_fd_sc_hd__clkbuf_16)
                                                         clknet_0_clk_i (net)
                      0.031096    0.001319    0.124687 ^ clkbuf_1_1__f_clk_i/A (sky130_fd_sc_hd__clkbuf_16)
     4    0.013980    0.027197    0.080177    0.204864 ^ clkbuf_1_1__f_clk_i/X (sky130_fd_sc_hd__clkbuf_16)
                                                         clknet_1_1__leaf_clk_i (net)
                      0.027211    0.001089    0.205954 ^ _38_/CLK (sky130_fd_sc_hd__dfxtp_4)
     5    0.045881    0.058459    0.245089    0.451042 v _38_/Q (sky130_fd_sc_hd__dfxtp_4)
                                                         counter_val_o[6] (net)
                      0.059081    0.004945    0.455987 v counter_val_o[6] (out)
                                              0.455987   data arrival time

                                  0.000000    0.000000   clock clk_i (rise edge)
                                  0.000000    0.000000   clock network delay (propagated)
                                  0.100000    0.100000   clock uncertainty
                                  0.000000    0.100000   clock reconvergence pessimism
                                 -4.000000   -3.900000   output external delay
                                             -3.900000   data required time
---------------------------------------------------------------------------------------------
                                             -3.900000   data required time
                                             -0.455987   data arrival time
---------------------------------------------------------------------------------------------
                                              4.355988   slack (MET)


Startpoint: _41_ (rising edge-triggered flip-flop clocked by clk_i)
Endpoint: counter_val_o[1] (output port clocked by clk_i)
Path Group: clk_i
Path Type: min

Fanout         Cap        Slew       Delay        Time   Description
---------------------------------------------------------------------------------------------
                                  0.000000    0.000000   clock clk_i (rise edge)
                                  0.000000    0.000000   clock source latency
     1    0.013470    0.050175    0.033886    0.033886 ^ clk_i (in)
                                                         clk_i (net)
                      0.050197    0.000000    0.033886 ^ clkbuf_0_clk_i/A (sky130_fd_sc_hd__clkbuf_16)
     2    0.019753    0.031073    0.089482    0.123369 ^ clkbuf_0_clk_i/X (sky130_fd_sc_hd__clkbuf_16)
                                                         clknet_0_clk_i (net)
                      0.031094    0.001286    0.124655 ^ clkbuf_1_0__f_clk_i/A (sky130_fd_sc_hd__clkbuf_16)
     5    0.016654    0.028963    0.081925    0.206580 ^ clkbuf_1_0__f_clk_i/X (sky130_fd_sc_hd__clkbuf_16)
                                                         clknet_1_0__leaf_clk_i (net)
                      0.028986    0.001377    0.207957 ^ _41_/CLK (sky130_fd_sc_hd__dfxtp_4)
     6    0.048225    0.059613    0.249418    0.457375 v _41_/Q (sky130_fd_sc_hd__dfxtp_4)
                                                         counter_val_o[1] (net)
                      0.059695    0.001958    0.459333 v counter_val_o[1] (out)
                                              0.459333   data arrival time

                                  0.000000    0.000000   clock clk_i (rise edge)
                                  0.000000    0.000000   clock network delay (propagated)
                                  0.100000    0.100000   clock uncertainty
                                  0.000000    0.100000   clock reconvergence pessimism
                                 -4.000000   -3.900000   output external delay
                                             -3.900000   data required time
---------------------------------------------------------------------------------------------
                                             -3.900000   data required time
                                             -0.459333   data arrival time
---------------------------------------------------------------------------------------------
                                              4.359333   slack (MET)


Startpoint: _40_ (rising edge-triggered flip-flop clocked by clk_i)
Endpoint: counter_val_o[0] (output port clocked by clk_i)
Path Group: clk_i
Path Type: min

Fanout         Cap        Slew       Delay        Time   Description
---------------------------------------------------------------------------------------------
                                  0.000000    0.000000   clock clk_i (rise edge)
                                  0.000000    0.000000   clock source latency
     1    0.013470    0.050175    0.033886    0.033886 ^ clk_i (in)
                                                         clk_i (net)
                      0.050197    0.000000    0.033886 ^ clkbuf_0_clk_i/A (sky130_fd_sc_hd__clkbuf_16)
     2    0.019753    0.031073    0.089482    0.123369 ^ clkbuf_0_clk_i/X (sky130_fd_sc_hd__clkbuf_16)
                                                         clknet_0_clk_i (net)
                      0.031094    0.001286    0.124655 ^ clkbuf_1_0__f_clk_i/A (sky130_fd_sc_hd__clkbuf_16)
     5    0.016654    0.028963    0.081925    0.206580 ^ clkbuf_1_0__f_clk_i/X (sky130_fd_sc_hd__clkbuf_16)
                                                         clknet_1_0__leaf_clk_i (net)
                      0.028983    0.001296    0.207876 ^ _40_/CLK (sky130_fd_sc_hd__dfxtp_4)
     7    0.050874    0.062461    0.250522    0.458398 v _40_/Q (sky130_fd_sc_hd__dfxtp_4)
                                                         counter_val_o[0] (net)
                      0.062738    0.003562    0.461960 v counter_val_o[0] (out)
                                              0.461960   data arrival time

                                  0.000000    0.000000   clock clk_i (rise edge)
                                  0.000000    0.000000   clock network delay (propagated)
                                  0.100000    0.100000   clock uncertainty
                                  0.000000    0.100000   clock reconvergence pessimism
                                 -4.000000   -3.900000   output external delay
                                             -3.900000   data required time
---------------------------------------------------------------------------------------------
                                             -3.900000   data required time
                                             -0.461960   data arrival time
---------------------------------------------------------------------------------------------
                                              4.361960   slack (MET)



