Clock: clk_i
Sources: clk_i 
Generated: no
Virtual: yes
Propagated: no
Period: 20.000000

===========================================================================
report_clock_properties
============================================================================
Clock                   Period          Waveform
----------------------------------------------------
clk_i                20.000000    0.000000 10.000000

===========================================================================
report_clock_latency
============================================================================
Clock clk_i
rise -> rise
    min     max
0.000000 0.000000 source latency
0.077402         network latency _41_/CLK
        0.077916 network latency _45_/CLK
---------------
0.077402 0.077916 latency
        0.000513 skew

fall -> fall
    min     max
0.000000 0.000000 source latency
0.035809         network latency _41_/CLK
        0.036290 network latency _45_/CLK
---------------
0.035809 0.036290 latency
        0.000481 skew



===========================================================================
report_clock_min_period
============================================================================
clk_i period_min = 1.68 fmax = 594.09
