
===========================================================================
report_checks -path_delay max (Setup)
============================================================================
======================= nom_tt_025C_1v80 Corner ===================================

Startpoint: _40_ (rising edge-triggered flip-flop clocked by clk_i)
Endpoint: counter_val_o[0] (output port clocked by clk_i)
Path Group: clk_i
Path Type: max

Fanout         Cap        Slew       Delay        Time   Description
---------------------------------------------------------------------------------------------
                                  0.000000    0.000000   clock clk_i (rise edge)
                                  0.000000    0.000000   clock source latency
     8    0.023869    0.112929    0.077406    0.077406 ^ clk_i (in)
                                                         clk_i (net)
                      0.112929    0.000000    0.077406 ^ _40_/CLK (sky130_fd_sc_hd__dfxtp_2)
     7    0.054060    0.272930    0.509360    0.586766 ^ _40_/Q (sky130_fd_sc_hd__dfxtp_2)
                                                         counter_val_o[0] (net)
                      0.272930    0.000201    0.586967 ^ counter_val_o[0] (out)
                                              0.586967   data arrival time

                                 20.000000   20.000000   clock clk_i (rise edge)
                                  0.000000   20.000000   clock network delay (propagated)
                                 -0.250000   19.750002   clock uncertainty
                                  0.000000   19.750002   clock reconvergence pessimism
                                 -4.000000   15.750001   output external delay
                                             15.750001   data required time
---------------------------------------------------------------------------------------------
                                             15.750001   data required time
                                             -0.586967   data arrival time
---------------------------------------------------------------------------------------------
                                             15.163033   slack (MET)


Startpoint: _41_ (rising edge-triggered flip-flop clocked by clk_i)
Endpoint: counter_val_o[1] (output port clocked by clk_i)
Path Group: clk_i
Path Type: max

Fanout         Cap        Slew       Delay        Time   Description
---------------------------------------------------------------------------------------------
                                  0.000000    0.000000   clock clk_i (rise edge)
                                  0.000000    0.000000   clock source latency
     8    0.023869    0.112929    0.077402    0.077402 ^ clk_i (in)
                                                         clk_i (net)
                      0.112929    0.000000    0.077402 ^ _41_/CLK (sky130_fd_sc_hd__dfxtp_2)
     6    0.050378    0.254968    0.496763    0.574165 ^ _41_/Q (sky130_fd_sc_hd__dfxtp_2)
                                                         counter_val_o[1] (net)
                      0.254968    0.000200    0.574365 ^ counter_val_o[1] (out)
                                              0.574365   data arrival time

                                 20.000000   20.000000   clock clk_i (rise edge)
                                  0.000000   20.000000   clock network delay (propagated)
                                 -0.250000   19.750002   clock uncertainty
                                  0.000000   19.750002   clock reconvergence pessimism
                                 -4.000000   15.750001   output external delay
                                             15.750001   data required time
---------------------------------------------------------------------------------------------
                                             15.750001   data required time
                                             -0.574365   data arrival time
---------------------------------------------------------------------------------------------
                                             15.175635   slack (MET)


Startpoint: _38_ (rising edge-triggered flip-flop clocked by clk_i)
Endpoint: counter_val_o[6] (output port clocked by clk_i)
Path Group: clk_i
Path Type: max

Fanout         Cap        Slew       Delay        Time   Description
---------------------------------------------------------------------------------------------
                                  0.000000    0.000000   clock clk_i (rise edge)
                                  0.000000    0.000000   clock source latency
     8    0.023869    0.112929    0.077907    0.077907 ^ clk_i (in)
                                                         clk_i (net)
                      0.112934    0.000000    0.077907 ^ _38_/CLK (sky130_fd_sc_hd__dfxtp_2)
     5    0.048750    0.247037    0.491172    0.569079 ^ _38_/Q (sky130_fd_sc_hd__dfxtp_2)
                                                         counter_val_o[6] (net)
                      0.247037    0.000245    0.569324 ^ counter_val_o[6] (out)
                                              0.569324   data arrival time

                                 20.000000   20.000000   clock clk_i (rise edge)
                                  0.000000   20.000000   clock network delay (propagated)
                                 -0.250000   19.750002   clock uncertainty
                                  0.000000   19.750002   clock reconvergence pessimism
                                 -4.000000   15.750001   output external delay
                                             15.750001   data required time
---------------------------------------------------------------------------------------------
                                             15.750001   data required time
                                             -0.569324   data arrival time
---------------------------------------------------------------------------------------------
                                             15.180676   slack (MET)


Startpoint: _44_ (rising edge-triggered flip-flop clocked by clk_i)
Endpoint: counter_val_o[4] (output port clocked by clk_i)
Path Group: clk_i
Path Type: max

Fanout         Cap        Slew       Delay        Time   Description
---------------------------------------------------------------------------------------------
                                  0.000000    0.000000   clock clk_i (rise edge)
                                  0.000000    0.000000   clock source latency
     8    0.023869    0.112929    0.077913    0.077913 ^ clk_i (in)
                                                         clk_i (net)
                      0.112934    0.000000    0.077913 ^ _44_/CLK (sky130_fd_sc_hd__dfxtp_2)
     5    0.047856    0.242678    0.488108    0.566022 ^ _44_/Q (sky130_fd_sc_hd__dfxtp_2)
                                                         counter_val_o[4] (net)
                      0.242678    0.000251    0.566272 ^ counter_val_o[4] (out)
                                              0.566272   data arrival time

                                 20.000000   20.000000   clock clk_i (rise edge)
                                  0.000000   20.000000   clock network delay (propagated)
                                 -0.250000   19.750002   clock uncertainty
                                  0.000000   19.750002   clock reconvergence pessimism
                                 -4.000000   15.750001   output external delay
                                             15.750001   data required time
---------------------------------------------------------------------------------------------
                                             15.750001   data required time
                                             -0.566272   data arrival time
---------------------------------------------------------------------------------------------
                                             15.183728   slack (MET)


Startpoint: _42_ (rising edge-triggered flip-flop clocked by clk_i)
Endpoint: counter_val_o[2] (output port clocked by clk_i)
Path Group: clk_i
Path Type: max

Fanout         Cap        Slew       Delay        Time   Description
---------------------------------------------------------------------------------------------
                                  0.000000    0.000000   clock clk_i (rise edge)
                                  0.000000    0.000000   clock source latency
     8    0.023869    0.112929    0.077414    0.077414 ^ clk_i (in)
                                                         clk_i (net)
                      0.112929    0.000000    0.077414 ^ _42_/CLK (sky130_fd_sc_hd__dfxtp_2)
     4    0.042136    0.214763    0.468610    0.546024 ^ _42_/Q (sky130_fd_sc_hd__dfxtp_2)
                                                         counter_val_o[2] (net)
                      0.214763    0.000126    0.546150 ^ counter_val_o[2] (out)
                                              0.546150   data arrival time

                                 20.000000   20.000000   clock clk_i (rise edge)
                                  0.000000   20.000000   clock network delay (propagated)
                                 -0.250000   19.750002   clock uncertainty
                                  0.000000   19.750002   clock reconvergence pessimism
                                 -4.000000   15.750001   output external delay
                                             15.750001   data required time
---------------------------------------------------------------------------------------------
                                             15.750001   data required time
                                             -0.546150   data arrival time
---------------------------------------------------------------------------------------------
                                             15.203851   slack (MET)


Startpoint: _39_ (rising edge-triggered flip-flop clocked by clk_i)
Endpoint: counter_val_o[7] (output port clocked by clk_i)
Path Group: clk_i
Path Type: max

Fanout         Cap        Slew       Delay        Time   Description
---------------------------------------------------------------------------------------------
                                  0.000000    0.000000   clock clk_i (rise edge)
                                  0.000000    0.000000   clock source latency
     8    0.023869    0.112929    0.077908    0.077908 ^ clk_i (in)
                                                         clk_i (net)
                      0.112934    0.000000    0.077908 ^ _39_/CLK (sky130_fd_sc_hd__dfxtp_2)
     3    0.041391    0.211140    0.466031    0.543939 ^ _39_/Q (sky130_fd_sc_hd__dfxtp_2)
                                                         counter_val_o[7] (net)
                      0.211140    0.000177    0.544116 ^ counter_val_o[7] (out)
                                              0.544116   data arrival time

                                 20.000000   20.000000   clock clk_i (rise edge)
                                  0.000000   20.000000   clock network delay (propagated)
                                 -0.250000   19.750002   clock uncertainty
                                  0.000000   19.750002   clock reconvergence pessimism
                                 -4.000000   15.750001   output external delay
                                             15.750001   data required time
---------------------------------------------------------------------------------------------
                                             15.750001   data required time
                                             -0.544116   data arrival time
---------------------------------------------------------------------------------------------
                                             15.205885   slack (MET)


Startpoint: _45_ (rising edge-triggered flip-flop clocked by clk_i)
Endpoint: counter_val_o[5] (output port clocked by clk_i)
Path Group: clk_i
Path Type: max

Fanout         Cap        Slew       Delay        Time   Description
---------------------------------------------------------------------------------------------
                                  0.000000    0.000000   clock clk_i (rise edge)
                                  0.000000    0.000000   clock source latency
     8    0.023869    0.112929    0.077916    0.077916 ^ clk_i (in)
                                                         clk_i (net)
                      0.112934    0.000000    0.077916 ^ _45_/CLK (sky130_fd_sc_hd__dfxtp_2)
     3    0.040826    0.208383    0.464104    0.542020 ^ _45_/Q (sky130_fd_sc_hd__dfxtp_2)
                                                         counter_val_o[5] (net)
                      0.208383    0.000169    0.542189 ^ counter_val_o[5] (out)
                                              0.542189   data arrival time

                                 20.000000   20.000000   clock clk_i (rise edge)
                                  0.000000   20.000000   clock network delay (propagated)
                                 -0.250000   19.750002   clock uncertainty
                                  0.000000   19.750002   clock reconvergence pessimism
                                 -4.000000   15.750001   output external delay
                                             15.750001   data required time
---------------------------------------------------------------------------------------------
                                             15.750001   data required time
                                             -0.542189   data arrival time
---------------------------------------------------------------------------------------------
                                             15.207812   slack (MET)


Startpoint: _43_ (rising edge-triggered flip-flop clocked by clk_i)
Endpoint: counter_val_o[3] (output port clocked by clk_i)
Path Group: clk_i
Path Type: max

Fanout         Cap        Slew       Delay        Time   Description
---------------------------------------------------------------------------------------------
                                  0.000000    0.000000   clock clk_i (rise edge)
                                  0.000000    0.000000   clock source latency
     8    0.023869    0.112929    0.077415    0.077415 ^ clk_i (in)
                                                         clk_i (net)
                      0.112929    0.000000    0.077415 ^ _43_/CLK (sky130_fd_sc_hd__dfxtp_2)
     3    0.038440    0.196745    0.455962    0.533377 ^ _43_/Q (sky130_fd_sc_hd__dfxtp_2)
                                                         counter_val_o[3] (net)
                      0.196745    0.000132    0.533508 ^ counter_val_o[3] (out)
                                              0.533508   data arrival time

                                 20.000000   20.000000   clock clk_i (rise edge)
                                  0.000000   20.000000   clock network delay (propagated)
                                 -0.250000   19.750002   clock uncertainty
                                  0.000000   19.750002   clock reconvergence pessimism
                                 -4.000000   15.750001   output external delay
                                             15.750001   data required time
---------------------------------------------------------------------------------------------
                                             15.750001   data required time
                                             -0.533508   data arrival time
---------------------------------------------------------------------------------------------
                                             15.216494   slack (MET)


Startpoint: rst_i (input port clocked by clk_i)
Endpoint: _39_ (rising edge-triggered flip-flop clocked by clk_i)
Path Group: clk_i
Path Type: max

Fanout         Cap        Slew       Delay        Time   Description
---------------------------------------------------------------------------------------------
                                  0.000000    0.000000   clock clk_i (rise edge)
                                  0.000000    0.000000   clock network delay (propagated)
                                  4.000000    4.000000 v input external delay
     8    0.039466    0.088568    0.063550    4.063550 v rst_i (in)
                                                         rst_i (net)
                      0.088583    0.000000    4.063550 v _25_/B1 (sky130_fd_sc_hd__a31o_2)
     1    0.004238    0.041778    0.230016    4.293567 v _25_/X (sky130_fd_sc_hd__a31o_2)
                                                         _13_ (net)
                      0.041778    0.000002    4.293569 v _26_/B (sky130_fd_sc_hd__nor2_2)
     1    0.001877    0.053368    0.060775    4.354344 ^ _26_/Y (sky130_fd_sc_hd__nor2_2)
                                                         _01_ (net)
                      0.053368    0.000001    4.354345 ^ _39_/D (sky130_fd_sc_hd__dfxtp_2)
                                              4.354345   data arrival time

                                 20.000000   20.000000   clock clk_i (rise edge)
                                  0.000000   20.000000   clock source latency
     8    0.023869    0.112929    0.077907   20.077908 ^ clk_i (in)
                                                         clk_i (net)
                      0.112934    0.000000   20.077908 ^ _39_/CLK (sky130_fd_sc_hd__dfxtp_2)
                                 -0.250000   19.827909   clock uncertainty
                                  0.000000   19.827909   clock reconvergence pessimism
                                 -0.050756   19.777153   library setup time
                                             19.777153   data required time
---------------------------------------------------------------------------------------------
                                             19.777153   data required time
                                             -4.354345   data arrival time
---------------------------------------------------------------------------------------------
                                             15.422809   slack (MET)


Startpoint: rst_i (input port clocked by clk_i)
Endpoint: _43_ (rising edge-triggered flip-flop clocked by clk_i)
Path Group: clk_i
Path Type: max

Fanout         Cap        Slew       Delay        Time   Description
---------------------------------------------------------------------------------------------
                                  0.000000    0.000000   clock clk_i (rise edge)
                                  0.000000    0.000000   clock network delay (propagated)
                                  4.000000    4.000000 ^ input external delay
     8    0.043480    0.199893    0.138240    4.138240 ^ rst_i (in)
                                                         rst_i (net)
                      0.199894    0.000000    4.138240 ^ _32_/A (sky130_fd_sc_hd__nor2_2)
     1    0.002415    0.043328    0.058349    4.196589 v _32_/Y (sky130_fd_sc_hd__nor2_2)
                                                         _16_ (net)
                      0.043328    0.000001    4.196590 v _33_/B1 (sky130_fd_sc_hd__o21a_2)
     1    0.001723    0.030691    0.103976    4.300566 v _33_/X (sky130_fd_sc_hd__o21a_2)
                                                         _05_ (net)
                      0.030691    0.000000    4.300567 v _43_/D (sky130_fd_sc_hd__dfxtp_2)
                                              4.300567   data arrival time

                                 20.000000   20.000000   clock clk_i (rise edge)
                                  0.000000   20.000000   clock source latency
     8    0.023869    0.112929    0.077415   20.077415 ^ clk_i (in)
                                                         clk_i (net)
                      0.112929    0.000000   20.077415 ^ _43_/CLK (sky130_fd_sc_hd__dfxtp_2)
                                 -0.250000   19.827417   clock uncertainty
                                  0.000000   19.827417   clock reconvergence pessimism
                                 -0.090789   19.736628   library setup time
                                             19.736628   data required time
---------------------------------------------------------------------------------------------
                                             19.736628   data required time
                                             -4.300567   data arrival time
---------------------------------------------------------------------------------------------
                                             15.436060   slack (MET)


Startpoint: rst_i (input port clocked by clk_i)
Endpoint: _41_ (rising edge-triggered flip-flop clocked by clk_i)
Path Group: clk_i
Path Type: max

Fanout         Cap        Slew       Delay        Time   Description
---------------------------------------------------------------------------------------------
                                  0.000000    0.000000   clock clk_i (rise edge)
                                  0.000000    0.000000   clock network delay (propagated)
                                  4.000000    4.000000 ^ input external delay
     8    0.043480    0.199893    0.138170    4.138170 ^ rst_i (in)
                                                         rst_i (net)
                      0.199893    0.000000    4.138170 ^ _28_/B1 (sky130_fd_sc_hd__a21oi_2)
     1    0.002504    0.062307    0.042259    4.180429 v _28_/Y (sky130_fd_sc_hd__a21oi_2)
                                                         _14_ (net)
                      0.062307    0.000002    4.180431 v _29_/B1 (sky130_fd_sc_hd__o21a_2)
     1    0.001892    0.031303    0.113179    4.293610 v _29_/X (sky130_fd_sc_hd__o21a_2)
                                                         _03_ (net)
                      0.031303    0.000002    4.293612 v _41_/D (sky130_fd_sc_hd__dfxtp_2)
                                              4.293612   data arrival time

                                 20.000000   20.000000   clock clk_i (rise edge)
                                  0.000000   20.000000   clock source latency
     8    0.023869    0.112929    0.077403   20.077404 ^ clk_i (in)
                                                         clk_i (net)
                      0.112929    0.000000   20.077404 ^ _41_/CLK (sky130_fd_sc_hd__dfxtp_2)
                                 -0.250000   19.827404   clock uncertainty
                                  0.000000   19.827404   clock reconvergence pessimism
                                 -0.091055   19.736349   library setup time
                                             19.736349   data required time
---------------------------------------------------------------------------------------------
                                             19.736349   data required time
                                             -4.293612   data arrival time
---------------------------------------------------------------------------------------------
                                             15.442738   slack (MET)


Startpoint: rst_i (input port clocked by clk_i)
Endpoint: _38_ (rising edge-triggered flip-flop clocked by clk_i)
Path Group: clk_i
Path Type: max

Fanout         Cap        Slew       Delay        Time   Description
---------------------------------------------------------------------------------------------
                                  0.000000    0.000000   clock clk_i (rise edge)
                                  0.000000    0.000000   clock network delay (propagated)
                                  4.000000    4.000000 ^ input external delay
     8    0.043480    0.199893    0.139118    4.139118 ^ rst_i (in)
                                                         rst_i (net)
                      0.199902    0.000000    4.139118 ^ _22_/B1 (sky130_fd_sc_hd__a21oi_2)
     1    0.002510    0.058683    0.042292    4.181410 v _22_/Y (sky130_fd_sc_hd__a21oi_2)
                                                         _11_ (net)
                      0.058683    0.000002    4.181412 v _23_/B1 (sky130_fd_sc_hd__o21a_2)
     1    0.001860    0.031181    0.111371    4.292784 v _23_/X (sky130_fd_sc_hd__o21a_2)
                                                         _00_ (net)
                      0.031181    0.000001    4.292785 v _38_/D (sky130_fd_sc_hd__dfxtp_2)
                                              4.292785   data arrival time

                                 20.000000   20.000000   clock clk_i (rise edge)
                                  0.000000   20.000000   clock source latency
     8    0.023869    0.112929    0.077907   20.077908 ^ clk_i (in)
                                                         clk_i (net)
                      0.112934    0.000000   20.077908 ^ _38_/CLK (sky130_fd_sc_hd__dfxtp_2)
                                 -0.250000   19.827909   clock uncertainty
                                  0.000000   19.827909   clock reconvergence pessimism
                                 -0.091001   19.736908   library setup time
                                             19.736908   data required time
---------------------------------------------------------------------------------------------
                                             19.736908   data required time
                                             -4.292785   data arrival time
---------------------------------------------------------------------------------------------
                                             15.444123   slack (MET)


Startpoint: rst_i (input port clocked by clk_i)
Endpoint: _44_ (rising edge-triggered flip-flop clocked by clk_i)
Path Group: clk_i
Path Type: max

Fanout         Cap        Slew       Delay        Time   Description
---------------------------------------------------------------------------------------------
                                  0.000000    0.000000   clock clk_i (rise edge)
                                  0.000000    0.000000   clock network delay (propagated)
                                  4.000000    4.000000 ^ input external delay
     8    0.043480    0.199893    0.139094    4.139093 ^ rst_i (in)
                                                         rst_i (net)
                      0.199902    0.000000    4.139093 ^ _34_/B1 (sky130_fd_sc_hd__a21oi_2)
     1    0.002406    0.057623    0.041718    4.180811 v _34_/Y (sky130_fd_sc_hd__a21oi_2)
                                                         _17_ (net)
                      0.057623    0.000000    4.180812 v _35_/B1 (sky130_fd_sc_hd__o21a_2)
     1    0.001775    0.030911    0.110549    4.291361 v _35_/X (sky130_fd_sc_hd__o21a_2)
                                                         _06_ (net)
                      0.030911    0.000000    4.291362 v _44_/D (sky130_fd_sc_hd__dfxtp_2)
                                              4.291362   data arrival time

                                 20.000000   20.000000   clock clk_i (rise edge)
                                  0.000000   20.000000   clock source latency
     8    0.023869    0.112929    0.077913   20.077913 ^ clk_i (in)
                                                         clk_i (net)
                      0.112934    0.000000   20.077913 ^ _44_/CLK (sky130_fd_sc_hd__dfxtp_2)
                                 -0.250000   19.827913   clock uncertainty
                                  0.000000   19.827913   clock reconvergence pessimism
                                 -0.090883   19.737030   library setup time
                                             19.737030   data required time
---------------------------------------------------------------------------------------------
                                             19.737030   data required time
                                             -4.291362   data arrival time
---------------------------------------------------------------------------------------------
                                             15.445668   slack (MET)


Startpoint: rst_i (input port clocked by clk_i)
Endpoint: _45_ (rising edge-triggered flip-flop clocked by clk_i)
Path Group: clk_i
Path Type: max

Fanout         Cap        Slew       Delay        Time   Description
---------------------------------------------------------------------------------------------
                                  0.000000    0.000000   clock clk_i (rise edge)
                                  0.000000    0.000000   clock network delay (propagated)
                                  4.000000    4.000000 ^ input external delay
     8    0.043480    0.199893    0.139102    4.139102 ^ rst_i (in)
                                                         rst_i (net)
                      0.199902    0.000000    4.139102 ^ _37_/A (sky130_fd_sc_hd__nor3_2)
     1    0.001801    0.049334    0.066561    4.205663 v _37_/Y (sky130_fd_sc_hd__nor3_2)
                                                         _07_ (net)
                      0.049334    0.000000    4.205664 v _45_/D (sky130_fd_sc_hd__dfxtp_2)
                                              4.205664   data arrival time

                                 20.000000   20.000000   clock clk_i (rise edge)
                                  0.000000   20.000000   clock source latency
     8    0.023869    0.112929    0.077916   20.077917 ^ clk_i (in)
                                                         clk_i (net)
                      0.112934    0.000000   20.077917 ^ _45_/CLK (sky130_fd_sc_hd__dfxtp_2)
                                 -0.250000   19.827917   clock uncertainty
                                  0.000000   19.827917   clock reconvergence pessimism
                                 -0.098900   19.729019   library setup time
                                             19.729019   data required time
---------------------------------------------------------------------------------------------
                                             19.729019   data required time
                                             -4.205664   data arrival time
---------------------------------------------------------------------------------------------
                                             15.523355   slack (MET)


Startpoint: rst_i (input port clocked by clk_i)
Endpoint: _42_ (rising edge-triggered flip-flop clocked by clk_i)
Path Group: clk_i
Path Type: max

Fanout         Cap        Slew       Delay        Time   Description
---------------------------------------------------------------------------------------------
                                  0.000000    0.000000   clock clk_i (rise edge)
                                  0.000000    0.000000   clock network delay (propagated)
                                  4.000000    4.000000 ^ input external delay
     8    0.043480    0.199893    0.138194    4.138194 ^ rst_i (in)
                                                         rst_i (net)
                      0.199893    0.000000    4.138194 ^ _31_/A (sky130_fd_sc_hd__nor3_2)
     1    0.001868    0.049518    0.066835    4.205029 v _31_/Y (sky130_fd_sc_hd__nor3_2)
                                                         _04_ (net)
                      0.049518    0.000001    4.205030 v _42_/D (sky130_fd_sc_hd__dfxtp_2)
                                              4.205030   data arrival time

                                 20.000000   20.000000   clock clk_i (rise edge)
                                  0.000000   20.000000   clock source latency
     8    0.023869    0.112929    0.077414   20.077414 ^ clk_i (in)
                                                         clk_i (net)
                      0.112929    0.000000   20.077414 ^ _42_/CLK (sky130_fd_sc_hd__dfxtp_2)
                                 -0.250000   19.827415   clock uncertainty
                                  0.000000   19.827415   clock reconvergence pessimism
                                 -0.098980   19.728434   library setup time
                                             19.728434   data required time
---------------------------------------------------------------------------------------------
                                             19.728434   data required time
                                             -4.205030   data arrival time
---------------------------------------------------------------------------------------------
                                             15.523405   slack (MET)


Startpoint: rst_i (input port clocked by clk_i)
Endpoint: _40_ (rising edge-triggered flip-flop clocked by clk_i)
Path Group: clk_i
Path Type: max

Fanout         Cap        Slew       Delay        Time   Description
---------------------------------------------------------------------------------------------
                                  0.000000    0.000000   clock clk_i (rise edge)
                                  0.000000    0.000000   clock network delay (propagated)
                                  4.000000    4.000000 ^ input external delay
     8    0.043480    0.199893    0.138175    4.138175 ^ rst_i (in)
                                                         rst_i (net)
                      0.199893    0.000000    4.138175 ^ _27_/B (sky130_fd_sc_hd__nor2_2)
     1    0.001927    0.051152    0.040222    4.178397 v _27_/Y (sky130_fd_sc_hd__nor2_2)
                                                         _02_ (net)
                      0.051152    0.000002    4.178400 v _40_/D (sky130_fd_sc_hd__dfxtp_2)
                                              4.178400   data arrival time

                                 20.000000   20.000000   clock clk_i (rise edge)
                                  0.000000   20.000000   clock source latency
     8    0.023869    0.112929    0.077407   20.077408 ^ clk_i (in)
                                                         clk_i (net)
                      0.112929    0.000000   20.077408 ^ _40_/CLK (sky130_fd_sc_hd__dfxtp_2)
                                 -0.250000   19.827408   clock uncertainty
                                  0.000000   19.827408   clock reconvergence pessimism
                                 -0.099692   19.727716   library setup time
                                             19.727716   data required time
---------------------------------------------------------------------------------------------
                                             19.727716   data required time
                                             -4.178400   data arrival time
---------------------------------------------------------------------------------------------
                                             15.549317   slack (MET)



