Clock: clk_i
Sources: clk_i 
Generated: no
Virtual: yes
Propagated: no
Period: 20.000000

===========================================================================
report_clock_properties
============================================================================
Clock                   Period          Waveform
----------------------------------------------------
clk_i                20.000000    0.000000 10.000000

===========================================================================
report_clock_latency
============================================================================
Clock clk_i
rise -> rise
    min     max
0.000000 0.000000 source latency
0.507355         network latency _45_/CLK
        0.511111 network latency _41_/CLK
---------------
0.507355 0.511111 latency
        0.003757 skew

fall -> fall
    min     max
0.000000 0.000000 source latency
0.523429         network latency _45_/CLK
        0.526432 network latency _41_/CLK
---------------
0.523429 0.526432 latency
        0.003003 skew



===========================================================================
report_clock_min_period
============================================================================
clk_i period_min = 2.90 fmax = 344.34
