
===========================================================================
 report_power
============================================================================
======================= nom_tt_025C_1v80 Corner ===================================

Group                    Internal    Switching      Leakage        Total
                            Power        Power        Power        Power (Watts)
------------------------------------------------------------------------
Sequential           1.617431e-05 1.526128e-06 7.013520e-11 1.770051e-05  33.2%
Combinational        4.979338e-07 4.791533e-07 4.621329e-11 9.771333e-07   1.8%
Clock                2.771903e-05 6.895658e-06 2.618925e-10 3.461495e-05  65.0%
Macro                0.000000e+00 0.000000e+00 0.000000e+00 0.000000e+00   0.0%
Pad                  0.000000e+00 0.000000e+00 0.000000e+00 0.000000e+00   0.0%
------------------------------------------------------------------------
Total                4.439127e-05 8.900940e-06 3.782412e-10 5.329259e-05 100.0%
                            83.3%        16.7%         0.0%
Writing metric power__internal__total: 4.439127224031836e-5
Writing metric power__switching__total: 8.900939974409994e-6
Writing metric power__leakage__total: 3.782411883701542e-10
Writing metric power__total: 5.329259147401899e-5

