Clock: clk_i
Sources: clk_i 
Generated: no
Virtual: yes
Propagated: no
Period: 20.000000

===========================================================================
report_clock_properties
============================================================================
Clock                   Period          Waveform
----------------------------------------------------
clk_i                20.000000    0.000000 10.000000

===========================================================================
report_clock_latency
============================================================================
Clock clk_i
rise -> rise
    min     max
0.000000 0.000000 source latency
0.202589         network latency _45_/CLK
        0.204571 network latency _41_/CLK
---------------
0.202589 0.204571 latency
        0.001982 skew

fall -> fall
    min     max
0.000000 0.000000 source latency
0.198163         network latency _45_/CLK
        0.199765 network latency _41_/CLK
---------------
0.198163 0.199765 latency
        0.001601 skew



===========================================================================
report_clock_min_period
============================================================================
clk_i period_min = 0.95 fmax = 1048.61
