
===========================================================================
report_checks -path_delay max (Setup)
============================================================================
======================= nom_ff_n40C_1v95 Corner ===================================

Startpoint: _43_ (rising edge-triggered flip-flop clocked by clk_i)
Endpoint: counter_val_o[3] (output port clocked by clk_i)
Path Group: clk_i
Path Type: max

Fanout         Cap        Slew       Delay        Time   Description
---------------------------------------------------------------------------------------------
                                  0.000000    0.000000   clock clk_i (rise edge)
                                  0.000000    0.000000   clock source latency
     1    0.012995    0.048704    0.032557    0.032557 ^ clk_i (in)
                                                         clk_i (net)
                      0.048714    0.000000    0.032557 ^ clkbuf_0_clk_i/A (sky130_fd_sc_hd__clkbuf_16)
     2    0.019443    0.030838    0.089094    0.121650 ^ clkbuf_0_clk_i/X (sky130_fd_sc_hd__clkbuf_16)
                                                         clknet_0_clk_i (net)
                      0.030841    0.000587    0.122237 ^ clkbuf_1_0__f_clk_i/A (sky130_fd_sc_hd__clkbuf_16)
     5    0.016051    0.028532    0.081630    0.203867 ^ clkbuf_1_0__f_clk_i/X (sky130_fd_sc_hd__clkbuf_16)
                                                         clknet_1_0__leaf_clk_i (net)
                      0.028539    0.000667    0.204534 ^ _43_/CLK (sky130_fd_sc_hd__dfxtp_2)
     3    0.039333    0.151642    0.281412    0.485946 ^ _43_/Q (sky130_fd_sc_hd__dfxtp_2)
                                                         counter_val_o[3] (net)
                      0.151644    0.000800    0.486746 ^ counter_val_o[3] (out)
                                              0.486746   data arrival time

                                 20.000000   20.000000   clock clk_i (rise edge)
                                  0.000000   20.000000   clock network delay (propagated)
                                 -0.100000   19.900000   clock uncertainty
                                  0.000000   19.900000   clock reconvergence pessimism
                                 -4.000000   15.900000   output external delay
                                             15.900000   data required time
---------------------------------------------------------------------------------------------
                                             15.900000   data required time
                                             -0.486746   data arrival time
---------------------------------------------------------------------------------------------
                                             15.413254   slack (MET)


Startpoint: _39_ (rising edge-triggered flip-flop clocked by clk_i)
Endpoint: counter_val_o[7] (output port clocked by clk_i)
Path Group: clk_i
Path Type: max

Fanout         Cap        Slew       Delay        Time   Description
---------------------------------------------------------------------------------------------
                                  0.000000    0.000000   clock clk_i (rise edge)
                                  0.000000    0.000000   clock source latency
     1    0.012995    0.048704    0.032557    0.032557 ^ clk_i (in)
                                                         clk_i (net)
                      0.048714    0.000000    0.032557 ^ clkbuf_0_clk_i/A (sky130_fd_sc_hd__clkbuf_16)
     2    0.019443    0.030838    0.089094    0.121650 ^ clkbuf_0_clk_i/X (sky130_fd_sc_hd__clkbuf_16)
                                                         clknet_0_clk_i (net)
                      0.030842    0.000615    0.122265 ^ clkbuf_1_1__f_clk_i/A (sky130_fd_sc_hd__clkbuf_16)
     4    0.013390    0.026779    0.079843    0.202108 ^ clkbuf_1_1__f_clk_i/X (sky130_fd_sc_hd__clkbuf_16)
                                                         clknet_1_1__leaf_clk_i (net)
                      0.026780    0.000584    0.202693 ^ _39_/CLK (sky130_fd_sc_hd__dfxtp_2)
     3    0.040044    0.154246    0.282726    0.485419 ^ _39_/Q (sky130_fd_sc_hd__dfxtp_2)
                                                         counter_val_o[7] (net)
                      0.154247    0.000792    0.486211 ^ counter_val_o[7] (out)
                                              0.486211   data arrival time

                                 20.000000   20.000000   clock clk_i (rise edge)
                                  0.000000   20.000000   clock network delay (propagated)
                                 -0.100000   19.900000   clock uncertainty
                                  0.000000   19.900000   clock reconvergence pessimism
                                 -4.000000   15.900000   output external delay
                                             15.900000   data required time
---------------------------------------------------------------------------------------------
                                             15.900000   data required time
                                             -0.486211   data arrival time
---------------------------------------------------------------------------------------------
                                             15.413790   slack (MET)


Startpoint: _45_ (rising edge-triggered flip-flop clocked by clk_i)
Endpoint: counter_val_o[5] (output port clocked by clk_i)
Path Group: clk_i
Path Type: max

Fanout         Cap        Slew       Delay        Time   Description
---------------------------------------------------------------------------------------------
                                  0.000000    0.000000   clock clk_i (rise edge)
                                  0.000000    0.000000   clock source latency
     1    0.012995    0.048704    0.032557    0.032557 ^ clk_i (in)
                                                         clk_i (net)
                      0.048714    0.000000    0.032557 ^ clkbuf_0_clk_i/A (sky130_fd_sc_hd__clkbuf_16)
     2    0.019443    0.030838    0.089094    0.121650 ^ clkbuf_0_clk_i/X (sky130_fd_sc_hd__clkbuf_16)
                                                         clknet_0_clk_i (net)
                      0.030842    0.000615    0.122265 ^ clkbuf_1_1__f_clk_i/A (sky130_fd_sc_hd__clkbuf_16)
     4    0.013390    0.026779    0.079843    0.202108 ^ clkbuf_1_1__f_clk_i/X (sky130_fd_sc_hd__clkbuf_16)
                                                         clknet_1_1__leaf_clk_i (net)
                      0.026779    0.000481    0.202589 ^ _45_/CLK (sky130_fd_sc_hd__dfxtp_2)
     3    0.038968    0.150301    0.279987    0.482576 ^ _45_/Q (sky130_fd_sc_hd__dfxtp_2)
                                                         counter_val_o[5] (net)
                      0.150303    0.000746    0.483322 ^ counter_val_o[5] (out)
                                              0.483322   data arrival time

                                 20.000000   20.000000   clock clk_i (rise edge)
                                  0.000000   20.000000   clock network delay (propagated)
                                 -0.100000   19.900000   clock uncertainty
                                  0.000000   19.900000   clock reconvergence pessimism
                                 -4.000000   15.900000   output external delay
                                             15.900000   data required time
---------------------------------------------------------------------------------------------
                                             15.900000   data required time
                                             -0.483322   data arrival time
---------------------------------------------------------------------------------------------
                                             15.416678   slack (MET)


Startpoint: _40_ (rising edge-triggered flip-flop clocked by clk_i)
Endpoint: counter_val_o[0] (output port clocked by clk_i)
Path Group: clk_i
Path Type: max

Fanout         Cap        Slew       Delay        Time   Description
---------------------------------------------------------------------------------------------
                                  0.000000    0.000000   clock clk_i (rise edge)
                                  0.000000    0.000000   clock source latency
     1    0.012995    0.048704    0.032557    0.032557 ^ clk_i (in)
                                                         clk_i (net)
                      0.048714    0.000000    0.032557 ^ clkbuf_0_clk_i/A (sky130_fd_sc_hd__clkbuf_16)
     2    0.019443    0.030838    0.089094    0.121650 ^ clkbuf_0_clk_i/X (sky130_fd_sc_hd__clkbuf_16)
                                                         clknet_0_clk_i (net)
                      0.030841    0.000587    0.122237 ^ clkbuf_1_0__f_clk_i/A (sky130_fd_sc_hd__clkbuf_16)
     5    0.016051    0.028532    0.081630    0.203867 ^ clkbuf_1_0__f_clk_i/X (sky130_fd_sc_hd__clkbuf_16)
                                                         clknet_1_0__leaf_clk_i (net)
                      0.028540    0.000671    0.204538 ^ _40_/CLK (sky130_fd_sc_hd__dfxtp_4)
     7    0.051304    0.114450    0.273176    0.477714 ^ _40_/Q (sky130_fd_sc_hd__dfxtp_4)
                                                         counter_val_o[0] (net)
                      0.114470    0.001502    0.479217 ^ counter_val_o[0] (out)
                                              0.479217   data arrival time

                                 20.000000   20.000000   clock clk_i (rise edge)
                                  0.000000   20.000000   clock network delay (propagated)
                                 -0.100000   19.900000   clock uncertainty
                                  0.000000   19.900000   clock reconvergence pessimism
                                 -4.000000   15.900000   output external delay
                                             15.900000   data required time
---------------------------------------------------------------------------------------------
                                             15.900000   data required time
                                             -0.479217   data arrival time
---------------------------------------------------------------------------------------------
                                             15.420783   slack (MET)


Startpoint: _41_ (rising edge-triggered flip-flop clocked by clk_i)
Endpoint: counter_val_o[1] (output port clocked by clk_i)
Path Group: clk_i
Path Type: max

Fanout         Cap        Slew       Delay        Time   Description
---------------------------------------------------------------------------------------------
                                  0.000000    0.000000   clock clk_i (rise edge)
                                  0.000000    0.000000   clock source latency
     1    0.012995    0.048704    0.032557    0.032557 ^ clk_i (in)
                                                         clk_i (net)
                      0.048714    0.000000    0.032557 ^ clkbuf_0_clk_i/A (sky130_fd_sc_hd__clkbuf_16)
     2    0.019443    0.030838    0.089094    0.121650 ^ clkbuf_0_clk_i/X (sky130_fd_sc_hd__clkbuf_16)
                                                         clknet_0_clk_i (net)
                      0.030841    0.000587    0.122237 ^ clkbuf_1_0__f_clk_i/A (sky130_fd_sc_hd__clkbuf_16)
     5    0.016051    0.028532    0.081630    0.203867 ^ clkbuf_1_0__f_clk_i/X (sky130_fd_sc_hd__clkbuf_16)
                                                         clknet_1_0__leaf_clk_i (net)
                      0.028540    0.000703    0.204571 ^ _41_/CLK (sky130_fd_sc_hd__dfxtp_4)
     6    0.048607    0.108982    0.269633    0.474204 ^ _41_/Q (sky130_fd_sc_hd__dfxtp_4)
                                                         counter_val_o[1] (net)
                      0.108988    0.000886    0.475090 ^ counter_val_o[1] (out)
                                              0.475090   data arrival time

                                 20.000000   20.000000   clock clk_i (rise edge)
                                  0.000000   20.000000   clock network delay (propagated)
                                 -0.100000   19.900000   clock uncertainty
                                  0.000000   19.900000   clock reconvergence pessimism
                                 -4.000000   15.900000   output external delay
                                             15.900000   data required time
---------------------------------------------------------------------------------------------
                                             15.900000   data required time
                                             -0.475090   data arrival time
---------------------------------------------------------------------------------------------
                                             15.424910   slack (MET)


Startpoint: _38_ (rising edge-triggered flip-flop clocked by clk_i)
Endpoint: counter_val_o[6] (output port clocked by clk_i)
Path Group: clk_i
Path Type: max

Fanout         Cap        Slew       Delay        Time   Description
---------------------------------------------------------------------------------------------
                                  0.000000    0.000000   clock clk_i (rise edge)
                                  0.000000    0.000000   clock source latency
     1    0.012995    0.048704    0.032557    0.032557 ^ clk_i (in)
                                                         clk_i (net)
                      0.048714    0.000000    0.032557 ^ clkbuf_0_clk_i/A (sky130_fd_sc_hd__clkbuf_16)
     2    0.019443    0.030838    0.089094    0.121650 ^ clkbuf_0_clk_i/X (sky130_fd_sc_hd__clkbuf_16)
                                                         clknet_0_clk_i (net)
                      0.030842    0.000615    0.122265 ^ clkbuf_1_1__f_clk_i/A (sky130_fd_sc_hd__clkbuf_16)
     4    0.013390    0.026779    0.079843    0.202108 ^ clkbuf_1_1__f_clk_i/X (sky130_fd_sc_hd__clkbuf_16)
                                                         clknet_1_1__leaf_clk_i (net)
                      0.026779    0.000558    0.202667 ^ _38_/CLK (sky130_fd_sc_hd__dfxtp_4)
     5    0.046334    0.104174    0.265099    0.467766 ^ _38_/Q (sky130_fd_sc_hd__dfxtp_4)
                                                         counter_val_o[6] (net)
                      0.104226    0.002150    0.469916 ^ counter_val_o[6] (out)
                                              0.469916   data arrival time

                                 20.000000   20.000000   clock clk_i (rise edge)
                                  0.000000   20.000000   clock network delay (propagated)
                                 -0.100000   19.900000   clock uncertainty
                                  0.000000   19.900000   clock reconvergence pessimism
                                 -4.000000   15.900000   output external delay
                                             15.900000   data required time
---------------------------------------------------------------------------------------------
                                             15.900000   data required time
                                             -0.469916   data arrival time
---------------------------------------------------------------------------------------------
                                             15.430084   slack (MET)


Startpoint: _44_ (rising edge-triggered flip-flop clocked by clk_i)
Endpoint: counter_val_o[4] (output port clocked by clk_i)
Path Group: clk_i
Path Type: max

Fanout         Cap        Slew       Delay        Time   Description
---------------------------------------------------------------------------------------------
                                  0.000000    0.000000   clock clk_i (rise edge)
                                  0.000000    0.000000   clock source latency
     1    0.012995    0.048704    0.032557    0.032557 ^ clk_i (in)
                                                         clk_i (net)
                      0.048714    0.000000    0.032557 ^ clkbuf_0_clk_i/A (sky130_fd_sc_hd__clkbuf_16)
     2    0.019443    0.030838    0.089094    0.121650 ^ clkbuf_0_clk_i/X (sky130_fd_sc_hd__clkbuf_16)
                                                         clknet_0_clk_i (net)
                      0.030842    0.000615    0.122265 ^ clkbuf_1_1__f_clk_i/A (sky130_fd_sc_hd__clkbuf_16)
     4    0.013390    0.026779    0.079843    0.202108 ^ clkbuf_1_1__f_clk_i/X (sky130_fd_sc_hd__clkbuf_16)
                                                         clknet_1_1__leaf_clk_i (net)
                      0.026779    0.000497    0.202605 ^ _44_/CLK (sky130_fd_sc_hd__dfxtp_4)
     5    0.046368    0.104268    0.265619    0.468224 ^ _44_/Q (sky130_fd_sc_hd__dfxtp_4)
                                                         counter_val_o[4] (net)
                      0.104287    0.001402    0.469626 ^ counter_val_o[4] (out)
                                              0.469626   data arrival time

                                 20.000000   20.000000   clock clk_i (rise edge)
                                  0.000000   20.000000   clock network delay (propagated)
                                 -0.100000   19.900000   clock uncertainty
                                  0.000000   19.900000   clock reconvergence pessimism
                                 -4.000000   15.900000   output external delay
                                             15.900000   data required time
---------------------------------------------------------------------------------------------
                                             15.900000   data required time
                                             -0.469626   data arrival time
---------------------------------------------------------------------------------------------
                                             15.430374   slack (MET)


Startpoint: _42_ (rising edge-triggered flip-flop clocked by clk_i)
Endpoint: counter_val_o[2] (output port clocked by clk_i)
Path Group: clk_i
Path Type: max

Fanout         Cap        Slew       Delay        Time   Description
---------------------------------------------------------------------------------------------
                                  0.000000    0.000000   clock clk_i (rise edge)
                                  0.000000    0.000000   clock source latency
     1    0.012995    0.048704    0.032557    0.032557 ^ clk_i (in)
                                                         clk_i (net)
                      0.048714    0.000000    0.032557 ^ clkbuf_0_clk_i/A (sky130_fd_sc_hd__clkbuf_16)
     2    0.019443    0.030838    0.089094    0.121650 ^ clkbuf_0_clk_i/X (sky130_fd_sc_hd__clkbuf_16)
                                                         clknet_0_clk_i (net)
                      0.030841    0.000587    0.122237 ^ clkbuf_1_0__f_clk_i/A (sky130_fd_sc_hd__clkbuf_16)
     5    0.016051    0.028532    0.081630    0.203867 ^ clkbuf_1_0__f_clk_i/X (sky130_fd_sc_hd__clkbuf_16)
                                                         clknet_1_0__leaf_clk_i (net)
                      0.028540    0.000700    0.204568 ^ _42_/CLK (sky130_fd_sc_hd__dfxtp_4)
     4    0.042367    0.096279    0.260393    0.464961 ^ _42_/Q (sky130_fd_sc_hd__dfxtp_4)
                                                         counter_val_o[2] (net)
                      0.096296    0.001285    0.466246 ^ counter_val_o[2] (out)
                                              0.466246   data arrival time

                                 20.000000   20.000000   clock clk_i (rise edge)
                                  0.000000   20.000000   clock network delay (propagated)
                                 -0.100000   19.900000   clock uncertainty
                                  0.000000   19.900000   clock reconvergence pessimism
                                 -4.000000   15.900000   output external delay
                                             15.900000   data required time
---------------------------------------------------------------------------------------------
                                             15.900000   data required time
                                             -0.466246   data arrival time
---------------------------------------------------------------------------------------------
                                             15.433754   slack (MET)


Startpoint: rst_i (input port clocked by clk_i)
Endpoint: _43_ (rising edge-triggered flip-flop clocked by clk_i)
Path Group: clk_i
Path Type: max

Fanout         Cap        Slew       Delay        Time   Description
---------------------------------------------------------------------------------------------
                                  0.000000    0.000000   clock clk_i (rise edge)
                                  0.000000    0.000000   clock network delay (propagated)
                                  4.000000    4.000000 ^ input external delay
     1    0.002760    0.013773    0.007133    4.007133 ^ rst_i (in)
                                                         rst_i (net)
                      0.013773    0.000000    4.007133 ^ input1/A (sky130_fd_sc_hd__buf_2)
     8    0.037082    0.137897    0.138231    4.145364 ^ input1/X (sky130_fd_sc_hd__buf_2)
                                                         net1 (net)
                      0.137912    0.001196    4.146561 ^ _32_/A (sky130_fd_sc_hd__nor2_1)
     1    0.004140    0.041696    0.039636    4.186196 v _32_/Y (sky130_fd_sc_hd__nor2_1)
                                                         _16_ (net)
                      0.041696    0.000144    4.186340 v _33_/B1 (sky130_fd_sc_hd__o21a_1)
     1    0.003143    0.026061    0.065246    4.251586 v _33_/X (sky130_fd_sc_hd__o21a_1)
                                                         _05_ (net)
                      0.026061    0.000102    4.251688 v _43_/D (sky130_fd_sc_hd__dfxtp_2)
                                              4.251688   data arrival time

                                 20.000000   20.000000   clock clk_i (rise edge)
                                  0.000000   20.000000   clock source latency
     1    0.012995    0.048704    0.032557   20.032558 ^ clk_i (in)
                                                         clk_i (net)
                      0.048714    0.000000   20.032558 ^ clkbuf_0_clk_i/A (sky130_fd_sc_hd__clkbuf_16)
     2    0.019443    0.030838    0.089093   20.121651 ^ clkbuf_0_clk_i/X (sky130_fd_sc_hd__clkbuf_16)
                                                         clknet_0_clk_i (net)
                      0.030841    0.000586   20.122236 ^ clkbuf_1_0__f_clk_i/A (sky130_fd_sc_hd__clkbuf_16)
     5    0.016051    0.028532    0.081631   20.203867 ^ clkbuf_1_0__f_clk_i/X (sky130_fd_sc_hd__clkbuf_16)
                                                         clknet_1_0__leaf_clk_i (net)
                      0.028539    0.000666   20.204535 ^ _43_/CLK (sky130_fd_sc_hd__dfxtp_2)
                                 -0.100000   20.104534   clock uncertainty
                                  0.000000   20.104534   clock reconvergence pessimism
                                 -0.069436   20.035097   library setup time
                                             20.035097   data required time
---------------------------------------------------------------------------------------------
                                             20.035097   data required time
                                             -4.251688   data arrival time
---------------------------------------------------------------------------------------------
                                             15.783411   slack (MET)


Startpoint: rst_i (input port clocked by clk_i)
Endpoint: _39_ (rising edge-triggered flip-flop clocked by clk_i)
Path Group: clk_i
Path Type: max

Fanout         Cap        Slew       Delay        Time   Description
---------------------------------------------------------------------------------------------
                                  0.000000    0.000000   clock clk_i (rise edge)
                                  0.000000    0.000000   clock network delay (propagated)
                                  4.000000    4.000000 ^ input external delay
     1    0.002760    0.013773    0.007133    4.007133 ^ rst_i (in)
                                                         rst_i (net)
                      0.013773    0.000000    4.007133 ^ input1/A (sky130_fd_sc_hd__buf_2)
     8    0.037082    0.137897    0.138231    4.145364 ^ input1/X (sky130_fd_sc_hd__buf_2)
                                                         net1 (net)
                      0.137981    0.002802    4.148166 ^ _25_/B1 (sky130_fd_sc_hd__a31o_1)
     1    0.004196    0.040710    0.067262    4.215428 ^ _25_/X (sky130_fd_sc_hd__a31o_1)
                                                         _13_ (net)
                      0.040710    0.000134    4.215561 ^ _26_/B (sky130_fd_sc_hd__nor2_1)
     1    0.002259    0.027479    0.020747    4.236309 v _26_/Y (sky130_fd_sc_hd__nor2_1)
                                                         _01_ (net)
                      0.027479    0.000064    4.236373 v _39_/D (sky130_fd_sc_hd__dfxtp_2)
                                              4.236373   data arrival time

                                 20.000000   20.000000   clock clk_i (rise edge)
                                  0.000000   20.000000   clock source latency
     1    0.012995    0.048704    0.032557   20.032558 ^ clk_i (in)
                                                         clk_i (net)
                      0.048714    0.000000   20.032558 ^ clkbuf_0_clk_i/A (sky130_fd_sc_hd__clkbuf_16)
     2    0.019443    0.030838    0.089093   20.121651 ^ clkbuf_0_clk_i/X (sky130_fd_sc_hd__clkbuf_16)
                                                         clknet_0_clk_i (net)
                      0.030842    0.000615   20.122265 ^ clkbuf_1_1__f_clk_i/A (sky130_fd_sc_hd__clkbuf_16)
     4    0.013390    0.026779    0.079844   20.202108 ^ clkbuf_1_1__f_clk_i/X (sky130_fd_sc_hd__clkbuf_16)
                                                         clknet_1_1__leaf_clk_i (net)
                      0.026780    0.000584   20.202694 ^ _39_/CLK (sky130_fd_sc_hd__dfxtp_2)
                                 -0.100000   20.102694   clock uncertainty
                                  0.000000   20.102694   clock reconvergence pessimism
                                 -0.070111   20.032583   library setup time
                                             20.032583   data required time
---------------------------------------------------------------------------------------------
                                             20.032583   data required time
                                             -4.236373   data arrival time
---------------------------------------------------------------------------------------------
                                             15.796209   slack (MET)


Startpoint: rst_i (input port clocked by clk_i)
Endpoint: _44_ (rising edge-triggered flip-flop clocked by clk_i)
Path Group: clk_i
Path Type: max

Fanout         Cap        Slew       Delay        Time   Description
---------------------------------------------------------------------------------------------
                                  0.000000    0.000000   clock clk_i (rise edge)
                                  0.000000    0.000000   clock network delay (propagated)
                                  4.000000    4.000000 ^ input external delay
     1    0.002760    0.013773    0.007133    4.007133 ^ rst_i (in)
                                                         rst_i (net)
                      0.013773    0.000000    4.007133 ^ input1/A (sky130_fd_sc_hd__buf_2)
     8    0.037082    0.137897    0.138231    4.145364 ^ input1/X (sky130_fd_sc_hd__buf_2)
                                                         net1 (net)
                      0.137980    0.002786    4.148150 ^ _34_/B1 (sky130_fd_sc_hd__a21oi_1)
     1    0.003377    0.040944    0.029134    4.177284 v _34_/Y (sky130_fd_sc_hd__a21oi_1)
                                                         _17_ (net)
                      0.040944    0.000100    4.177385 v _35_/B1 (sky130_fd_sc_hd__o21a_1)
     1    0.002062    0.022701    0.061350    4.238735 v _35_/X (sky130_fd_sc_hd__o21a_1)
                                                         _06_ (net)
                      0.022701    0.000060    4.238794 v _44_/D (sky130_fd_sc_hd__dfxtp_4)
                                              4.238794   data arrival time

                                 20.000000   20.000000   clock clk_i (rise edge)
                                  0.000000   20.000000   clock source latency
     1    0.012995    0.048704    0.032557   20.032558 ^ clk_i (in)
                                                         clk_i (net)
                      0.048714    0.000000   20.032558 ^ clkbuf_0_clk_i/A (sky130_fd_sc_hd__clkbuf_16)
     2    0.019443    0.030838    0.089093   20.121651 ^ clkbuf_0_clk_i/X (sky130_fd_sc_hd__clkbuf_16)
                                                         clknet_0_clk_i (net)
                      0.030842    0.000615   20.122265 ^ clkbuf_1_1__f_clk_i/A (sky130_fd_sc_hd__clkbuf_16)
     4    0.013390    0.026779    0.079844   20.202108 ^ clkbuf_1_1__f_clk_i/X (sky130_fd_sc_hd__clkbuf_16)
                                                         clknet_1_1__leaf_clk_i (net)
                      0.026779    0.000497   20.202606 ^ _44_/CLK (sky130_fd_sc_hd__dfxtp_4)
                                 -0.100000   20.102606   clock uncertainty
                                  0.000000   20.102606   clock reconvergence pessimism
                                 -0.067247   20.035358   library setup time
                                             20.035358   data required time
---------------------------------------------------------------------------------------------
                                             20.035358   data required time
                                             -4.238794   data arrival time
---------------------------------------------------------------------------------------------
                                             15.796564   slack (MET)


Startpoint: rst_i (input port clocked by clk_i)
Endpoint: _38_ (rising edge-triggered flip-flop clocked by clk_i)
Path Group: clk_i
Path Type: max

Fanout         Cap        Slew       Delay        Time   Description
---------------------------------------------------------------------------------------------
                                  0.000000    0.000000   clock clk_i (rise edge)
                                  0.000000    0.000000   clock network delay (propagated)
                                  4.000000    4.000000 ^ input external delay
     1    0.002760    0.013773    0.007133    4.007133 ^ rst_i (in)
                                                         rst_i (net)
                      0.013773    0.000000    4.007133 ^ input1/A (sky130_fd_sc_hd__buf_2)
     8    0.037082    0.137897    0.138231    4.145364 ^ input1/X (sky130_fd_sc_hd__buf_2)
                                                         net1 (net)
                      0.137987    0.002890    4.148254 ^ _22_/B1 (sky130_fd_sc_hd__a21oi_1)
     1    0.002795    0.040339    0.026062    4.174315 v _22_/Y (sky130_fd_sc_hd__a21oi_1)
                                                         _11_ (net)
                      0.040339    0.000057    4.174373 v _23_/B1 (sky130_fd_sc_hd__o21a_1)
     1    0.002740    0.024736    0.063334    4.237707 v _23_/X (sky130_fd_sc_hd__o21a_1)
                                                         _00_ (net)
                      0.024749    0.000084    4.237792 v _38_/D (sky130_fd_sc_hd__dfxtp_4)
                                              4.237792   data arrival time

                                 20.000000   20.000000   clock clk_i (rise edge)
                                  0.000000   20.000000   clock source latency
     1    0.012995    0.048704    0.032557   20.032558 ^ clk_i (in)
                                                         clk_i (net)
                      0.048714    0.000000   20.032558 ^ clkbuf_0_clk_i/A (sky130_fd_sc_hd__clkbuf_16)
     2    0.019443    0.030838    0.089093   20.121651 ^ clkbuf_0_clk_i/X (sky130_fd_sc_hd__clkbuf_16)
                                                         clknet_0_clk_i (net)
                      0.030842    0.000615   20.122265 ^ clkbuf_1_1__f_clk_i/A (sky130_fd_sc_hd__clkbuf_16)
     4    0.013390    0.026779    0.079844   20.202108 ^ clkbuf_1_1__f_clk_i/X (sky130_fd_sc_hd__clkbuf_16)
                                                         clknet_1_1__leaf_clk_i (net)
                      0.026779    0.000558   20.202667 ^ _38_/CLK (sky130_fd_sc_hd__dfxtp_4)
                                 -0.100000   20.102667   clock uncertainty
                                  0.000000   20.102667   clock reconvergence pessimism
                                 -0.067969   20.034698   library setup time
                                             20.034698   data required time
---------------------------------------------------------------------------------------------
                                             20.034698   data required time
                                             -4.237792   data arrival time
---------------------------------------------------------------------------------------------
                                             15.796907   slack (MET)


Startpoint: rst_i (input port clocked by clk_i)
Endpoint: _41_ (rising edge-triggered flip-flop clocked by clk_i)
Path Group: clk_i
Path Type: max

Fanout         Cap        Slew       Delay        Time   Description
---------------------------------------------------------------------------------------------
                                  0.000000    0.000000   clock clk_i (rise edge)
                                  0.000000    0.000000   clock network delay (propagated)
                                  4.000000    4.000000 ^ input external delay
     1    0.002760    0.013773    0.007133    4.007133 ^ rst_i (in)
                                                         rst_i (net)
                      0.013773    0.000000    4.007133 ^ input1/A (sky130_fd_sc_hd__buf_2)
     8    0.037082    0.137897    0.138231    4.145364 ^ input1/X (sky130_fd_sc_hd__buf_2)
                                                         net1 (net)
                      0.137909    0.001042    4.146406 ^ _28_/B1 (sky130_fd_sc_hd__a21oi_1)
     1    0.003166    0.042334    0.028111    4.174517 v _28_/Y (sky130_fd_sc_hd__a21oi_1)
                                                         _14_ (net)
                      0.042334    0.000098    4.174615 v _29_/B1 (sky130_fd_sc_hd__o21a_1)
     1    0.002110    0.022837    0.062108    4.236723 v _29_/X (sky130_fd_sc_hd__o21a_1)
                                                         _03_ (net)
                      0.022837    0.000060    4.236783 v _41_/D (sky130_fd_sc_hd__dfxtp_4)
                                              4.236783   data arrival time

                                 20.000000   20.000000   clock clk_i (rise edge)
                                  0.000000   20.000000   clock source latency
     1    0.012995    0.048704    0.032557   20.032558 ^ clk_i (in)
                                                         clk_i (net)
                      0.048714    0.000000   20.032558 ^ clkbuf_0_clk_i/A (sky130_fd_sc_hd__clkbuf_16)
     2    0.019443    0.030838    0.089093   20.121651 ^ clkbuf_0_clk_i/X (sky130_fd_sc_hd__clkbuf_16)
                                                         clknet_0_clk_i (net)
                      0.030841    0.000586   20.122236 ^ clkbuf_1_0__f_clk_i/A (sky130_fd_sc_hd__clkbuf_16)
     5    0.016051    0.028532    0.081631   20.203867 ^ clkbuf_1_0__f_clk_i/X (sky130_fd_sc_hd__clkbuf_16)
                                                         clknet_1_0__leaf_clk_i (net)
                      0.028540    0.000703   20.204571 ^ _41_/CLK (sky130_fd_sc_hd__dfxtp_4)
                                 -0.100000   20.104570   clock uncertainty
                                  0.000000   20.104570   clock reconvergence pessimism
                                 -0.067139   20.037432   library setup time
                                             20.037432   data required time
---------------------------------------------------------------------------------------------
                                             20.037432   data required time
                                             -4.236783   data arrival time
---------------------------------------------------------------------------------------------
                                             15.800649   slack (MET)


Startpoint: rst_i (input port clocked by clk_i)
Endpoint: _45_ (rising edge-triggered flip-flop clocked by clk_i)
Path Group: clk_i
Path Type: max

Fanout         Cap        Slew       Delay        Time   Description
---------------------------------------------------------------------------------------------
                                  0.000000    0.000000   clock clk_i (rise edge)
                                  0.000000    0.000000   clock network delay (propagated)
                                  4.000000    4.000000 v input external delay
     1    0.002601    0.004431    0.002101    4.002101 v rst_i (in)
                                                         rst_i (net)
                      0.004431    0.000000    4.002101 v input1/A (sky130_fd_sc_hd__buf_2)
     8    0.035044    0.064176    0.107939    4.110040 v input1/X (sky130_fd_sc_hd__buf_2)
                                                         net1 (net)
                      0.064350    0.002529    4.112569 v _37_/A (sky130_fd_sc_hd__nor3_1)
     1    0.002810    0.100380    0.126309    4.238877 ^ _37_/Y (sky130_fd_sc_hd__nor3_1)
                                                         _07_ (net)
                      0.100380    0.000087    4.238964 ^ _45_/D (sky130_fd_sc_hd__dfxtp_2)
                                              4.238964   data arrival time

                                 20.000000   20.000000   clock clk_i (rise edge)
                                  0.000000   20.000000   clock source latency
     1    0.012995    0.048704    0.032557   20.032558 ^ clk_i (in)
                                                         clk_i (net)
                      0.048714    0.000000   20.032558 ^ clkbuf_0_clk_i/A (sky130_fd_sc_hd__clkbuf_16)
     2    0.019443    0.030838    0.089093   20.121651 ^ clkbuf_0_clk_i/X (sky130_fd_sc_hd__clkbuf_16)
                                                         clknet_0_clk_i (net)
                      0.030842    0.000615   20.122265 ^ clkbuf_1_1__f_clk_i/A (sky130_fd_sc_hd__clkbuf_16)
     4    0.013390    0.026779    0.079844   20.202108 ^ clkbuf_1_1__f_clk_i/X (sky130_fd_sc_hd__clkbuf_16)
                                                         clknet_1_1__leaf_clk_i (net)
                      0.026779    0.000480   20.202589 ^ _45_/CLK (sky130_fd_sc_hd__dfxtp_2)
                                 -0.100000   20.102589   clock uncertainty
                                  0.000000   20.102589   clock reconvergence pessimism
                                 -0.038369   20.064219   library setup time
                                             20.064219   data required time
---------------------------------------------------------------------------------------------
                                             20.064219   data required time
                                             -4.238964   data arrival time
---------------------------------------------------------------------------------------------
                                             15.825254   slack (MET)


Startpoint: rst_i (input port clocked by clk_i)
Endpoint: _42_ (rising edge-triggered flip-flop clocked by clk_i)
Path Group: clk_i
Path Type: max

Fanout         Cap        Slew       Delay        Time   Description
---------------------------------------------------------------------------------------------
                                  0.000000    0.000000   clock clk_i (rise edge)
                                  0.000000    0.000000   clock network delay (propagated)
                                  4.000000    4.000000 v input external delay
     1    0.002601    0.004431    0.002101    4.002101 v rst_i (in)
                                                         rst_i (net)
                      0.004431    0.000000    4.002101 v input1/A (sky130_fd_sc_hd__buf_2)
     8    0.035044    0.064176    0.107939    4.110040 v input1/X (sky130_fd_sc_hd__buf_2)
                                                         net1 (net)
                      0.064211    0.000585    4.110625 v _31_/A (sky130_fd_sc_hd__nor3_1)
     1    0.002502    0.094818    0.122006    4.232631 ^ _31_/Y (sky130_fd_sc_hd__nor3_1)
                                                         _04_ (net)
                      0.094818    0.000075    4.232706 ^ _42_/D (sky130_fd_sc_hd__dfxtp_4)
                                              4.232706   data arrival time

                                 20.000000   20.000000   clock clk_i (rise edge)
                                  0.000000   20.000000   clock source latency
     1    0.012995    0.048704    0.032557   20.032558 ^ clk_i (in)
                                                         clk_i (net)
                      0.048714    0.000000   20.032558 ^ clkbuf_0_clk_i/A (sky130_fd_sc_hd__clkbuf_16)
     2    0.019443    0.030838    0.089093   20.121651 ^ clkbuf_0_clk_i/X (sky130_fd_sc_hd__clkbuf_16)
                                                         clknet_0_clk_i (net)
                      0.030841    0.000586   20.122236 ^ clkbuf_1_0__f_clk_i/A (sky130_fd_sc_hd__clkbuf_16)
     5    0.016051    0.028532    0.081631   20.203867 ^ clkbuf_1_0__f_clk_i/X (sky130_fd_sc_hd__clkbuf_16)
                                                         clknet_1_0__leaf_clk_i (net)
                      0.028540    0.000700   20.204567 ^ _42_/CLK (sky130_fd_sc_hd__dfxtp_4)
                                 -0.100000   20.104567   clock uncertainty
                                  0.000000   20.104567   clock reconvergence pessimism
                                 -0.038022   20.066545   library setup time
                                             20.066545   data required time
---------------------------------------------------------------------------------------------
                                             20.066545   data required time
                                             -4.232706   data arrival time
---------------------------------------------------------------------------------------------
                                             15.833841   slack (MET)


Startpoint: rst_i (input port clocked by clk_i)
Endpoint: _40_ (rising edge-triggered flip-flop clocked by clk_i)
Path Group: clk_i
Path Type: max

Fanout         Cap        Slew       Delay        Time   Description
---------------------------------------------------------------------------------------------
                                  0.000000    0.000000   clock clk_i (rise edge)
                                  0.000000    0.000000   clock network delay (propagated)
                                  4.000000    4.000000 ^ input external delay
     1    0.002760    0.013773    0.007133    4.007133 ^ rst_i (in)
                                                         rst_i (net)
                      0.013773    0.000000    4.007133 ^ input1/A (sky130_fd_sc_hd__buf_2)
     8    0.037082    0.137897    0.138231    4.145364 ^ input1/X (sky130_fd_sc_hd__buf_2)
                                                         net1 (net)
                      0.137908    0.000990    4.146354 ^ _27_/B (sky130_fd_sc_hd__nor2_1)
     1    0.002107    0.031850    0.021512    4.167866 v _27_/Y (sky130_fd_sc_hd__nor2_1)
                                                         _02_ (net)
                      0.031850    0.000060    4.167926 v _40_/D (sky130_fd_sc_hd__dfxtp_4)
                                              4.167926   data arrival time

                                 20.000000   20.000000   clock clk_i (rise edge)
                                  0.000000   20.000000   clock source latency
     1    0.012995    0.048704    0.032557   20.032558 ^ clk_i (in)
                                                         clk_i (net)
                      0.048714    0.000000   20.032558 ^ clkbuf_0_clk_i/A (sky130_fd_sc_hd__clkbuf_16)
     2    0.019443    0.030838    0.089093   20.121651 ^ clkbuf_0_clk_i/X (sky130_fd_sc_hd__clkbuf_16)
                                                         clknet_0_clk_i (net)
                      0.030841    0.000586   20.122236 ^ clkbuf_1_0__f_clk_i/A (sky130_fd_sc_hd__clkbuf_16)
     5    0.016051    0.028532    0.081631   20.203867 ^ clkbuf_1_0__f_clk_i/X (sky130_fd_sc_hd__clkbuf_16)
                                                         clknet_1_0__leaf_clk_i (net)
                      0.028540    0.000671   20.204538 ^ _40_/CLK (sky130_fd_sc_hd__dfxtp_4)
                                 -0.100000   20.104540   clock uncertainty
                                  0.000000   20.104540   clock reconvergence pessimism
                                 -0.070314   20.034224   library setup time
                                             20.034224   data required time
---------------------------------------------------------------------------------------------
                                             20.034224   data required time
                                             -4.167926   data arrival time
---------------------------------------------------------------------------------------------
                                             15.866297   slack (MET)



