
===========================================================================
 report_power
============================================================================
======================= nom_ss_100C_1v60 Corner ===================================

Group                    Internal    Switching      Leakage        Total
                            Power        Power        Power        Power (Watts)
------------------------------------------------------------------------
Sequential           1.268966e-05 1.246415e-06 1.275804e-07 1.406365e-05  32.1%
Combinational        5.339387e-07 4.731604e-07 6.069177e-08 1.067791e-06   2.4%
Clock                2.259543e-05 6.004817e-06 7.425544e-08 2.867450e-05  65.5%
Macro                0.000000e+00 0.000000e+00 0.000000e+00 0.000000e+00   0.0%
Pad                  0.000000e+00 0.000000e+00 0.000000e+00 0.000000e+00   0.0%
------------------------------------------------------------------------
Total                3.581902e-05 7.724392e-06 2.625277e-07 4.380594e-05 100.0%
                            81.8%        17.6%         0.6%

