
===========================================================================
report_checks -path_delay min (Hold)
============================================================================
======================= min_ff_n40C_1v95 Corner ===================================

Startpoint: _41_ (rising edge-triggered flip-flop clocked by clk_i)
Endpoint: _41_ (rising edge-triggered flip-flop clocked by clk_i)
Path Group: clk_i
Path Type: min

Fanout         Cap        Slew       Delay        Time   Description
---------------------------------------------------------------------------------------------
                                  0.000000    0.000000   clock clk_i (rise edge)
                                  0.000000    0.000000   clock source latency
     1    0.012602    0.047357    0.031520    0.031520 ^ clk_i (in)
                                                         clk_i (net)
                      0.047363    0.000000    0.031520 ^ clkbuf_0_clk_i/A (sky130_fd_sc_hd__clkbuf_16)
     2    0.019167    0.030660    0.088631    0.120151 ^ clkbuf_0_clk_i/X (sky130_fd_sc_hd__clkbuf_16)
                                                         clknet_0_clk_i (net)
                      0.030660    0.000270    0.120421 ^ clkbuf_1_0__f_clk_i/A (sky130_fd_sc_hd__clkbuf_16)
     5    0.015507    0.028173    0.081287    0.201707 ^ clkbuf_1_0__f_clk_i/X (sky130_fd_sc_hd__clkbuf_16)
                                                         clknet_1_0__leaf_clk_i (net)
                      0.028177    0.000413    0.202120 ^ _41_/CLK (sky130_fd_sc_hd__dfxtp_4)
     6    0.048158    0.108006    0.269200    0.471320 ^ _41_/Q (sky130_fd_sc_hd__dfxtp_4)
                                                         counter_val_o[1] (net)
                      0.108006    0.000127    0.471447 ^ _29_/A2 (sky130_fd_sc_hd__o21a_1)
     1    0.002135    0.023790    0.069394    0.540841 ^ _29_/X (sky130_fd_sc_hd__o21a_1)
                                                         _03_ (net)
                      0.023790    0.000019    0.540860 ^ _41_/D (sky130_fd_sc_hd__dfxtp_4)
                                              0.540860   data arrival time

                                  0.000000    0.000000   clock clk_i (rise edge)
                                  0.000000    0.000000   clock source latency
     1    0.012602    0.047357    0.031520    0.031520 ^ clk_i (in)
                                                         clk_i (net)
                      0.047363    0.000000    0.031520 ^ clkbuf_0_clk_i/A (sky130_fd_sc_hd__clkbuf_16)
     2    0.019167    0.030660    0.088631    0.120151 ^ clkbuf_0_clk_i/X (sky130_fd_sc_hd__clkbuf_16)
                                                         clknet_0_clk_i (net)
                      0.030660    0.000270    0.120421 ^ clkbuf_1_0__f_clk_i/A (sky130_fd_sc_hd__clkbuf_16)
     5    0.015507    0.028173    0.081287    0.201707 ^ clkbuf_1_0__f_clk_i/X (sky130_fd_sc_hd__clkbuf_16)
                                                         clknet_1_0__leaf_clk_i (net)
                      0.028177    0.000413    0.202120 ^ _41_/CLK (sky130_fd_sc_hd__dfxtp_4)
                                  0.100000    0.302120   clock uncertainty
                                  0.000000    0.302120   clock reconvergence pessimism
                                 -0.015760    0.286360   library hold time
                                              0.286360   data required time
---------------------------------------------------------------------------------------------
                                              0.286360   data required time
                                             -0.540860   data arrival time
---------------------------------------------------------------------------------------------
                                              0.254500   slack (MET)


Startpoint: _42_ (rising edge-triggered flip-flop clocked by clk_i)
Endpoint: _42_ (rising edge-triggered flip-flop clocked by clk_i)
Path Group: clk_i
Path Type: min

Fanout         Cap        Slew       Delay        Time   Description
---------------------------------------------------------------------------------------------
                                  0.000000    0.000000   clock clk_i (rise edge)
                                  0.000000    0.000000   clock source latency
     1    0.012602    0.047357    0.031520    0.031520 ^ clk_i (in)
                                                         clk_i (net)
                      0.047363    0.000000    0.031520 ^ clkbuf_0_clk_i/A (sky130_fd_sc_hd__clkbuf_16)
     2    0.019167    0.030660    0.088631    0.120151 ^ clkbuf_0_clk_i/X (sky130_fd_sc_hd__clkbuf_16)
                                                         clknet_0_clk_i (net)
                      0.030660    0.000270    0.120421 ^ clkbuf_1_0__f_clk_i/A (sky130_fd_sc_hd__clkbuf_16)
     5    0.015507    0.028173    0.081287    0.201707 ^ clkbuf_1_0__f_clk_i/X (sky130_fd_sc_hd__clkbuf_16)
                                                         clknet_1_0__leaf_clk_i (net)
                      0.028177    0.000409    0.202116 ^ _42_/CLK (sky130_fd_sc_hd__dfxtp_4)
     4    0.041539    0.053526    0.244537    0.446653 v _42_/Q (sky130_fd_sc_hd__dfxtp_4)
                                                         counter_val_o[2] (net)
                      0.053530    0.000523    0.447176 v _30_/B1 (sky130_fd_sc_hd__a21oi_1)
     1    0.002688    0.046389    0.057440    0.504617 ^ _30_/Y (sky130_fd_sc_hd__a21oi_1)
                                                         _15_ (net)
                      0.046389    0.000022    0.504639 ^ _31_/C (sky130_fd_sc_hd__nor3_1)
     1    0.002347    0.020119    0.025203    0.529842 v _31_/Y (sky130_fd_sc_hd__nor3_1)
                                                         _04_ (net)
                      0.020119    0.000025    0.529867 v _42_/D (sky130_fd_sc_hd__dfxtp_4)
                                              0.529867   data arrival time

                                  0.000000    0.000000   clock clk_i (rise edge)
                                  0.000000    0.000000   clock source latency
     1    0.012602    0.047357    0.031520    0.031520 ^ clk_i (in)
                                                         clk_i (net)
                      0.047363    0.000000    0.031520 ^ clkbuf_0_clk_i/A (sky130_fd_sc_hd__clkbuf_16)
     2    0.019167    0.030660    0.088631    0.120151 ^ clkbuf_0_clk_i/X (sky130_fd_sc_hd__clkbuf_16)
                                                         clknet_0_clk_i (net)
                      0.030660    0.000270    0.120421 ^ clkbuf_1_0__f_clk_i/A (sky130_fd_sc_hd__clkbuf_16)
     5    0.015507    0.028173    0.081287    0.201707 ^ clkbuf_1_0__f_clk_i/X (sky130_fd_sc_hd__clkbuf_16)
                                                         clknet_1_0__leaf_clk_i (net)
                      0.028177    0.000409    0.202116 ^ _42_/CLK (sky130_fd_sc_hd__dfxtp_4)
                                  0.100000    0.302116   clock uncertainty
                                  0.000000    0.302116   clock reconvergence pessimism
                                 -0.030225    0.271891   library hold time
                                              0.271891   data required time
---------------------------------------------------------------------------------------------
                                              0.271891   data required time
                                             -0.529867   data arrival time
---------------------------------------------------------------------------------------------
                                              0.257975   slack (MET)


Startpoint: _44_ (rising edge-triggered flip-flop clocked by clk_i)
Endpoint: _44_ (rising edge-triggered flip-flop clocked by clk_i)
Path Group: clk_i
Path Type: min

Fanout         Cap        Slew       Delay        Time   Description
---------------------------------------------------------------------------------------------
                                  0.000000    0.000000   clock clk_i (rise edge)
                                  0.000000    0.000000   clock source latency
     1    0.012602    0.047357    0.031520    0.031520 ^ clk_i (in)
                                                         clk_i (net)
                      0.047363    0.000000    0.031520 ^ clkbuf_0_clk_i/A (sky130_fd_sc_hd__clkbuf_16)
     2    0.019167    0.030660    0.088631    0.120151 ^ clkbuf_0_clk_i/X (sky130_fd_sc_hd__clkbuf_16)
                                                         clknet_0_clk_i (net)
                      0.030660    0.000292    0.120443 ^ clkbuf_1_1__f_clk_i/A (sky130_fd_sc_hd__clkbuf_16)
     4    0.012908    0.026455    0.079516    0.199959 ^ clkbuf_1_1__f_clk_i/X (sky130_fd_sc_hd__clkbuf_16)
                                                         clknet_1_1__leaf_clk_i (net)
                      0.026455    0.000282    0.200241 ^ _44_/CLK (sky130_fd_sc_hd__dfxtp_4)
     5    0.045976    0.103704    0.265353    0.465594 ^ _44_/Q (sky130_fd_sc_hd__dfxtp_4)
                                                         counter_val_o[4] (net)
                      0.103704    0.000273    0.465867 ^ _35_/A1 (sky130_fd_sc_hd__o21a_1)
     1    0.002090    0.023549    0.079157    0.545024 ^ _35_/X (sky130_fd_sc_hd__o21a_1)
                                                         _06_ (net)
                      0.023549    0.000019    0.545043 ^ _44_/D (sky130_fd_sc_hd__dfxtp_4)
                                              0.545043   data arrival time

                                  0.000000    0.000000   clock clk_i (rise edge)
                                  0.000000    0.000000   clock source latency
     1    0.012602    0.047357    0.031520    0.031520 ^ clk_i (in)
                                                         clk_i (net)
                      0.047363    0.000000    0.031520 ^ clkbuf_0_clk_i/A (sky130_fd_sc_hd__clkbuf_16)
     2    0.019167    0.030660    0.088631    0.120151 ^ clkbuf_0_clk_i/X (sky130_fd_sc_hd__clkbuf_16)
                                                         clknet_0_clk_i (net)
                      0.030660    0.000292    0.120443 ^ clkbuf_1_1__f_clk_i/A (sky130_fd_sc_hd__clkbuf_16)
     4    0.012908    0.026455    0.079516    0.199959 ^ clkbuf_1_1__f_clk_i/X (sky130_fd_sc_hd__clkbuf_16)
                                                         clknet_1_1__leaf_clk_i (net)
                      0.026455    0.000282    0.200241 ^ _44_/CLK (sky130_fd_sc_hd__dfxtp_4)
                                  0.100000    0.300241   clock uncertainty
                                  0.000000    0.300241   clock reconvergence pessimism
                                 -0.015775    0.284467   library hold time
                                              0.284467   data required time
---------------------------------------------------------------------------------------------
                                              0.284467   data required time
                                             -0.545043   data arrival time
---------------------------------------------------------------------------------------------
                                              0.260577   slack (MET)


Startpoint: _38_ (rising edge-triggered flip-flop clocked by clk_i)
Endpoint: _38_ (rising edge-triggered flip-flop clocked by clk_i)
Path Group: clk_i
Path Type: min

Fanout         Cap        Slew       Delay        Time   Description
---------------------------------------------------------------------------------------------
                                  0.000000    0.000000   clock clk_i (rise edge)
                                  0.000000    0.000000   clock source latency
     1    0.012602    0.047357    0.031520    0.031520 ^ clk_i (in)
                                                         clk_i (net)
                      0.047363    0.000000    0.031520 ^ clkbuf_0_clk_i/A (sky130_fd_sc_hd__clkbuf_16)
     2    0.019167    0.030660    0.088631    0.120151 ^ clkbuf_0_clk_i/X (sky130_fd_sc_hd__clkbuf_16)
                                                         clknet_0_clk_i (net)
                      0.030660    0.000292    0.120443 ^ clkbuf_1_1__f_clk_i/A (sky130_fd_sc_hd__clkbuf_16)
     4    0.012908    0.026455    0.079516    0.199959 ^ clkbuf_1_1__f_clk_i/X (sky130_fd_sc_hd__clkbuf_16)
                                                         clknet_1_1__leaf_clk_i (net)
                      0.026455    0.000333    0.200292 ^ _38_/CLK (sky130_fd_sc_hd__dfxtp_4)
     5    0.046029    0.103870    0.265142    0.465434 ^ _38_/Q (sky130_fd_sc_hd__dfxtp_4)
                                                         counter_val_o[6] (net)
                      0.103876    0.000873    0.466307 ^ _23_/A1 (sky130_fd_sc_hd__o21a_1)
     1    0.002706    0.027208    0.082497    0.548804 ^ _23_/X (sky130_fd_sc_hd__o21a_1)
                                                         _00_ (net)
                      0.027208    0.000032    0.548836 ^ _38_/D (sky130_fd_sc_hd__dfxtp_4)
                                              0.548836   data arrival time

                                  0.000000    0.000000   clock clk_i (rise edge)
                                  0.000000    0.000000   clock source latency
     1    0.012602    0.047357    0.031520    0.031520 ^ clk_i (in)
                                                         clk_i (net)
                      0.047363    0.000000    0.031520 ^ clkbuf_0_clk_i/A (sky130_fd_sc_hd__clkbuf_16)
     2    0.019167    0.030660    0.088631    0.120151 ^ clkbuf_0_clk_i/X (sky130_fd_sc_hd__clkbuf_16)
                                                         clknet_0_clk_i (net)
                      0.030660    0.000292    0.120443 ^ clkbuf_1_1__f_clk_i/A (sky130_fd_sc_hd__clkbuf_16)
     4    0.012908    0.026455    0.079516    0.199959 ^ clkbuf_1_1__f_clk_i/X (sky130_fd_sc_hd__clkbuf_16)
                                                         clknet_1_1__leaf_clk_i (net)
                      0.026455    0.000333    0.200292 ^ _38_/CLK (sky130_fd_sc_hd__dfxtp_4)
                                  0.100000    0.300292   clock uncertainty
                                  0.000000    0.300292   clock reconvergence pessimism
                                 -0.016043    0.284249   library hold time
                                              0.284249   data required time
---------------------------------------------------------------------------------------------
                                              0.284249   data required time
                                             -0.548836   data arrival time
---------------------------------------------------------------------------------------------
                                              0.264587   slack (MET)


Startpoint: _39_ (rising edge-triggered flip-flop clocked by clk_i)
Endpoint: _39_ (rising edge-triggered flip-flop clocked by clk_i)
Path Group: clk_i
Path Type: min

Fanout         Cap        Slew       Delay        Time   Description
---------------------------------------------------------------------------------------------
                                  0.000000    0.000000   clock clk_i (rise edge)
                                  0.000000    0.000000   clock source latency
     1    0.012602    0.047357    0.031520    0.031520 ^ clk_i (in)
                                                         clk_i (net)
                      0.047363    0.000000    0.031520 ^ clkbuf_0_clk_i/A (sky130_fd_sc_hd__clkbuf_16)
     2    0.019167    0.030660    0.088631    0.120151 ^ clkbuf_0_clk_i/X (sky130_fd_sc_hd__clkbuf_16)
                                                         clknet_0_clk_i (net)
                      0.030660    0.000292    0.120443 ^ clkbuf_1_1__f_clk_i/A (sky130_fd_sc_hd__clkbuf_16)
     4    0.012908    0.026455    0.079516    0.199959 ^ clkbuf_1_1__f_clk_i/X (sky130_fd_sc_hd__clkbuf_16)
                                                         clknet_1_1__leaf_clk_i (net)
                      0.026455    0.000345    0.200304 ^ _39_/CLK (sky130_fd_sc_hd__dfxtp_2)
     3    0.039423    0.070723    0.243178    0.443482 v _39_/Q (sky130_fd_sc_hd__dfxtp_2)
                                                         counter_val_o[7] (net)
                      0.070724    0.000259    0.443740 v _24_/B1 (sky130_fd_sc_hd__a21oi_1)
     1    0.003497    0.056848    0.070411    0.514151 ^ _24_/Y (sky130_fd_sc_hd__a21oi_1)
                                                         _12_ (net)
                      0.056848    0.000030    0.514181 ^ _26_/A (sky130_fd_sc_hd__nor2_1)
     1    0.002208    0.015231    0.027139    0.541320 v _26_/Y (sky130_fd_sc_hd__nor2_1)
                                                         _01_ (net)
                      0.015231    0.000020    0.541340 v _39_/D (sky130_fd_sc_hd__dfxtp_2)
                                              0.541340   data arrival time

                                  0.000000    0.000000   clock clk_i (rise edge)
                                  0.000000    0.000000   clock source latency
     1    0.012602    0.047357    0.031520    0.031520 ^ clk_i (in)
                                                         clk_i (net)
                      0.047363    0.000000    0.031520 ^ clkbuf_0_clk_i/A (sky130_fd_sc_hd__clkbuf_16)
     2    0.019167    0.030660    0.088631    0.120151 ^ clkbuf_0_clk_i/X (sky130_fd_sc_hd__clkbuf_16)
                                                         clknet_0_clk_i (net)
                      0.030660    0.000292    0.120443 ^ clkbuf_1_1__f_clk_i/A (sky130_fd_sc_hd__clkbuf_16)
     4    0.012908    0.026455    0.079516    0.199959 ^ clkbuf_1_1__f_clk_i/X (sky130_fd_sc_hd__clkbuf_16)
                                                         clknet_1_1__leaf_clk_i (net)
                      0.026455    0.000345    0.200304 ^ _39_/CLK (sky130_fd_sc_hd__dfxtp_2)
                                  0.100000    0.300304   clock uncertainty
                                  0.000000    0.300304   clock reconvergence pessimism
                                 -0.029859    0.270445   library hold time
                                              0.270445   data required time
---------------------------------------------------------------------------------------------
                                              0.270445   data required time
                                             -0.541340   data arrival time
---------------------------------------------------------------------------------------------
                                              0.270895   slack (MET)


Startpoint: _45_ (rising edge-triggered flip-flop clocked by clk_i)
Endpoint: _45_ (rising edge-triggered flip-flop clocked by clk_i)
Path Group: clk_i
Path Type: min

Fanout         Cap        Slew       Delay        Time   Description
---------------------------------------------------------------------------------------------
                                  0.000000    0.000000   clock clk_i (rise edge)
                                  0.000000    0.000000   clock source latency
     1    0.012602    0.047357    0.031520    0.031520 ^ clk_i (in)
                                                         clk_i (net)
                      0.047363    0.000000    0.031520 ^ clkbuf_0_clk_i/A (sky130_fd_sc_hd__clkbuf_16)
     2    0.019167    0.030660    0.088631    0.120151 ^ clkbuf_0_clk_i/X (sky130_fd_sc_hd__clkbuf_16)
                                                         clknet_0_clk_i (net)
                      0.030660    0.000292    0.120443 ^ clkbuf_1_1__f_clk_i/A (sky130_fd_sc_hd__clkbuf_16)
     4    0.012908    0.026455    0.079516    0.199959 ^ clkbuf_1_1__f_clk_i/X (sky130_fd_sc_hd__clkbuf_16)
                                                         clknet_1_1__leaf_clk_i (net)
                      0.026455    0.000277    0.200236 ^ _45_/CLK (sky130_fd_sc_hd__dfxtp_2)
     3    0.038485    0.069306    0.241977    0.442213 v _45_/Q (sky130_fd_sc_hd__dfxtp_2)
                                                         counter_val_o[5] (net)
                      0.069306    0.000223    0.442436 v _36_/B1 (sky130_fd_sc_hd__a21oi_1)
     1    0.004002    0.061439    0.073690    0.516126 ^ _36_/Y (sky130_fd_sc_hd__a21oi_1)
                                                         _18_ (net)
                      0.061439    0.000053    0.516179 ^ _37_/C (sky130_fd_sc_hd__nor3_1)
     1    0.002735    0.024185    0.028254    0.544434 v _37_/Y (sky130_fd_sc_hd__nor3_1)
                                                         _07_ (net)
                      0.024185    0.000031    0.544465 v _45_/D (sky130_fd_sc_hd__dfxtp_2)
                                              0.544465   data arrival time

                                  0.000000    0.000000   clock clk_i (rise edge)
                                  0.000000    0.000000   clock source latency
     1    0.012602    0.047357    0.031520    0.031520 ^ clk_i (in)
                                                         clk_i (net)
                      0.047363    0.000000    0.031520 ^ clkbuf_0_clk_i/A (sky130_fd_sc_hd__clkbuf_16)
     2    0.019167    0.030660    0.088631    0.120151 ^ clkbuf_0_clk_i/X (sky130_fd_sc_hd__clkbuf_16)
                                                         clknet_0_clk_i (net)
                      0.030660    0.000292    0.120443 ^ clkbuf_1_1__f_clk_i/A (sky130_fd_sc_hd__clkbuf_16)
     4    0.012908    0.026455    0.079516    0.199959 ^ clkbuf_1_1__f_clk_i/X (sky130_fd_sc_hd__clkbuf_16)
                                                         clknet_1_1__leaf_clk_i (net)
                      0.026455    0.000277    0.200236 ^ _45_/CLK (sky130_fd_sc_hd__dfxtp_2)
                                  0.100000    0.300236   clock uncertainty
                                  0.000000    0.300236   clock reconvergence pessimism
                                 -0.032838    0.267398   library hold time
                                              0.267398   data required time
---------------------------------------------------------------------------------------------
                                              0.267398   data required time
                                             -0.544465   data arrival time
---------------------------------------------------------------------------------------------
                                              0.277066   slack (MET)


Startpoint: _43_ (rising edge-triggered flip-flop clocked by clk_i)
Endpoint: _43_ (rising edge-triggered flip-flop clocked by clk_i)
Path Group: clk_i
Path Type: min

Fanout         Cap        Slew       Delay        Time   Description
---------------------------------------------------------------------------------------------
                                  0.000000    0.000000   clock clk_i (rise edge)
                                  0.000000    0.000000   clock source latency
     1    0.012602    0.047357    0.031520    0.031520 ^ clk_i (in)
                                                         clk_i (net)
                      0.047363    0.000000    0.031520 ^ clkbuf_0_clk_i/A (sky130_fd_sc_hd__clkbuf_16)
     2    0.019167    0.030660    0.088631    0.120151 ^ clkbuf_0_clk_i/X (sky130_fd_sc_hd__clkbuf_16)
                                                         clknet_0_clk_i (net)
                      0.030660    0.000270    0.120421 ^ clkbuf_1_0__f_clk_i/A (sky130_fd_sc_hd__clkbuf_16)
     5    0.015507    0.028173    0.081287    0.201707 ^ clkbuf_1_0__f_clk_i/X (sky130_fd_sc_hd__clkbuf_16)
                                                         clknet_1_0__leaf_clk_i (net)
                      0.028177    0.000393    0.202100 ^ _43_/CLK (sky130_fd_sc_hd__dfxtp_2)
     3    0.039143    0.150868    0.281126    0.483225 ^ _43_/Q (sky130_fd_sc_hd__dfxtp_2)
                                                         counter_val_o[3] (net)
                      0.150868    0.000283    0.483509 ^ _33_/A1 (sky130_fd_sc_hd__o21a_1)
     1    0.002977    0.029155    0.088253    0.571762 ^ _33_/X (sky130_fd_sc_hd__o21a_1)
                                                         _05_ (net)
                      0.029155    0.000038    0.571800 ^ _43_/D (sky130_fd_sc_hd__dfxtp_2)
                                              0.571800   data arrival time

                                  0.000000    0.000000   clock clk_i (rise edge)
                                  0.000000    0.000000   clock source latency
     1    0.012602    0.047357    0.031520    0.031520 ^ clk_i (in)
                                                         clk_i (net)
                      0.047363    0.000000    0.031520 ^ clkbuf_0_clk_i/A (sky130_fd_sc_hd__clkbuf_16)
     2    0.019167    0.030660    0.088631    0.120151 ^ clkbuf_0_clk_i/X (sky130_fd_sc_hd__clkbuf_16)
                                                         clknet_0_clk_i (net)
                      0.030660    0.000270    0.120421 ^ clkbuf_1_0__f_clk_i/A (sky130_fd_sc_hd__clkbuf_16)
     5    0.015507    0.028173    0.081287    0.201707 ^ clkbuf_1_0__f_clk_i/X (sky130_fd_sc_hd__clkbuf_16)
                                                         clknet_1_0__leaf_clk_i (net)
                      0.028177    0.000393    0.202100 ^ _43_/CLK (sky130_fd_sc_hd__dfxtp_2)
                                  0.100000    0.302100   clock uncertainty
                                  0.000000    0.302100   clock reconvergence pessimism
                                 -0.017237    0.284863   library hold time
                                              0.284863   data required time
---------------------------------------------------------------------------------------------
                                              0.284863   data required time
                                             -0.571800   data arrival time
---------------------------------------------------------------------------------------------
                                              0.286937   slack (MET)


Startpoint: _40_ (rising edge-triggered flip-flop clocked by clk_i)
Endpoint: _40_ (rising edge-triggered flip-flop clocked by clk_i)
Path Group: clk_i
Path Type: min

Fanout         Cap        Slew       Delay        Time   Description
---------------------------------------------------------------------------------------------
                                  0.000000    0.000000   clock clk_i (rise edge)
                                  0.000000    0.000000   clock source latency
     1    0.012602    0.047357    0.031520    0.031520 ^ clk_i (in)
                                                         clk_i (net)
                      0.047363    0.000000    0.031520 ^ clkbuf_0_clk_i/A (sky130_fd_sc_hd__clkbuf_16)
     2    0.019167    0.030660    0.088631    0.120151 ^ clkbuf_0_clk_i/X (sky130_fd_sc_hd__clkbuf_16)
                                                         clknet_0_clk_i (net)
                      0.030660    0.000270    0.120421 ^ clkbuf_1_0__f_clk_i/A (sky130_fd_sc_hd__clkbuf_16)
     5    0.015507    0.028173    0.081287    0.201707 ^ clkbuf_1_0__f_clk_i/X (sky130_fd_sc_hd__clkbuf_16)
                                                         clknet_1_0__leaf_clk_i (net)
                      0.028177    0.000396    0.202103 ^ _40_/CLK (sky130_fd_sc_hd__dfxtp_4)
     7    0.049930    0.060530    0.251457    0.453560 v _40_/Q (sky130_fd_sc_hd__dfxtp_4)
                                                         counter_val_o[0] (net)
                      0.060530    0.000198    0.453757 v hold1/A (sky130_fd_sc_hd__dlygate4sd3_1)
     1    0.002629    0.037394    0.370333    0.824090 v hold1/X (sky130_fd_sc_hd__dlygate4sd3_1)
                                                         net2 (net)
                      0.037394    0.000014    0.824104 v _27_/A (sky130_fd_sc_hd__nor2_1)
     1    0.002129    0.045849    0.061152    0.885256 ^ _27_/Y (sky130_fd_sc_hd__nor2_1)
                                                         _02_ (net)
                      0.045849    0.000019    0.885275 ^ _40_/D (sky130_fd_sc_hd__dfxtp_4)
                                              0.885275   data arrival time

                                  0.000000    0.000000   clock clk_i (rise edge)
                                  0.000000    0.000000   clock source latency
     1    0.012602    0.047357    0.031520    0.031520 ^ clk_i (in)
                                                         clk_i (net)
                      0.047363    0.000000    0.031520 ^ clkbuf_0_clk_i/A (sky130_fd_sc_hd__clkbuf_16)
     2    0.019167    0.030660    0.088631    0.120151 ^ clkbuf_0_clk_i/X (sky130_fd_sc_hd__clkbuf_16)
                                                         clknet_0_clk_i (net)
                      0.030660    0.000270    0.120421 ^ clkbuf_1_0__f_clk_i/A (sky130_fd_sc_hd__clkbuf_16)
     5    0.015507    0.028173    0.081287    0.201707 ^ clkbuf_1_0__f_clk_i/X (sky130_fd_sc_hd__clkbuf_16)
                                                         clknet_1_0__leaf_clk_i (net)
                      0.028177    0.000396    0.202103 ^ _40_/CLK (sky130_fd_sc_hd__dfxtp_4)
                                  0.100000    0.302103   clock uncertainty
                                  0.000000    0.302103   clock reconvergence pessimism
                                 -0.017375    0.284729   library hold time
                                              0.284729   data required time
---------------------------------------------------------------------------------------------
                                              0.284729   data required time
                                             -0.885275   data arrival time
---------------------------------------------------------------------------------------------
                                              0.600547   slack (MET)


Startpoint: _45_ (rising edge-triggered flip-flop clocked by clk_i)
Endpoint: counter_val_o[5] (output port clocked by clk_i)
Path Group: clk_i
Path Type: min

Fanout         Cap        Slew       Delay        Time   Description
---------------------------------------------------------------------------------------------
                                  0.000000    0.000000   clock clk_i (rise edge)
                                  0.000000    0.000000   clock source latency
     1    0.012602    0.047357    0.031520    0.031520 ^ clk_i (in)
                                                         clk_i (net)
                      0.047363    0.000000    0.031520 ^ clkbuf_0_clk_i/A (sky130_fd_sc_hd__clkbuf_16)
     2    0.019167    0.030660    0.088631    0.120151 ^ clkbuf_0_clk_i/X (sky130_fd_sc_hd__clkbuf_16)
                                                         clknet_0_clk_i (net)
                      0.030660    0.000292    0.120443 ^ clkbuf_1_1__f_clk_i/A (sky130_fd_sc_hd__clkbuf_16)
     4    0.012908    0.026455    0.079516    0.199959 ^ clkbuf_1_1__f_clk_i/X (sky130_fd_sc_hd__clkbuf_16)
                                                         clknet_1_1__leaf_clk_i (net)
                      0.026455    0.000277    0.200236 ^ _45_/CLK (sky130_fd_sc_hd__dfxtp_2)
     3    0.038485    0.069306    0.241977    0.442213 v _45_/Q (sky130_fd_sc_hd__dfxtp_2)
                                                         counter_val_o[5] (net)
                      0.069307    0.000313    0.442526 v counter_val_o[5] (out)
                                              0.442526   data arrival time

                                  0.000000    0.000000   clock clk_i (rise edge)
                                  0.000000    0.000000   clock network delay (propagated)
                                  0.100000    0.100000   clock uncertainty
                                  0.000000    0.100000   clock reconvergence pessimism
                                 -4.000000   -3.900000   output external delay
                                             -3.900000   data required time
---------------------------------------------------------------------------------------------
                                             -3.900000   data required time
                                             -0.442526   data arrival time
---------------------------------------------------------------------------------------------
                                              4.342526   slack (MET)


Startpoint: _39_ (rising edge-triggered flip-flop clocked by clk_i)
Endpoint: counter_val_o[7] (output port clocked by clk_i)
Path Group: clk_i
Path Type: min

Fanout         Cap        Slew       Delay        Time   Description
---------------------------------------------------------------------------------------------
                                  0.000000    0.000000   clock clk_i (rise edge)
                                  0.000000    0.000000   clock source latency
     1    0.012602    0.047357    0.031520    0.031520 ^ clk_i (in)
                                                         clk_i (net)
                      0.047363    0.000000    0.031520 ^ clkbuf_0_clk_i/A (sky130_fd_sc_hd__clkbuf_16)
     2    0.019167    0.030660    0.088631    0.120151 ^ clkbuf_0_clk_i/X (sky130_fd_sc_hd__clkbuf_16)
                                                         clknet_0_clk_i (net)
                      0.030660    0.000292    0.120443 ^ clkbuf_1_1__f_clk_i/A (sky130_fd_sc_hd__clkbuf_16)
     4    0.012908    0.026455    0.079516    0.199959 ^ clkbuf_1_1__f_clk_i/X (sky130_fd_sc_hd__clkbuf_16)
                                                         clknet_1_1__leaf_clk_i (net)
                      0.026455    0.000345    0.200304 ^ _39_/CLK (sky130_fd_sc_hd__dfxtp_2)
     3    0.039423    0.070723    0.243178    0.443482 v _39_/Q (sky130_fd_sc_hd__dfxtp_2)
                                                         counter_val_o[7] (net)
                      0.070724    0.000348    0.443829 v counter_val_o[7] (out)
                                              0.443829   data arrival time

                                  0.000000    0.000000   clock clk_i (rise edge)
                                  0.000000    0.000000   clock network delay (propagated)
                                  0.100000    0.100000   clock uncertainty
                                  0.000000    0.100000   clock reconvergence pessimism
                                 -4.000000   -3.900000   output external delay
                                             -3.900000   data required time
---------------------------------------------------------------------------------------------
                                             -3.900000   data required time
                                             -0.443829   data arrival time
---------------------------------------------------------------------------------------------
                                              4.343830   slack (MET)


Startpoint: _43_ (rising edge-triggered flip-flop clocked by clk_i)
Endpoint: counter_val_o[3] (output port clocked by clk_i)
Path Group: clk_i
Path Type: min

Fanout         Cap        Slew       Delay        Time   Description
---------------------------------------------------------------------------------------------
                                  0.000000    0.000000   clock clk_i (rise edge)
                                  0.000000    0.000000   clock source latency
     1    0.012602    0.047357    0.031520    0.031520 ^ clk_i (in)
                                                         clk_i (net)
                      0.047363    0.000000    0.031520 ^ clkbuf_0_clk_i/A (sky130_fd_sc_hd__clkbuf_16)
     2    0.019167    0.030660    0.088631    0.120151 ^ clkbuf_0_clk_i/X (sky130_fd_sc_hd__clkbuf_16)
                                                         clknet_0_clk_i (net)
                      0.030660    0.000270    0.120421 ^ clkbuf_1_0__f_clk_i/A (sky130_fd_sc_hd__clkbuf_16)
     5    0.015507    0.028173    0.081287    0.201707 ^ clkbuf_1_0__f_clk_i/X (sky130_fd_sc_hd__clkbuf_16)
                                                         clknet_1_0__leaf_clk_i (net)
                      0.028177    0.000393    0.202100 ^ _43_/CLK (sky130_fd_sc_hd__dfxtp_2)
     3    0.038813    0.069817    0.242886    0.444986 v _43_/Q (sky130_fd_sc_hd__dfxtp_2)
                                                         counter_val_o[3] (net)
                      0.069818    0.000356    0.445342 v counter_val_o[3] (out)
                                              0.445342   data arrival time

                                  0.000000    0.000000   clock clk_i (rise edge)
                                  0.000000    0.000000   clock network delay (propagated)
                                  0.100000    0.100000   clock uncertainty
                                  0.000000    0.100000   clock reconvergence pessimism
                                 -4.000000   -3.900000   output external delay
                                             -3.900000   data required time
---------------------------------------------------------------------------------------------
                                             -3.900000   data required time
                                             -0.445342   data arrival time
---------------------------------------------------------------------------------------------
                                              4.345343   slack (MET)


Startpoint: _42_ (rising edge-triggered flip-flop clocked by clk_i)
Endpoint: counter_val_o[2] (output port clocked by clk_i)
Path Group: clk_i
Path Type: min

Fanout         Cap        Slew       Delay        Time   Description
---------------------------------------------------------------------------------------------
                                  0.000000    0.000000   clock clk_i (rise edge)
                                  0.000000    0.000000   clock source latency
     1    0.012602    0.047357    0.031520    0.031520 ^ clk_i (in)
                                                         clk_i (net)
                      0.047363    0.000000    0.031520 ^ clkbuf_0_clk_i/A (sky130_fd_sc_hd__clkbuf_16)
     2    0.019167    0.030660    0.088631    0.120151 ^ clkbuf_0_clk_i/X (sky130_fd_sc_hd__clkbuf_16)
                                                         clknet_0_clk_i (net)
                      0.030660    0.000270    0.120421 ^ clkbuf_1_0__f_clk_i/A (sky130_fd_sc_hd__clkbuf_16)
     5    0.015507    0.028173    0.081287    0.201707 ^ clkbuf_1_0__f_clk_i/X (sky130_fd_sc_hd__clkbuf_16)
                                                         clknet_1_0__leaf_clk_i (net)
                      0.028177    0.000409    0.202116 ^ _42_/CLK (sky130_fd_sc_hd__dfxtp_4)
     4    0.041539    0.053526    0.244537    0.446653 v _42_/Q (sky130_fd_sc_hd__dfxtp_4)
                                                         counter_val_o[2] (net)
                      0.053532    0.000608    0.447261 v counter_val_o[2] (out)
                                              0.447261   data arrival time

                                  0.000000    0.000000   clock clk_i (rise edge)
                                  0.000000    0.000000   clock network delay (propagated)
                                  0.100000    0.100000   clock uncertainty
                                  0.000000    0.100000   clock reconvergence pessimism
                                 -4.000000   -3.900000   output external delay
                                             -3.900000   data required time
---------------------------------------------------------------------------------------------
                                             -3.900000   data required time
                                             -0.447261   data arrival time
---------------------------------------------------------------------------------------------
                                              4.347261   slack (MET)


Startpoint: _44_ (rising edge-triggered flip-flop clocked by clk_i)
Endpoint: counter_val_o[4] (output port clocked by clk_i)
Path Group: clk_i
Path Type: min

Fanout         Cap        Slew       Delay        Time   Description
---------------------------------------------------------------------------------------------
                                  0.000000    0.000000   clock clk_i (rise edge)
                                  0.000000    0.000000   clock source latency
     1    0.012602    0.047357    0.031520    0.031520 ^ clk_i (in)
                                                         clk_i (net)
                      0.047363    0.000000    0.031520 ^ clkbuf_0_clk_i/A (sky130_fd_sc_hd__clkbuf_16)
     2    0.019167    0.030660    0.088631    0.120151 ^ clkbuf_0_clk_i/X (sky130_fd_sc_hd__clkbuf_16)
                                                         clknet_0_clk_i (net)
                      0.030660    0.000292    0.120443 ^ clkbuf_1_1__f_clk_i/A (sky130_fd_sc_hd__clkbuf_16)
     4    0.012908    0.026455    0.079516    0.199959 ^ clkbuf_1_1__f_clk_i/X (sky130_fd_sc_hd__clkbuf_16)
                                                         clknet_1_1__leaf_clk_i (net)
                      0.026455    0.000282    0.200241 ^ _44_/CLK (sky130_fd_sc_hd__dfxtp_4)
     5    0.045388    0.056715    0.247192    0.447433 v _44_/Q (sky130_fd_sc_hd__dfxtp_4)
                                                         counter_val_o[4] (net)
                      0.056723    0.000680    0.448113 v counter_val_o[4] (out)
                                              0.448113   data arrival time

                                  0.000000    0.000000   clock clk_i (rise edge)
                                  0.000000    0.000000   clock network delay (propagated)
                                  0.100000    0.100000   clock uncertainty
                                  0.000000    0.100000   clock reconvergence pessimism
                                 -4.000000   -3.900000   output external delay
                                             -3.900000   data required time
---------------------------------------------------------------------------------------------
                                             -3.900000   data required time
                                             -0.448113   data arrival time
---------------------------------------------------------------------------------------------
                                              4.348114   slack (MET)


Startpoint: _38_ (rising edge-triggered flip-flop clocked by clk_i)
Endpoint: counter_val_o[6] (output port clocked by clk_i)
Path Group: clk_i
Path Type: min

Fanout         Cap        Slew       Delay        Time   Description
---------------------------------------------------------------------------------------------
                                  0.000000    0.000000   clock clk_i (rise edge)
                                  0.000000    0.000000   clock source latency
     1    0.012602    0.047357    0.031520    0.031520 ^ clk_i (in)
                                                         clk_i (net)
                      0.047363    0.000000    0.031520 ^ clkbuf_0_clk_i/A (sky130_fd_sc_hd__clkbuf_16)
     2    0.019167    0.030660    0.088631    0.120151 ^ clkbuf_0_clk_i/X (sky130_fd_sc_hd__clkbuf_16)
                                                         clknet_0_clk_i (net)
                      0.030660    0.000292    0.120443 ^ clkbuf_1_1__f_clk_i/A (sky130_fd_sc_hd__clkbuf_16)
     4    0.012908    0.026455    0.079516    0.199959 ^ clkbuf_1_1__f_clk_i/X (sky130_fd_sc_hd__clkbuf_16)
                                                         clknet_1_1__leaf_clk_i (net)
                      0.026455    0.000333    0.200292 ^ _38_/CLK (sky130_fd_sc_hd__dfxtp_4)
     5    0.045336    0.056854    0.246848    0.447140 v _38_/Q (sky130_fd_sc_hd__dfxtp_4)
                                                         counter_val_o[6] (net)
                      0.056881    0.001145    0.448285 v counter_val_o[6] (out)
                                              0.448285   data arrival time

                                  0.000000    0.000000   clock clk_i (rise edge)
                                  0.000000    0.000000   clock network delay (propagated)
                                  0.100000    0.100000   clock uncertainty
                                  0.000000    0.100000   clock reconvergence pessimism
                                 -4.000000   -3.900000   output external delay
                                             -3.900000   data required time
---------------------------------------------------------------------------------------------
                                             -3.900000   data required time
                                             -0.448285   data arrival time
---------------------------------------------------------------------------------------------
                                              4.348285   slack (MET)


Startpoint: _41_ (rising edge-triggered flip-flop clocked by clk_i)
Endpoint: counter_val_o[1] (output port clocked by clk_i)
Path Group: clk_i
Path Type: min

Fanout         Cap        Slew       Delay        Time   Description
---------------------------------------------------------------------------------------------
                                  0.000000    0.000000   clock clk_i (rise edge)
                                  0.000000    0.000000   clock source latency
     1    0.012602    0.047357    0.031520    0.031520 ^ clk_i (in)
                                                         clk_i (net)
                      0.047363    0.000000    0.031520 ^ clkbuf_0_clk_i/A (sky130_fd_sc_hd__clkbuf_16)
     2    0.019167    0.030660    0.088631    0.120151 ^ clkbuf_0_clk_i/X (sky130_fd_sc_hd__clkbuf_16)
                                                         clknet_0_clk_i (net)
                      0.030660    0.000270    0.120421 ^ clkbuf_1_0__f_clk_i/A (sky130_fd_sc_hd__clkbuf_16)
     5    0.015507    0.028173    0.081287    0.201707 ^ clkbuf_1_0__f_clk_i/X (sky130_fd_sc_hd__clkbuf_16)
                                                         clknet_1_0__leaf_clk_i (net)
                      0.028177    0.000413    0.202120 ^ _41_/CLK (sky130_fd_sc_hd__dfxtp_4)
     6    0.047303    0.058192    0.249484    0.451604 v _41_/Q (sky130_fd_sc_hd__dfxtp_4)
                                                         counter_val_o[1] (net)
                      0.058194    0.000375    0.451980 v counter_val_o[1] (out)
                                              0.451980   data arrival time

                                  0.000000    0.000000   clock clk_i (rise edge)
                                  0.000000    0.000000   clock network delay (propagated)
                                  0.100000    0.100000   clock uncertainty
                                  0.000000    0.100000   clock reconvergence pessimism
                                 -4.000000   -3.900000   output external delay
                                             -3.900000   data required time
---------------------------------------------------------------------------------------------
                                             -3.900000   data required time
                                             -0.451980   data arrival time
---------------------------------------------------------------------------------------------
                                              4.351979   slack (MET)


Startpoint: _40_ (rising edge-triggered flip-flop clocked by clk_i)
Endpoint: counter_val_o[0] (output port clocked by clk_i)
Path Group: clk_i
Path Type: min

Fanout         Cap        Slew       Delay        Time   Description
---------------------------------------------------------------------------------------------
                                  0.000000    0.000000   clock clk_i (rise edge)
                                  0.000000    0.000000   clock source latency
     1    0.012602    0.047357    0.031520    0.031520 ^ clk_i (in)
                                                         clk_i (net)
                      0.047363    0.000000    0.031520 ^ clkbuf_0_clk_i/A (sky130_fd_sc_hd__clkbuf_16)
     2    0.019167    0.030660    0.088631    0.120151 ^ clkbuf_0_clk_i/X (sky130_fd_sc_hd__clkbuf_16)
                                                         clknet_0_clk_i (net)
                      0.030660    0.000270    0.120421 ^ clkbuf_1_0__f_clk_i/A (sky130_fd_sc_hd__clkbuf_16)
     5    0.015507    0.028173    0.081287    0.201707 ^ clkbuf_1_0__f_clk_i/X (sky130_fd_sc_hd__clkbuf_16)
                                                         clknet_1_0__leaf_clk_i (net)
                      0.028177    0.000396    0.202103 ^ _40_/CLK (sky130_fd_sc_hd__dfxtp_4)
     7    0.049930    0.060530    0.251457    0.453560 v _40_/Q (sky130_fd_sc_hd__dfxtp_4)
                                                         counter_val_o[0] (net)
                      0.060538    0.000708    0.454268 v counter_val_o[0] (out)
                                              0.454268   data arrival time

                                  0.000000    0.000000   clock clk_i (rise edge)
                                  0.000000    0.000000   clock network delay (propagated)
                                  0.100000    0.100000   clock uncertainty
                                  0.000000    0.100000   clock reconvergence pessimism
                                 -4.000000   -3.900000   output external delay
                                             -3.900000   data required time
---------------------------------------------------------------------------------------------
                                             -3.900000   data required time
                                             -0.454268   data arrival time
---------------------------------------------------------------------------------------------
                                              4.354268   slack (MET)



