
===========================================================================
 report_power
============================================================================
======================= min_ff_n40C_1v95 Corner ===================================

Group                    Internal    Switching      Leakage        Total
                            Power        Power        Power        Power (Watts)
------------------------------------------------------------------------
Sequential           1.876788e-05 1.850014e-06 2.154724e-10 2.061810e-05  32.7%
Combinational        7.112438e-07 6.962918e-07 1.203730e-10 1.407656e-06   2.2%
Clock                3.190906e-05 9.046445e-06 1.367900e-08 4.096919e-05  65.0%
Macro                0.000000e+00 0.000000e+00 0.000000e+00 0.000000e+00   0.0%
Pad                  0.000000e+00 0.000000e+00 0.000000e+00 0.000000e+00   0.0%
------------------------------------------------------------------------
Total                5.138818e-05 1.159275e-05 1.401484e-08 6.299494e-05 100.0%
                            81.6%        18.4%         0.0%

