
===========================================================================
report_checks -unconstrained
===========================================================================
======================= nom_ss_100C_1v60 Corner ===================================

Startpoint: _40_ (rising edge-triggered flip-flop clocked by clk_i)
Endpoint: counter_val_o[0] (output port clocked by clk_i)
Path Group: clk_i
Path Type: max

Fanout         Cap        Slew       Delay        Time   Description
---------------------------------------------------------------------------------------------
                      0.150000    0.000000    0.000000   clock clk_i (rise edge)
                                  0.000000    0.000000   clock network delay (ideal)
                      0.150000    0.000000    0.000000 ^ _40_/CLK (sky130_fd_sc_hd__dfxtp_2)
     7    0.052493    0.425220    0.957371    0.957371 ^ _40_/Q (sky130_fd_sc_hd__dfxtp_2)
                                                         counter_val_o[0] (net)
                      0.425220    0.000000    0.957371 ^ counter_val_o[0] (out)
                                              0.957371   data arrival time

                      0.150000   20.000000   20.000000   clock clk_i (rise edge)
                                  0.000000   20.000000   clock network delay (ideal)
                                 -0.250000   19.750002   clock uncertainty
                                  0.000000   19.750002   clock reconvergence pessimism
                                 -4.000000   15.750001   output external delay
                                             15.750001   data required time
---------------------------------------------------------------------------------------------
                                             15.750001   data required time
                                             -0.957371   data arrival time
---------------------------------------------------------------------------------------------
                                             14.792630   slack (MET)




===========================================================================
report_checks --slack_max -0.01
============================================================================
======================= nom_ss_100C_1v60 Corner ===================================

No paths found.


===========================================================================
 report_check_types -max_slew -max_cap -max_fanout -violators
============================================================================
======================= nom_ss_100C_1v60 Corner ===================================



===========================================================================
report_parasitic_annotation -report_unannotated
============================================================================
Found 29 unannotated drivers.
 clk_i
 rst_i
 _19_/X
 _20_/X
 _21_/X
 _22_/Y
 _23_/X
 _24_/Y
 _25_/X
 _26_/Y
 _27_/Y
 _28_/Y
 _29_/X
 _30_/Y
 _31_/Y
 _32_/Y
 _33_/X
 _34_/Y
 _35_/X
 _36_/Y
 _37_/Y
 _38_/Q
 _39_/Q
 _40_/Q
 _41_/Q
 _42_/Q
 _43_/Q
 _44_/Q
 _45_/Q
Found 0 partially unannotated drivers.

===========================================================================
max slew violation count 0
max fanout violation count 0
max cap violation count 0
============================================================================

===========================================================================
check_setup -verbose -unconstrained_endpoints -multiple_clock -no_clock -no_input_delay -loops -generated_clocks
===========================================================================
